Archive member included to satisfy reference by file (symbol)

/home/waqar/RIOT/examples/test/bin/arduino-mega2560/application_main.a(main.o)
                              /usr/lib/gcc/avr/4.9.2/../../../avr/lib/avr6/crtatmega2560.o (main)
/home/waqar/RIOT/examples/test/bin/arduino-mega2560/boards_common_atmega.a(board.o)
                              /home/waqar/RIOT/examples/test/bin/arduino-mega2560/cpu/startup.o (board_init)
/home/waqar/RIOT/examples/test/bin/arduino-mega2560/core.a(mutex.o)
                              /home/waqar/RIOT/examples/test/bin/arduino-mega2560/application_main.a(main.o) (_mutex_lock)
/home/waqar/RIOT/examples/test/bin/arduino-mega2560/core.a(sched.o)
                              /home/waqar/RIOT/examples/test/bin/arduino-mega2560/core.a(mutex.o) (sched_active_thread)
/home/waqar/RIOT/examples/test/bin/arduino-mega2560/core.a(kernel_init.o)
                              /home/waqar/RIOT/examples/test/bin/arduino-mega2560/cpu/startup.o (kernel_init)
/home/waqar/RIOT/examples/test/bin/arduino-mega2560/core.a(thread.o)
                              /home/waqar/RIOT/examples/test/bin/arduino-mega2560/core.a(mutex.o) (thread_add_to_list)
/home/waqar/RIOT/examples/test/bin/arduino-mega2560/core.a(panic.o)
                              /home/waqar/RIOT/examples/test/bin/arduino-mega2560/core.a(thread.o) (core_panic)
/home/waqar/RIOT/examples/test/bin/arduino-mega2560/cpu.a(cpu.o)
                              /home/waqar/RIOT/examples/test/bin/arduino-mega2560/boards_common_atmega.a(board.o) (cpu_init)
/home/waqar/RIOT/examples/test/bin/arduino-mega2560/xtimer.a(xtimer.o)
                              /home/waqar/RIOT/examples/test/bin/arduino-mega2560/application_main.a(main.o) (_xtimer_tsleep)
/home/waqar/RIOT/examples/test/bin/arduino-mega2560/xtimer.a(xtimer_core.o)
                              /home/waqar/RIOT/examples/test/bin/arduino-mega2560/xtimer.a(xtimer.o) (_xtimer_high_cnt)
/home/waqar/RIOT/examples/test/bin/arduino-mega2560/periph_common.a(init.o)
                              /home/waqar/RIOT/examples/test/bin/arduino-mega2560/cpu.a(cpu.o) (periph_init)
/home/waqar/RIOT/examples/test/bin/arduino-mega2560/periph_common.a(pm.o)
                              /home/waqar/RIOT/examples/test/bin/arduino-mega2560/core.a(panic.o) (pm_off)
/home/waqar/RIOT/examples/test/bin/arduino-mega2560/atmega_common.a(atmega_stdio.o)
                              /home/waqar/RIOT/examples/test/bin/arduino-mega2560/boards_common_atmega.a(board.o) (atmega_stdio_init)
/home/waqar/RIOT/examples/test/bin/arduino-mega2560/atmega_common.a(irq_arch.o)
                              /home/waqar/RIOT/examples/test/bin/arduino-mega2560/core.a(mutex.o) (irq_disable)
/home/waqar/RIOT/examples/test/bin/arduino-mega2560/atmega_common.a(thread_arch.o)
                              /home/waqar/RIOT/examples/test/bin/arduino-mega2560/core.a(thread.o) (thread_stack_init)
/home/waqar/RIOT/examples/test/bin/arduino-mega2560/atmega_common_periph.a(timer.o)
                              /home/waqar/RIOT/examples/test/bin/arduino-mega2560/xtimer.a(xtimer_core.o) (timer_init)
/home/waqar/RIOT/examples/test/bin/arduino-mega2560/auto_init.a(auto_init.o)
                              /home/waqar/RIOT/examples/test/bin/arduino-mega2560/core.a(kernel_init.o) (auto_init)
/home/waqar/RIOT/examples/test/bin/arduino-mega2560/boards_common_arduino-atmega.a(led_init.o)
                              /home/waqar/RIOT/examples/test/bin/arduino-mega2560/boards_common_atmega.a(board.o) (led_init)
/home/waqar/RIOT/examples/test/bin/arduino-mega2560/core.a(msg.o)
                              /home/waqar/RIOT/examples/test/bin/arduino-mega2560/xtimer.a(xtimer.o) (msg_send_int)
/home/waqar/RIOT/examples/test/bin/arduino-mega2560/div.a(div.o)
                              /home/waqar/RIOT/examples/test/bin/arduino-mega2560/xtimer.a(xtimer.o) (_div_mulhi64)
/home/waqar/RIOT/examples/test/bin/arduino-mega2560/uart_stdio.a(uart_stdio.o)
                              /home/waqar/RIOT/examples/test/bin/arduino-mega2560/atmega_common.a(atmega_stdio.o) (uart_stdio_init)
/home/waqar/RIOT/examples/test/bin/arduino-mega2560/atmega_common_periph.a(uart.o)
                              /home/waqar/RIOT/examples/test/bin/arduino-mega2560/uart_stdio.a(uart_stdio.o) (uart_init)
/home/waqar/RIOT/examples/test/bin/arduino-mega2560/atmega_common_periph.a(gpio.o)
                              /home/waqar/RIOT/examples/test/bin/arduino-mega2560/boards_common_arduino-atmega.a(led_init.o) (gpio_init)
/home/waqar/RIOT/examples/test/bin/arduino-mega2560/isrpipe.a(isrpipe.o)
                              /home/waqar/RIOT/examples/test/bin/arduino-mega2560/uart_stdio.a(uart_stdio.o) (isrpipe_write_one)
/home/waqar/RIOT/examples/test/bin/arduino-mega2560/tsrb.a(tsrb.o)
                              /home/waqar/RIOT/examples/test/bin/arduino-mega2560/isrpipe.a(isrpipe.o) (tsrb_get)
/usr/lib/gcc/avr/4.9.2/avr6/libgcc.a(_mulsi3.o)
[...]
Memory Configuration

Name             Origin             Length             Attributes
text             0x0000000000000000 0x0000000000100000 xr
data             0x0000000000800200 0x000000000000fe00 rw !x
eeprom           0x0000000000810000 0x0000000000010000 rw !x
fuse             0x0000000000820000 0x0000000000000400 rw !x
lock             0x0000000000830000 0x0000000000000400 rw !x
signature        0x0000000000840000 0x0000000000000400 rw !x
user_signatures  0x0000000000850000 0x0000000000000400 rw !x
*default*        0x0000000000000000 0xffffffffffffffff

Linker script and memory map

Address of section .data set to 0x800200
LOAD /usr/lib/gcc/avr/4.9.2/../../../avr/lib/avr6/crtatmega2560.o
LOAD /home/waqar/RIOT/examples/test/bin/arduino-mega2560/cpu/startup.o
START GROUP
LOAD /home/waqar/RIOT/examples/test/bin/arduino-mega2560/application_main.a
LOAD /home/waqar/RIOT/examples/test/bin/arduino-mega2560/atmega_common.a
LOAD /home/waqar/RIOT/examples/test/bin/arduino-mega2560/atmega_common_periph.a
LOAD /home/waqar/RIOT/examples/test/bin/arduino-mega2560/auto_init.a
LOAD /home/waqar/RIOT/examples/test/bin/arduino-mega2560/board.a
LOAD /home/waqar/RIOT/examples/test/bin/arduino-mega2560/boards_common_arduino-atmega.a
LOAD /home/waqar/RIOT/examples/test/bin/arduino-mega2560/boards_common_atmega.a
LOAD /home/waqar/RIOT/examples/test/bin/arduino-mega2560/core.a
LOAD /home/waqar/RIOT/examples/test/bin/arduino-mega2560/cpu.a
LOAD /home/waqar/RIOT/examples/test/bin/arduino-mega2560/div.a
LOAD /home/waqar/RIOT/examples/test/bin/arduino-mega2560/isrpipe.a
LOAD /home/waqar/RIOT/examples/test/bin/arduino-mega2560/posix.a
LOAD /home/waqar/RIOT/examples/test/bin/arduino-mega2560/shell.a
LOAD /home/waqar/RIOT/examples/test/bin/arduino-mega2560/sys.a
LOAD /home/waqar/RIOT/examples/test/bin/arduino-mega2560/tsrb.a
LOAD /home/waqar/RIOT/examples/test/bin/arduino-mega2560/uart_stdio.a
LOAD /home/waqar/RIOT/examples/test/bin/arduino-mega2560/xtimer.a
LOAD /home/waqar/RIOT/examples/test/bin/arduino-mega2560/periph_common.a
LOAD /usr/lib/gcc/avr/4.9.2/../../../avr/lib/avr6/libm.a
END GROUP
LOAD /usr/lib/gcc/avr/4.9.2/avr6/libgcc.a
START GROUP
LOAD /usr/lib/gcc/avr/4.9.2/avr6/libgcc.a
LOAD /usr/lib/gcc/avr/4.9.2/../../../avr/lib/avr6/libm.a
LOAD /usr/lib/gcc/avr/4.9.2/../../../avr/lib/avr6/libc.a
LOAD /usr/lib/gcc/avr/4.9.2/../../../avr/lib/avr6/libatmega2560.a
END GROUP

.hash
 *(.hash)

.dynsym
 *(.dynsym)

.dynstr
 *(.dynstr)

.gnu.version
 *(.gnu.version)

.gnu.version_d
 *(.gnu.version_d)

.gnu.version_r
 *(.gnu.version_r)

.rel.init
 *(.rel.init)

.rela.init
 *(.rela.init)

.rel.text
 *(.rel.text)
 *(.rel.text.*)
 *(.rel.gnu.linkonce.t*)

.rela.text
 *(.rela.text)
 *(.rela.text.*)
 *(.rela.gnu.linkonce.t*)

.rel.fini
 *(.rel.fini)

.rela.fini
 *(.rela.fini)

.rel.rodata
 *(.rel.rodata)
 *(.rel.rodata.*)
 *(.rel.gnu.linkonce.r*)

.rela.rodata
 *(.rela.rodata)
 *(.rela.rodata.*)
 *(.rela.gnu.linkonce.r*)

.rel.data
 *(.rel.data)
 *(.rel.data.*)
 *(.rel.gnu.linkonce.d*)

.rela.data
 *(.rela.data)
 *(.rela.data.*)
 *(.rela.gnu.linkonce.d*)

.rel.ctors
 *(.rel.ctors)

.rela.ctors
 *(.rela.ctors)

.rel.dtors
 *(.rel.dtors)

.rela.dtors
 *(.rela.dtors)

.rel.got
 *(.rel.got)

.rela.got
 *(.rela.got)

.rel.bss
 *(.rel.bss)

.rela.bss
 *(.rela.bss)

.rel.plt
 *(.rel.plt)

.rela.plt
 *(.rela.plt)

.text           0x0000000000000000     0x26c6
 *(.vectors)
 .vectors       0x0000000000000000       0xe4 /usr/lib/gcc/avr/4.9.2/../../../avr/lib/avr6/crtatmega2560.o
                0x0000000000000000                __vectors
                0x0000000000000000                __vector_default
 *(.vectors)
 *(.progmem.gcc*)
                0x00000000000000e4                . = ALIGN (0x2)
                0x00000000000000e4                __trampolines_start = .
 *(.trampolines)
 .trampolines   0x00000000000000e4       0x2c linker stubs
 *(.trampolines*)
                0x0000000000000110                __trampolines_end = .
 *(.progmem*)
                0x0000000000000110                . = ALIGN (0x2)
 *(.jumptables)
 *(.jumptables*)
 *(.lowtext)
 *(.lowtext*)
                0x0000000000000110                __ctors_start = .
 *(.ctors)
                0x0000000000000110                __ctors_end = .
                0x0000000000000110                __dtors_start = .
 *(.dtors)
                0x0000000000000110                __dtors_end = .
 SORT(*)(.ctors)
 SORT(*)(.dtors)
 *(.init0)
 .init0         0x0000000000000110        0x0 /usr/lib/gcc/avr/4.9.2/../../../avr/lib/avr6/crtatmega2560.o
                0x0000000000000110                __init
 *(.init0)
 *(.init1)
 *(.init1)
 *(.init2)
 .init2         0x0000000000000110       0x10 /usr/lib/gcc/avr/4.9.2/../../../avr/lib/avr6/crtatmega2560.o
 *(.init2)
 *(.init3)
 *(.init3)
 *(.init4)
 .init4         0x0000000000000120       0x1a /usr/lib/gcc/avr/4.9.2/avr6/libgcc.a(_copy_data.o)
                0x0000000000000120                __do_copy_data
 .init4         0x000000000000013a       0x10 /usr/lib/gcc/avr/4.9.2/avr6/libgcc.a(_clear_bss.o)
                0x000000000000013a                __do_clear_bss
 *(.init4)
 *(.init5)
 *(.init5)
 *(.init6)
 *(.init6)
 *(.init7)
 .init7         0x000000000000014a        0x4 /home/waqar/RIOT/examples/test/bin/arduino-mega2560/cpu/startup.o
                0x000000000000014a                init7_ovr
 *(.init7)
 *(.init8)
 .init8         0x000000000000014e        0x4 /home/waqar/RIOT/examples/test/bin/arduino-mega2560/cpu/startup.o
                0x000000000000014e                init8_ovr
 *(.init8)
 *(.init9)
 .init9         0x0000000000000152        0x8 /usr/lib/gcc/avr/4.9.2/../../../avr/lib/avr6/crtatmega2560.o
 *(.init9)
 *(.text)
 .text          0x000000000000015a        0x4 /usr/lib/gcc/avr/4.9.2/../../../avr/lib/avr6/crtatmega2560.o
                0x000000000000015a                __vector_38
                0x000000000000015a                __vector_22
                0x000000000000015a                __vector_28
                0x000000000000015a                __vector_32
                0x000000000000015a                __vector_34
                0x000000000000015a                __vector_24
                0x000000000000015a                __vector_12
                0x000000000000015a                __vector_55
                0x000000000000015a                __vector_46
                0x000000000000015a                __bad_interrupt
                0x000000000000015a                __vector_31
                0x000000000000015a                __vector_35
                0x000000000000015a                __vector_39
                0x000000000000015a                __vector_23
                0x000000000000015a                __vector_30
                0x000000000000015a                __vector_45
                0x000000000000015a                __vector_11
                0x000000000000015a                __vector_13
                0x000000000000015a                __vector_56
                0x000000000000015a                __vector_49
                0x000000000000015a                __vector_41
                0x000000000000015a                __vector_27
                0x000000000000015a                __vector_33
                0x000000000000015a                __vector_47
                0x000000000000015a                __vector_52
                0x000000000000015a                __vector_37
                0x000000000000015a                __vector_9
                0x000000000000015a                __vector_21
                0x000000000000015a                __vector_15
                0x000000000000015a                __vector_29
                0x000000000000015a                __vector_40
                0x000000000000015a                __vector_26
                0x000000000000015a                __vector_48
                0x000000000000015a                __vector_14
                0x000000000000015a                __vector_53
                0x000000000000015a                __vector_50
                0x000000000000015a                __vector_16
                0x000000000000015a                __vector_20
                0x000000000000015e                . = ALIGN (0x2)
 *(.text.*)
 .text.reset_handler
                0x000000000000015e        0x8 /home/waqar/RIOT/examples/test/bin/arduino-mega2560/cpu/startup.o
                0x000000000000015e                reset_handler
 .text.AND_Output
                0x0000000000000166       0x48 /home/waqar/RIOT/examples/test/bin/arduino-mega2560/application_main.a(main.o)
                0x0000000000000166                AND_Output
 .text.AND_Inputs
                0x00000000000001ae       0x3c /home/waqar/RIOT/examples/test/bin/arduino-mega2560/application_main.a(main.o)
                0x00000000000001ae                AND_Inputs
 .text.AND_Process
                0x00000000000001ea       0x44 /home/waqar/RIOT/examples/test/bin/arduino-mega2560/application_main.a(main.o)
                0x00000000000001ea                AND_Process
 .text.startup.main
                0x000000000000022e       0x70 /home/waqar/RIOT/examples/test/bin/arduino-mega2560/application_main.a(main.o)
                0x000000000000022e                main
 .text.board_init
                0x000000000000029e       0x10 /home/waqar/RIOT/examples/test/bin/arduino-mega2560/boards_common_atmega.a(board.o)
                0x000000000000029e                board_init
 .text._mutex_lock
                0x00000000000002ae       0x8c /home/waqar/RIOT/examples/test/bin/arduino-mega2560/core.a(mutex.o)
                0x00000000000002ae                _mutex_lock
 .text.mutex_unlock
                0x000000000000033a       0x84 /home/waqar/RIOT/examples/test/bin/arduino-mega2560/core.a(mutex.o)
                0x000000000000033a                mutex_unlock
 .text.sched_run
                0x00000000000003be       0x7e /home/waqar/RIOT/examples/test/bin/arduino-mega2560/core.a(sched.o)
                0x00000000000003be                sched_run
 .text.sched_set_status
                0x000000000000043c      0x124 /home/waqar/RIOT/examples/test/bin/arduino-mega2560/core.a(sched.o)
                0x000000000000043c                sched_set_status
 .text.sched_switch
                0x0000000000000560       0x34 /home/waqar/RIOT/examples/test/bin/arduino-mega2560/core.a(sched.o)
                0x0000000000000560                sched_switch
 .text.sched_task_exit
                0x0000000000000594       0x46 /home/waqar/RIOT/examples/test/bin/arduino-mega2560/core.a(sched.o)
                0x0000000000000594                sched_task_exit
 .text.main_trampoline
                0x00000000000005da       0x1e /home/waqar/RIOT/examples/test/bin/arduino-mega2560/core.a(kernel_init.o)
 .text.idle_thread
                0x00000000000005f8        0x6 /home/waqar/RIOT/examples/test/bin/arduino-mega2560/core.a(kernel_init.o)
 .text.kernel_init
                0x00000000000005fe       0x48 /home/waqar/RIOT/examples/test/bin/arduino-mega2560/core.a(kernel_init.o)
                0x00000000000005fe                kernel_init
 .text.thread_yield
                0x0000000000000646       0x36 /home/waqar/RIOT/examples/test/bin/arduino-mega2560/core.a(thread.o)
                0x0000000000000646                thread_yield
 .text.thread_add_to_list
                0x000000000000067c       0x42 /home/waqar/RIOT/examples/test/bin/arduino-mega2560/core.a(thread.o)
                0x000000000000067c                thread_add_to_list
 .text.thread_create
                0x00000000000006be      0x182 /home/waqar/RIOT/examples/test/bin/arduino-mega2560/core.a(thread.o)
                0x00000000000006be                thread_create
 .text.panic_arch
                0x0000000000000840        0x2 /home/waqar/RIOT/examples/test/bin/arduino-mega2560/core.a(panic.o)
                0x0000000000000840                panic_arch
 .text.core_panic
                0x0000000000000842       0x88 /home/waqar/RIOT/examples/test/bin/arduino-mega2560/core.a(panic.o)
                0x0000000000000842                core_panic
 .text.cpu_init
                0x00000000000008ca        0x4 /home/waqar/RIOT/examples/test/bin/arduino-mega2560/cpu.a(cpu.o)
                0x00000000000008ca                cpu_init
 .text._callback_unlock_mutex
                0x00000000000008ce        0x4 /home/waqar/RIOT/examples/test/bin/arduino-mega2560/xtimer.a(xtimer.o)
 .text._xtimer_spin
                0x00000000000008d2       0x5a /home/waqar/RIOT/examples/test/bin/arduino-mega2560/xtimer.a(xtimer.o)
 .text._xtimer_tsleep
                0x000000000000092c       0xda /home/waqar/RIOT/examples/test/bin/arduino-mega2560/xtimer.a(xtimer.o)
                0x000000000000092c                _xtimer_tsleep
 .text._xtimer_lltimer_now
                0x0000000000000a06       0x10 /home/waqar/RIOT/examples/test/bin/arduino-mega2560/xtimer.a(xtimer_core.o)
 .text._xtimer_now
                0x0000000000000a16       0x50 /home/waqar/RIOT/examples/test/bin/arduino-mega2560/xtimer.a(xtimer_core.o)
 .text._lltimer_set
                0x0000000000000a66       0x1c /home/waqar/RIOT/examples/test/bin/arduino-mega2560/xtimer.a(xtimer_core.o)
 .text._add_timer_to_long_list.constprop.3
                0x0000000000000a82       0x7e /home/waqar/RIOT/examples/test/bin/arduino-mega2560/xtimer.a(xtimer_core.o)
 .text._next_period
                0x0000000000000b00      0x1a6 /home/waqar/RIOT/examples/test/bin/arduino-mega2560/xtimer.a(xtimer_core.o)
 .text._periph_timer_callback
                0x0000000000000ca6      0x1b8 /home/waqar/RIOT/examples/test/bin/arduino-mega2560/xtimer.a(xtimer_core.o)
 .text._remove  0x0000000000000e5e       0x96 /home/waqar/RIOT/examples/test/bin/arduino-mega2560/xtimer.a(xtimer_core.o)
 .text.xtimer_init
                0x0000000000000ef4       0x2a /home/waqar/RIOT/examples/test/bin/arduino-mega2560/xtimer.a(xtimer_core.o)
                0x0000000000000ef4                xtimer_init
 .text._xtimer_set_absolute
                0x0000000000000f1e      0x1d8 /home/waqar/RIOT/examples/test/bin/arduino-mega2560/xtimer.a(xtimer_core.o)
                0x0000000000000f1e                _xtimer_set_absolute
 .text.xtimer_remove
                0x00000000000010f6       0x46 /home/waqar/RIOT/examples/test/bin/arduino-mega2560/xtimer.a(xtimer_core.o)
                0x00000000000010f6                xtimer_remove
 .text._xtimer_set
                0x000000000000113c       0xba /home/waqar/RIOT/examples/test/bin/arduino-mega2560/xtimer.a(xtimer_core.o)
                0x000000000000113c                _xtimer_set
 .text._xtimer_set64
                0x00000000000011f6      0x152 /home/waqar/RIOT/examples/test/bin/arduino-mega2560/xtimer.a(xtimer_core.o)
                0x00000000000011f6                _xtimer_set64
 .text.periph_init
                0x0000000000001348        0x2 /home/waqar/RIOT/examples/test/bin/arduino-mega2560/periph_common.a(init.o)
                0x0000000000001348                periph_init
 .text.pm_off   0x000000000000134a        0x6 /home/waqar/RIOT/examples/test/bin/arduino-mega2560/periph_common.a(pm.o)
                0x000000000000134a                pm_off
 .text.pm_set_lowest
                0x0000000000001350        0x2 /home/waqar/RIOT/examples/test/bin/arduino-mega2560/periph_common.a(pm.o)
                0x0000000000001350                pm_set_lowest
 .text._uart_getchar
                0x0000000000001352       0x26 /home/waqar/RIOT/examples/test/bin/arduino-mega2560/atmega_common.a(atmega_stdio.o)
 .text._uart_putchar
                0x0000000000001378       0x24 /home/waqar/RIOT/examples/test/bin/arduino-mega2560/atmega_common.a(atmega_stdio.o)
 .text.atmega_stdio_init
                0x000000000000139c       0x20 /home/waqar/RIOT/examples/test/bin/arduino-mega2560/atmega_common.a(atmega_stdio.o)
                0x000000000000139c                atmega_stdio_init
 .text.irq_disable
                0x00000000000013bc        0xc /home/waqar/RIOT/examples/test/bin/arduino-mega2560/atmega_common.a(irq_arch.o)
                0x00000000000013bc                irq_disable
 .text.irq_enable
                0x00000000000013c8        0xc /home/waqar/RIOT/examples/test/bin/arduino-mega2560/atmega_common.a(irq_arch.o)
                0x00000000000013c8                irq_enable
 .text.irq_restore
                0x00000000000013d4       0x14 /home/waqar/RIOT/examples/test/bin/arduino-mega2560/atmega_common.a(irq_arch.o)
                0x00000000000013d4                irq_restore
 .text.irq_is_in
                0x00000000000013e8        0x8 /home/waqar/RIOT/examples/test/bin/arduino-mega2560/atmega_common.a(irq_arch.o)
                0x00000000000013e8                irq_is_in
 .text.__enter_thread_mode
                0x00000000000013f0       0x62 /home/waqar/RIOT/examples/test/bin/arduino-mega2560/atmega_common.a(thread_arch.o)
 .text.thread_stack_init
                0x0000000000001452       0x6a /home/waqar/RIOT/examples/test/bin/arduino-mega2560/atmega_common.a(thread_arch.o)
                0x0000000000001452                thread_stack_init
 .text.cpu_switch_context_exit
                0x00000000000014bc       0x26 /home/waqar/RIOT/examples/test/bin/arduino-mega2560/atmega_common.a(thread_arch.o)
                0x00000000000014bc                cpu_switch_context_exit
 .text.thread_yield_higher
                0x00000000000014e2        0xe /home/waqar/RIOT/examples/test/bin/arduino-mega2560/atmega_common.a(thread_arch.o)
                0x00000000000014e2                thread_yield_higher
 .text.__vector_10
                0x00000000000014f0       0xc2 /home/waqar/RIOT/examples/test/bin/arduino-mega2560/atmega_common.a(thread_arch.o)
                0x00000000000014f0                __vector_10
 .text._isr     0x00000000000015b2       0x64 /home/waqar/RIOT/examples/test/bin/arduino-mega2560/atmega_common_periph.a(timer.o)
 .text.timer_init
                0x0000000000001616       0xa8 /home/waqar/RIOT/examples/test/bin/arduino-mega2560/atmega_common_periph.a(timer.o)
                0x0000000000001616                timer_init
 .text.timer_set_absolute
                0x00000000000016be       0x62 /home/waqar/RIOT/examples/test/bin/arduino-mega2560/atmega_common_periph.a(timer.o)
                0x00000000000016be                timer_set_absolute
 .text.timer_read
                0x0000000000001720       0x20 /home/waqar/RIOT/examples/test/bin/arduino-mega2560/atmega_common_periph.a(timer.o)
                0x0000000000001720                timer_read
 .text.__vector_17
                0x0000000000001740       0x58 /home/waqar/RIOT/examples/test/bin/arduino-mega2560/atmega_common_periph.a(timer.o)
                0x0000000000001740                __vector_17
 .text.__vector_18
                0x0000000000001798       0x58 /home/waqar/RIOT/examples/test/bin/arduino-mega2560/atmega_common_periph.a(timer.o)
                0x0000000000001798                __vector_18
 .text.__vector_19
                0x00000000000017f0       0x58 /home/waqar/RIOT/examples/test/bin/arduino-mega2560/atmega_common_periph.a(timer.o)
                0x00000000000017f0                __vector_19
 .text.__vector_42
                0x0000000000001848       0x58 /home/waqar/RIOT/examples/test/bin/arduino-mega2560/atmega_common_periph.a(timer.o)
                0x0000000000001848                __vector_42
 .text.__vector_43
                0x00000000000018a0       0x58 /home/waqar/RIOT/examples/test/bin/arduino-mega2560/atmega_common_periph.a(timer.o)
                0x00000000000018a0                __vector_43
 .text.__vector_44
                0x00000000000018f8       0x58 /home/waqar/RIOT/examples/test/bin/arduino-mega2560/atmega_common_periph.a(timer.o)
                0x00000000000018f8                __vector_44
 .text.auto_init
                0x0000000000001950        0x4 /home/waqar/RIOT/examples/test/bin/arduino-mega2560/auto_init.a(auto_init.o)
                0x0000000000001950                auto_init
 .text.led_init
                0x0000000000001954        0xe /home/waqar/RIOT/examples/test/bin/arduino-mega2560/boards_common_arduino-atmega.a(led_init.o)
                0x0000000000001954                led_init
 .text.uart_stdio_init
                0x0000000000001962       0x22 /home/waqar/RIOT/examples/test/bin/arduino-mega2560/uart_stdio.a(uart_stdio.o)
                0x0000000000001962                uart_stdio_init
 .text.uart_stdio_read
                0x0000000000001984        0xc /home/waqar/RIOT/examples/test/bin/arduino-mega2560/uart_stdio.a(uart_stdio.o)
                0x0000000000001984                uart_stdio_read
 .text.uart_stdio_write
                0x0000000000001990       0x1a /home/waqar/RIOT/examples/test/bin/arduino-mega2560/uart_stdio.a(uart_stdio.o)
                0x0000000000001990                uart_stdio_write
 .text.isr_handler
                0x00000000000019aa       0x42 /home/waqar/RIOT/examples/test/bin/arduino-mega2560/atmega_common_periph.a(uart.o)
 .text.uart_init
                0x00000000000019ec       0xa0 /home/waqar/RIOT/examples/test/bin/arduino-mega2560/atmega_common_periph.a(uart.o)
                0x00000000000019ec                uart_init
 .text.uart_write
                0x0000000000001a8c       0x32 /home/waqar/RIOT/examples/test/bin/arduino-mega2560/atmega_common_periph.a(uart.o)
                0x0000000000001a8c                uart_write
 .text.__vector_25
                0x0000000000001abe       0x5e /home/waqar/RIOT/examples/test/bin/arduino-mega2560/atmega_common_periph.a(uart.o)
                0x0000000000001abe                __vector_25
 .text.__vector_36
                0x0000000000001b1c       0x5e /home/waqar/RIOT/examples/test/bin/arduino-mega2560/atmega_common_periph.a(uart.o)
                0x0000000000001b1c                __vector_36
 .text.__vector_51
                0x0000000000001b7a       0x5e /home/waqar/RIOT/examples/test/bin/arduino-mega2560/atmega_common_periph.a(uart.o)
                0x0000000000001b7a                __vector_51
 .text.__vector_54
                0x0000000000001bd8       0x5e /home/waqar/RIOT/examples/test/bin/arduino-mega2560/atmega_common_periph.a(uart.o)
                0x0000000000001bd8                __vector_54
 .text._port_addr
                0x0000000000001c36       0x24 /home/waqar/RIOT/examples/test/bin/arduino-mega2560/atmega_common_periph.a(gpio.o)
 .text.irq_handler
                0x0000000000001c5a       0x2a /home/waqar/RIOT/examples/test/bin/arduino-mega2560/atmega_common_periph.a(gpio.o)
 .text.gpio_init
                0x0000000000001c84       0x7c /home/waqar/RIOT/examples/test/bin/arduino-mega2560/atmega_common_periph.a(gpio.o)
                0x0000000000001c84                gpio_init
 .text.__vector_1
                0x0000000000001d00       0x52 /home/waqar/RIOT/examples/test/bin/arduino-mega2560/atmega_common_periph.a(gpio.o)
                0x0000000000001d00                __vector_1
 .text.__vector_2
                0x0000000000001d52       0x52 /home/waqar/RIOT/examples/test/bin/arduino-mega2560/atmega_common_periph.a(gpio.o)
                0x0000000000001d52                __vector_2
 .text.__vector_3
                0x0000000000001da4       0x52 /home/waqar/RIOT/examples/test/bin/arduino-mega2560/atmega_common_periph.a(gpio.o)
                0x0000000000001da4                __vector_3
 .text.__vector_4
                0x0000000000001df6       0x52 /home/waqar/RIOT/examples/test/bin/arduino-mega2560/atmega_common_periph.a(gpio.o)
                0x0000000000001df6                __vector_4
 .text.__vector_5
                0x0000000000001e48       0x52 /home/waqar/RIOT/examples/test/bin/arduino-mega2560/atmega_common_periph.a(gpio.o)
                0x0000000000001e48                __vector_5
 .text.__vector_6
                0x0000000000001e9a       0x52 /home/waqar/RIOT/examples/test/bin/arduino-mega2560/atmega_common_periph.a(gpio.o)
                0x0000000000001e9a                __vector_6
 .text.__vector_7
                0x0000000000001eec       0x52 /home/waqar/RIOT/examples/test/bin/arduino-mega2560/atmega_common_periph.a(gpio.o)
                0x0000000000001eec                __vector_7
 .text.__vector_8
                0x0000000000001f3e       0x52 /home/waqar/RIOT/examples/test/bin/arduino-mega2560/atmega_common_periph.a(gpio.o)
                0x0000000000001f3e                __vector_8
 .text.isrpipe_write_one
                0x0000000000001f90       0x24 /home/waqar/RIOT/examples/test/bin/arduino-mega2560/isrpipe.a(isrpipe.o)
                0x0000000000001f90                isrpipe_write_one
 .text.isrpipe_read
                0x0000000000001fb4       0x48 /home/waqar/RIOT/examples/test/bin/arduino-mega2560/isrpipe.a(isrpipe.o)
                0x0000000000001fb4                isrpipe_read
 .text.tsrb_get
                0x0000000000001ffc       0x54 /home/waqar/RIOT/examples/test/bin/arduino-mega2560/tsrb.a(tsrb.o)
                0x0000000000001ffc                tsrb_get
 .text.tsrb_add_one
                0x0000000000002050       0x58 /home/waqar/RIOT/examples/test/bin/arduino-mega2560/tsrb.a(tsrb.o)
                0x0000000000002050                tsrb_add_one
 .text.libgcc.div
                0x00000000000020a8       0x44 /usr/lib/gcc/avr/4.9.2/avr6/libgcc.a(_udivmodsi4.o)
                0x00000000000020a8                __udivmodsi4
 .text.avr-libc
                0x00000000000020ec       0x28 /usr/lib/gcc/avr/4.9.2/../../../avr/lib/avr6/libc.a(printf.o)
                0x00000000000020ec                printf
 .text.avr-libc
                0x0000000000002114       0x60 /usr/lib/gcc/avr/4.9.2/../../../avr/lib/avr6/libc.a(puts.o)
                0x0000000000002114                puts
 .text.avr-libc
                0x0000000000002174      0x3f6 /usr/lib/gcc/avr/4.9.2/../../../avr/lib/avr6/libc.a(vfprintf_std.o)
                0x0000000000002174                vfprintf
 .text.avr-libc
                0x000000000000256a       0x16 /usr/lib/gcc/avr/4.9.2/../../../avr/lib/avr6/libc.a(strnlen_P.o)
                0x000000000000256a                strnlen_P
 .text.avr-libc
                0x0000000000002580       0x16 /usr/lib/gcc/avr/4.9.2/../../../avr/lib/avr6/libc.a(strnlen.o)
                0x0000000000002580                strnlen
 .text.avr-libc
                0x0000000000002596       0x70 /usr/lib/gcc/avr/4.9.2/../../../avr/lib/avr6/libc.a(fputc.o)
                0x0000000000002596                fputc
 .text.avr-libc
                0x0000000000002606       0xbc /usr/lib/gcc/avr/4.9.2/../../../avr/lib/avr6/libc.a(ultoa_invert.o)
                0x0000000000002606                __ultoa_invert
                0x00000000000026c2                . = ALIGN (0x2)
 *(.fini9)
 .fini9         0x00000000000026c2        0x0 /usr/lib/gcc/avr/4.9.2/avr6/libgcc.a(_exit.o)
                0x00000000000026c2                exit
                0x00000000000026c2                _exit
 *(.fini9)
 *(.fini8)
 *(.fini8)
 *(.fini7)
 *(.fini7)
 *(.fini6)
 *(.fini6)
 *(.fini5)
 *(.fini5)
 *(.fini4)
 *(.fini4)
 *(.fini3)
 *(.fini3)
 *(.fini2)
 *(.fini2)
 *(.fini1)
 *(.fini1)
 *(.fini0)
 .fini0         0x00000000000026c2        0x4 /usr/lib/gcc/avr/4.9.2/avr6/libgcc.a(_exit.o)
 *(.fini0)
                0x00000000000026c6                _etext = .

.data           0x0000000000800200      0x10a load address 0x00000000000026c6
                0x0000000000800200                PROVIDE (__data_start, .)
 *(.data)
 *(.data*)
 .data.idle_name
                0x0000000000800200        0x2 /home/waqar/RIOT/examples/test/bin/arduino-mega2560/core.a(kernel_init.o)
                0x0000000000800200                idle_name
 .data.main_name
                0x0000000000800202        0x2 /home/waqar/RIOT/examples/test/bin/arduino-mega2560/core.a(kernel_init.o)
                0x0000000000800202                main_name
 .data._uart_stdin
                0x0000000000800204        0xe /home/waqar/RIOT/examples/test/bin/arduino-mega2560/atmega_common.a(atmega_stdio.o)
 .data._uart_stdout
                0x0000000000800212        0xe /home/waqar/RIOT/examples/test/bin/arduino-mega2560/atmega_common.a(atmega_stdio.o)
 .data.ctx      0x0000000000800220       0x18 /home/waqar/RIOT/examples/test/bin/arduino-mega2560/atmega_common_periph.a(timer.o)
 .data.uart_stdio_isrpipe
                0x0000000000800238        0xa /home/waqar/RIOT/examples/test/bin/arduino-mega2560/uart_stdio.a(uart_stdio.o)
                0x0000000000800238                uart_stdio_isrpipe
 *(.rodata)
 *(.rodata*)
 .rodata.str1.1
                0x0000000000800242        0xd /home/waqar/RIOT/examples/test/bin/arduino-mega2560/application_main.a(main.o)
 .rodata.str1.1
                0x000000000080024f       0x59 /home/waqar/RIOT/examples/test/bin/arduino-mega2560/core.a(kernel_init.o)
 .rodata.str1.1
                0x00000000008002a8       0x41 /home/waqar/RIOT/examples/test/bin/arduino-mega2560/core.a(panic.o)
 .rodata.assert_crash_message
                0x00000000008002e9       0x12 /home/waqar/RIOT/examples/test/bin/arduino-mega2560/core.a(panic.o)
                0x00000000008002e9                assert_crash_message
 .rodata.str1.1
                0x00000000008002fb        0x2 /home/waqar/RIOT/examples/test/bin/arduino-mega2560/atmega_common.a(atmega_stdio.o)
 .rodata.prescalers
                0x00000000008002fd        0x5 /home/waqar/RIOT/examples/test/bin/arduino-mega2560/atmega_common_periph.a(timer.o)
 .rodata.dev    0x0000000000800302        0x8 /home/waqar/RIOT/examples/test/bin/arduino-mega2560/atmega_common_periph.a(uart.o)
 *(.gnu.linkonce.d*)
                0x000000000080030a                . = ALIGN (0x2)
                0x000000000080030a                _edata = .
                0x000000000080030a                PROVIDE (__data_end, .)

.bss            0x000000000080030a      0x76b
                0x000000000080030a                PROVIDE (__bss_start, .)
 *(.bss)
 *(.bss*)
 .bss.t3_stack  0x000000000080030a      0x180 /home/waqar/RIOT/examples/test/bin/arduino-mega2560/application_main.a(main.o)
                0x000000000080030a                t3_stack
 .bss.t2_stack  0x000000000080048a      0x180 /home/waqar/RIOT/examples/test/bin/arduino-mega2560/application_main.a(main.o)
                0x000000000080048a                t2_stack
 .bss.t1_stack  0x000000000080060a      0x180 /home/waqar/RIOT/examples/test/bin/arduino-mega2560/application_main.a(main.o)
                0x000000000080060a                t1_stack
 .bss.and_param
                0x000000000080078a        0x6 /home/waqar/RIOT/examples/test/bin/arduino-mega2560/application_main.a(main.o)
                0x000000000080078a                and_param
 .bss.busy      0x0000000000800790        0x2 /home/waqar/RIOT/examples/test/bin/arduino-mega2560/application_main.a(main.o)
                0x0000000000800790                busy
 .bss.runqueue_bitcache
                0x0000000000800792        0x4 /home/waqar/RIOT/examples/test/bin/arduino-mega2560/core.a(sched.o)
 .bss.sched_runqueues
                0x0000000000800796       0x20 /home/waqar/RIOT/examples/test/bin/arduino-mega2560/core.a(sched.o)
                0x0000000000800796                sched_runqueues
 .bss.sched_active_pid
                0x00000000008007b6        0x2 /home/waqar/RIOT/examples/test/bin/arduino-mega2560/core.a(sched.o)
                0x00000000008007b6                sched_active_pid
 .bss.sched_active_thread
                0x00000000008007b8        0x2 /home/waqar/RIOT/examples/test/bin/arduino-mega2560/core.a(sched.o)
                0x00000000008007b8                sched_active_thread
 .bss.sched_threads
                0x00000000008007ba       0x42 /home/waqar/RIOT/examples/test/bin/arduino-mega2560/core.a(sched.o)
                0x00000000008007ba                sched_threads
 .bss.sched_context_switch_request
                0x00000000008007fc        0x2 /home/waqar/RIOT/examples/test/bin/arduino-mega2560/core.a(sched.o)
                0x00000000008007fc                sched_context_switch_request
 .bss.sched_num_threads
                0x00000000008007fe        0x2 /home/waqar/RIOT/examples/test/bin/arduino-mega2560/core.a(sched.o)
                0x00000000008007fe                sched_num_threads
 .bss.idle_stack
                0x0000000000800800       0x80 /home/waqar/RIOT/examples/test/bin/arduino-mega2560/core.a(kernel_init.o)
 .bss.main_stack
                0x0000000000800880      0x180 /home/waqar/RIOT/examples/test/bin/arduino-mega2560/core.a(kernel_init.o)
 .bss.crashed   0x0000000000800a00        0x2 /home/waqar/RIOT/examples/test/bin/arduino-mega2560/core.a(panic.o)
 .bss.long_list_head
                0x0000000000800a02        0x2 /home/waqar/RIOT/examples/test/bin/arduino-mega2560/xtimer.a(xtimer_core.o)
 .bss.overflow_list_head
                0x0000000000800a04        0x2 /home/waqar/RIOT/examples/test/bin/arduino-mega2560/xtimer.a(xtimer_core.o)
 .bss.timer_list_head
                0x0000000000800a06        0x2 /home/waqar/RIOT/examples/test/bin/arduino-mega2560/xtimer.a(xtimer_core.o)
 .bss._xtimer_high_cnt
                0x0000000000800a08        0x4 /home/waqar/RIOT/examples/test/bin/arduino-mega2560/xtimer.a(xtimer_core.o)
                0x0000000000800a08                _xtimer_high_cnt
 .bss._long_cnt
                0x0000000000800a0c        0x4 /home/waqar/RIOT/examples/test/bin/arduino-mega2560/xtimer.a(xtimer_core.o)
 .bss._in_handler
                0x0000000000800a10        0x2 /home/waqar/RIOT/examples/test/bin/arduino-mega2560/xtimer.a(xtimer_core.o)
 .bss.__in_isr  0x0000000000800a12        0x1 /home/waqar/RIOT/examples/test/bin/arduino-mega2560/atmega_common.a(irq_arch.o)
                0x0000000000800a12                __in_isr
 .bss._rx_buf_mem
                0x0000000000800a13       0x40 /home/waqar/RIOT/examples/test/bin/arduino-mega2560/uart_stdio.a(uart_stdio.o)
 .bss.isr_ctx   0x0000000000800a53       0x10 /home/waqar/RIOT/examples/test/bin/arduino-mega2560/atmega_common_periph.a(uart.o)
 .bss.config    0x0000000000800a63        0xc /home/waqar/RIOT/examples/test/bin/arduino-mega2560/atmega_common_periph.a(gpio.o)
 *(COMMON)
 COMMON         0x0000000000800a6f        0x6 /usr/lib/gcc/avr/4.9.2/../../../avr/lib/avr6/libc.a(iob.o)
                0x0000000000800a6f                __iob
                0x0000000000800a75                PROVIDE (__bss_end, .)
                0x00000000000026c6                __data_load_start = LOADADDR (.data)
                0x00000000000027d0                __data_load_end = (__data_load_start + SIZEOF (.data))

.noinit         0x0000000000800a75        0x0
                0x0000000000800a75                PROVIDE (__noinit_start, .)
 *(.noinit*)
                0x0000000000800a75                PROVIDE (__noinit_end, .)
                0x0000000000800a75                _end = .
                0x0000000000800a75                PROVIDE (__heap_start, .)

.eeprom         0x0000000000810000        0x0
 *(.eeprom*)
                0x0000000000810000                __eeprom_end = .

.fuse
 *(.fuse)
 *(.lfuse)
 *(.hfuse)
 *(.efuse)

.lock
 *(.lock*)

.signature
 *(.signature*)

.user_signatures
 *(.user_signatures*)

.stab
 *(.stab)

.stabstr
 *(.stabstr)

.stab.excl
 *(.stab.excl)

.stab.exclstr
 *(.stab.exclstr)

.stab.index
 *(.stab.index)

.stab.indexstr
 *(.stab.indexstr)

.comment        0x0000000000000000       0x11
 *(.comment)
 .comment       0x0000000000000000       0x11 /home/waqar/RIOT/examples/test/bin/arduino-mega2560/cpu/startup.o
                                         0x12 (size before relaxing)
 .comment       0x0000000000000011       0x12 /home/waqar/RIOT/examples/test/bin/arduino-mega2560/application_main.a(main.o)
 .comment       0x0000000000000011       0x12 /home/waqar/RIOT/examples/test/bin/arduino-mega2560/boards_common_atmega.a(board.o)
 .comment       0x0000000000000011       0x12 /home/waqar/RIOT/examples/test/bin/arduino-mega2560/core.a(mutex.o)
 .comment       0x0000000000000011       0x12 /home/waqar/RIOT/examples/test/bin/arduino-mega2560/core.a(sched.o)
 .comment       0x0000000000000011       0x12 /home/waqar/RIOT/examples/test/bin/arduino-mega2560/core.a(kernel_init.o)
 .comment       0x0000000000000011       0x12 /home/waqar/RIOT/examples/test/bin/arduino-mega2560/core.a(thread.o)
 .comment       0x0000000000000011       0x12 /home/waqar/RIOT/examples/test/bin/arduino-mega2560/core.a(panic.o)
 .comment       0x0000000000000011       0x12 /home/waqar/RIOT/examples/test/bin/arduino-mega2560/cpu.a(cpu.o)
 .comment       0x0000000000000011       0x12 /home/waqar/RIOT/examples/test/bin/arduino-mega2560/xtimer.a(xtimer.o)
 .comment       0x0000000000000011       0x12 /home/waqar/RIOT/examples/test/bin/arduino-mega2560/xtimer.a(xtimer_core.o)
 .comment       0x0000000000000011       0x12 /home/waqar/RIOT/examples/test/bin/arduino-mega2560/periph_common.a(init.o)
 .comment       0x0000000000000011       0x12 /home/waqar/RIOT/examples/test/bin/arduino-mega2560/periph_common.a(pm.o)
 .comment       0x0000000000000011       0x12 /home/waqar/RIOT/examples/test/bin/arduino-mega2560/atmega_common.a(atmega_stdio.o)
 .comment       0x0000000000000011       0x12 /home/waqar/RIOT/examples/test/bin/arduino-mega2560/atmega_common.a(irq_arch.o)
 .comment       0x0000000000000011       0x12 /home/waqar/RIOT/examples/test/bin/arduino-mega2560/atmega_common.a(thread_arch.o)
 .comment       0x0000000000000011       0x12 /home/waqar/RIOT/examples/test/bin/arduino-mega2560/atmega_common_periph.a(timer.o)
 .comment       0x0000000000000011       0x12 /home/waqar/RIOT/examples/test/bin/arduino-mega2560/auto_init.a(auto_init.o)
 .comment       0x0000000000000011       0x12 /home/waqar/RIOT/examples/test/bin/arduino-mega2560/boards_common_arduino-atmega.a(led_init.o)
 .comment       0x0000000000000011       0x12 /home/waqar/RIOT/examples/test/bin/arduino-mega2560/uart_stdio.a(uart_stdio.o)
 .comment       0x0000000000000011       0x12 /home/waqar/RIOT/examples/test/bin/arduino-mega2560/atmega_common_periph.a(uart.o)
 .comment       0x0000000000000011       0x12 /home/waqar/RIOT/examples/test/bin/arduino-mega2560/atmega_common_periph.a(gpio.o)
 .comment       0x0000000000000011       0x12 /home/waqar/RIOT/examples/test/bin/arduino-mega2560/isrpipe.a(isrpipe.o)
 .comment       0x0000000000000011       0x12 /home/waqar/RIOT/examples/test/bin/arduino-mega2560/tsrb.a(tsrb.o)
 .comment       0x0000000000000011       0x12 /usr/lib/gcc/avr/4.9.2/../../../avr/lib/avr6/libc.a(iob.o)
 .comment       0x0000000000000011       0x12 /usr/lib/gcc/avr/4.9.2/../../../avr/lib/avr6/libc.a(printf.o)
 .comment       0x0000000000000011       0x12 /usr/lib/gcc/avr/4.9.2/../../../avr/lib/avr6/libc.a(puts.o)
 .comment       0x0000000000000011       0x12 /usr/lib/gcc/avr/4.9.2/../../../avr/lib/avr6/libc.a(vfprintf_std.o)
 .comment       0x0000000000000011       0x12 /usr/lib/gcc/avr/4.9.2/../../../avr/lib/avr6/libc.a(fputc.o)

.note.gnu.avr.deviceinfo
                0x0000000000000000       0x40
 .note.gnu.avr.deviceinfo
                0x0000000000000000       0x40 /usr/lib/gcc/avr/4.9.2/../../../avr/lib/avr6/crtatmega2560.o

.note.gnu.build-id
 *(.note.gnu.build-id)

.debug
 *(.debug)

.line
 *(.line)

.debug_srcinfo
 *(.debug_srcinfo)

.debug_sfnames
 *(.debug_sfnames)

.debug_aranges  0x0000000000000000      0x658
 *(.debug_aranges)
 .debug_aranges
                0x0000000000000000       0x30 /home/waqar/RIOT/examples/test/bin/arduino-mega2560/cpu/startup.o
 .debug_aranges
                0x0000000000000030       0x38 /home/waqar/RIOT/examples/test/bin/arduino-mega2560/application_main.a(main.o)
 .debug_aranges
                0x0000000000000068       0x20 /home/waqar/RIOT/examples/test/bin/arduino-mega2560/boards_common_atmega.a(board.o)
 .debug_aranges
                0x0000000000000088       0x30 /home/waqar/RIOT/examples/test/bin/arduino-mega2560/core.a(mutex.o)
 .debug_aranges
                0x00000000000000b8       0x38 /home/waqar/RIOT/examples/test/bin/arduino-mega2560/core.a(sched.o)
 .debug_aranges
                0x00000000000000f0       0x30 /home/waqar/RIOT/examples/test/bin/arduino-mega2560/core.a(kernel_init.o)
 .debug_aranges
                0x0000000000000120       0x60 /home/waqar/RIOT/examples/test/bin/arduino-mega2560/core.a(thread.o)
 .debug_aranges
                0x0000000000000180       0x28 /home/waqar/RIOT/examples/test/bin/arduino-mega2560/core.a(panic.o)
 .debug_aranges
                0x00000000000001a8       0x20 /home/waqar/RIOT/examples/test/bin/arduino-mega2560/cpu.a(cpu.o)
 .debug_aranges
                0x00000000000001c8       0x98 /home/waqar/RIOT/examples/test/bin/arduino-mega2560/xtimer.a(xtimer.o)
 .debug_aranges
                0x0000000000000260       0x80 /home/waqar/RIOT/examples/test/bin/arduino-mega2560/xtimer.a(xtimer_core.o)
 .debug_aranges
                0x00000000000002e0       0x20 /home/waqar/RIOT/examples/test/bin/arduino-mega2560/periph_common.a(init.o)
 .debug_aranges
                0x0000000000000300       0x28 /home/waqar/RIOT/examples/test/bin/arduino-mega2560/periph_common.a(pm.o)
 .debug_aranges
                0x0000000000000328       0x30 /home/waqar/RIOT/examples/test/bin/arduino-mega2560/atmega_common.a(atmega_stdio.o)
 .debug_aranges
                0x0000000000000358       0x38 /home/waqar/RIOT/examples/test/bin/arduino-mega2560/atmega_common.a(irq_arch.o)
 .debug_aranges
                0x0000000000000390       0x48 /home/waqar/RIOT/examples/test/bin/arduino-mega2560/atmega_common.a(thread_arch.o)
 .debug_aranges
                0x00000000000003d8       0x80 /home/waqar/RIOT/examples/test/bin/arduino-mega2560/atmega_common_periph.a(timer.o)
 .debug_aranges
                0x0000000000000458       0x20 /home/waqar/RIOT/examples/test/bin/arduino-mega2560/auto_init.a(auto_init.o)
 .debug_aranges
                0x0000000000000478       0x20 /home/waqar/RIOT/examples/test/bin/arduino-mega2560/boards_common_arduino-atmega.a(led_init.o)
 .debug_aranges
                0x0000000000000498       0x30 /home/waqar/RIOT/examples/test/bin/arduino-mega2560/uart_stdio.a(uart_stdio.o)
 .debug_aranges
                0x00000000000004c8       0x60 /home/waqar/RIOT/examples/test/bin/arduino-mega2560/atmega_common_periph.a(uart.o)
 .debug_aranges
                0x0000000000000528       0xb0 /home/waqar/RIOT/examples/test/bin/arduino-mega2560/atmega_common_periph.a(gpio.o)
 .debug_aranges
                0x00000000000005d8       0x48 /home/waqar/RIOT/examples/test/bin/arduino-mega2560/isrpipe.a(isrpipe.o)
 .debug_aranges
                0x0000000000000620       0x38 /home/waqar/RIOT/examples/test/bin/arduino-mega2560/tsrb.a(tsrb.o)

.debug_pubnames
 *(.debug_pubnames)

.debug_info     0x0000000000000000     0x7e66
 *(.debug_info .gnu.linkonce.wi.*)
 .debug_info    0x0000000000000000       0xfb /home/waqar/RIOT/examples/test/bin/arduino-mega2560/cpu/startup.o
 .debug_info    0x00000000000000fb      0x725 /home/waqar/RIOT/examples/test/bin/arduino-mega2560/application_main.a(main.o)
 .debug_info    0x0000000000000820       0xf9 /home/waqar/RIOT/examples/test/bin/arduino-mega2560/boards_common_atmega.a(board.o)
 .debug_info    0x0000000000000919      0x665 /home/waqar/RIOT/examples/test/bin/arduino-mega2560/core.a(mutex.o)
 .debug_info    0x0000000000000f7e      0x5db /home/waqar/RIOT/examples/test/bin/arduino-mega2560/core.a(sched.o)
 .debug_info    0x0000000000001559      0x364 /home/waqar/RIOT/examples/test/bin/arduino-mega2560/core.a(kernel_init.o)
 .debug_info    0x00000000000018bd      0xa09 /home/waqar/RIOT/examples/test/bin/arduino-mega2560/core.a(thread.o)
 .debug_info    0x00000000000022c6      0x255 /home/waqar/RIOT/examples/test/bin/arduino-mega2560/core.a(panic.o)
 .debug_info    0x000000000000251b       0xbc /home/waqar/RIOT/examples/test/bin/arduino-mega2560/cpu.a(cpu.o)
 .debug_info    0x00000000000025d7     0x12b0 /home/waqar/RIOT/examples/test/bin/arduino-mega2560/xtimer.a(xtimer.o)
 .debug_info    0x0000000000003887     0x116d /home/waqar/RIOT/examples/test/bin/arduino-mega2560/xtimer.a(xtimer_core.o)
 .debug_info    0x00000000000049f4       0x40 /home/waqar/RIOT/examples/test/bin/arduino-mega2560/periph_common.a(init.o)
 .debug_info    0x0000000000004a34       0xfe /home/waqar/RIOT/examples/test/bin/arduino-mega2560/periph_common.a(pm.o)
 .debug_info    0x0000000000004b32      0x2db /home/waqar/RIOT/examples/test/bin/arduino-mega2560/atmega_common.a(atmega_stdio.o)
 .debug_info    0x0000000000004e0d      0x1ad /home/waqar/RIOT/examples/test/bin/arduino-mega2560/atmega_common.a(irq_arch.o)
 .debug_info    0x0000000000004fba      0x519 /home/waqar/RIOT/examples/test/bin/arduino-mega2560/atmega_common.a(thread_arch.o)
 .debug_info    0x00000000000054d3      0x7ad /home/waqar/RIOT/examples/test/bin/arduino-mega2560/atmega_common_periph.a(timer.o)
 .debug_info    0x0000000000005c80      0x2ec /home/waqar/RIOT/examples/test/bin/arduino-mega2560/auto_init.a(auto_init.o)
 .debug_info    0x0000000000005f6c      0x11d /home/waqar/RIOT/examples/test/bin/arduino-mega2560/boards_common_arduino-atmega.a(led_init.o)
 .debug_info    0x0000000000006089      0x3c9 /home/waqar/RIOT/examples/test/bin/arduino-mega2560/uart_stdio.a(uart_stdio.o)
 .debug_info    0x0000000000006452      0x5ae /home/waqar/RIOT/examples/test/bin/arduino-mega2560/atmega_common_periph.a(uart.o)
 .debug_info    0x0000000000006a00      0x8ad /home/waqar/RIOT/examples/test/bin/arduino-mega2560/atmega_common_periph.a(gpio.o)
 .debug_info    0x00000000000072ad      0x861 /home/waqar/RIOT/examples/test/bin/arduino-mega2560/isrpipe.a(isrpipe.o)
 .debug_info    0x0000000000007b0e      0x358 /home/waqar/RIOT/examples/test/bin/arduino-mega2560/tsrb.a(tsrb.o)

.debug_abbrev   0x0000000000000000     0x2c98
 *(.debug_abbrev)
 .debug_abbrev  0x0000000000000000       0xae /home/waqar/RIOT/examples/test/bin/arduino-mega2560/cpu/startup.o
 .debug_abbrev  0x00000000000000ae      0x234 /home/waqar/RIOT/examples/test/bin/arduino-mega2560/application_main.a(main.o)
 .debug_abbrev  0x00000000000002e2       0xa9 /home/waqar/RIOT/examples/test/bin/arduino-mega2560/boards_common_atmega.a(board.o)
 .debug_abbrev  0x000000000000038b      0x24f /home/waqar/RIOT/examples/test/bin/arduino-mega2560/core.a(mutex.o)
 .debug_abbrev  0x00000000000005da      0x27d /home/waqar/RIOT/examples/test/bin/arduino-mega2560/core.a(sched.o)
 .debug_abbrev  0x0000000000000857      0x1b0 /home/waqar/RIOT/examples/test/bin/arduino-mega2560/core.a(kernel_init.o)
 .debug_abbrev  0x0000000000000a07      0x2fd /home/waqar/RIOT/examples/test/bin/arduino-mega2560/core.a(thread.o)
 .debug_abbrev  0x0000000000000d04      0x183 /home/waqar/RIOT/examples/test/bin/arduino-mega2560/core.a(panic.o)
 .debug_abbrev  0x0000000000000e87       0x8b /home/waqar/RIOT/examples/test/bin/arduino-mega2560/cpu.a(cpu.o)
 .debug_abbrev  0x0000000000000f12      0x41e /home/waqar/RIOT/examples/test/bin/arduino-mega2560/xtimer.a(xtimer.o)
 .debug_abbrev  0x0000000000001330      0x49b /home/waqar/RIOT/examples/test/bin/arduino-mega2560/xtimer.a(xtimer_core.o)
 .debug_abbrev  0x00000000000017cb       0x2f /home/waqar/RIOT/examples/test/bin/arduino-mega2560/periph_common.a(init.o)
 .debug_abbrev  0x00000000000017fa       0xc8 /home/waqar/RIOT/examples/test/bin/arduino-mega2560/periph_common.a(pm.o)
 .debug_abbrev  0x00000000000018c2      0x1be /home/waqar/RIOT/examples/test/bin/arduino-mega2560/atmega_common.a(atmega_stdio.o)
 .debug_abbrev  0x0000000000001a80      0x136 /home/waqar/RIOT/examples/test/bin/arduino-mega2560/atmega_common.a(irq_arch.o)
 .debug_abbrev  0x0000000000001bb6      0x252 /home/waqar/RIOT/examples/test/bin/arduino-mega2560/atmega_common.a(thread_arch.o)
 .debug_abbrev  0x0000000000001e08      0x24b /home/waqar/RIOT/examples/test/bin/arduino-mega2560/atmega_common_periph.a(timer.o)
 .debug_abbrev  0x0000000000002053      0x122 /home/waqar/RIOT/examples/test/bin/arduino-mega2560/auto_init.a(auto_init.o)
 .debug_abbrev  0x0000000000002175       0xb3 /home/waqar/RIOT/examples/test/bin/arduino-mega2560/boards_common_arduino-atmega.a(led_init.o)
 .debug_abbrev  0x0000000000002228      0x1b8 /home/waqar/RIOT/examples/test/bin/arduino-mega2560/uart_stdio.a(uart_stdio.o)
 .debug_abbrev  0x00000000000023e0      0x25a /home/waqar/RIOT/examples/test/bin/arduino-mega2560/atmega_common_periph.a(uart.o)
 .debug_abbrev  0x000000000000263a      0x2b0 /home/waqar/RIOT/examples/test/bin/arduino-mega2560/atmega_common_periph.a(gpio.o)
 .debug_abbrev  0x00000000000028ea      0x252 /home/waqar/RIOT/examples/test/bin/arduino-mega2560/isrpipe.a(isrpipe.o)
 .debug_abbrev  0x0000000000002b3c      0x15c /home/waqar/RIOT/examples/test/bin/arduino-mega2560/tsrb.a(tsrb.o)

.debug_line     0x0000000000000000     0x6edf
 *(.debug_line .debug_line.* .debug_line_end)
 .debug_line    0x0000000000000000      0x417 /home/waqar/RIOT/examples/test/bin/arduino-mega2560/cpu/startup.o
 .debug_line    0x0000000000000417      0x616 /home/waqar/RIOT/examples/test/bin/arduino-mega2560/application_main.a(main.o)
 .debug_line    0x0000000000000a2d      0x3f9 /home/waqar/RIOT/examples/test/bin/arduino-mega2560/boards_common_atmega.a(board.o)
 .debug_line    0x0000000000000e26      0x410 /home/waqar/RIOT/examples/test/bin/arduino-mega2560/core.a(mutex.o)
 .debug_line    0x0000000000001236      0x43f /home/waqar/RIOT/examples/test/bin/arduino-mega2560/core.a(sched.o)
 .debug_line    0x0000000000001675      0x484 /home/waqar/RIOT/examples/test/bin/arduino-mega2560/core.a(kernel_init.o)
 .debug_line    0x0000000000001af9      0x4ce /home/waqar/RIOT/examples/test/bin/arduino-mega2560/core.a(thread.o)
 .debug_line    0x0000000000001fc7      0x36c /home/waqar/RIOT/examples/test/bin/arduino-mega2560/core.a(panic.o)
 .debug_line    0x0000000000002333      0x2e4 /home/waqar/RIOT/examples/test/bin/arduino-mega2560/cpu.a(cpu.o)
 .debug_line    0x0000000000002617      0x7ab /home/waqar/RIOT/examples/test/bin/arduino-mega2560/xtimer.a(xtimer.o)
 .debug_line    0x0000000000002dc2      0x7fa /home/waqar/RIOT/examples/test/bin/arduino-mega2560/xtimer.a(xtimer_core.o)
 .debug_line    0x00000000000035bc       0xa7 /home/waqar/RIOT/examples/test/bin/arduino-mega2560/periph_common.a(init.o)
 .debug_line    0x0000000000003663      0x41d /home/waqar/RIOT/examples/test/bin/arduino-mega2560/periph_common.a(pm.o)
 .debug_line    0x0000000000003a80      0x44d /home/waqar/RIOT/examples/test/bin/arduino-mega2560/atmega_common.a(atmega_stdio.o)
 .debug_line    0x0000000000003ecd      0x305 /home/waqar/RIOT/examples/test/bin/arduino-mega2560/atmega_common.a(irq_arch.o)
 .debug_line    0x00000000000041d2      0x585 /home/waqar/RIOT/examples/test/bin/arduino-mega2560/atmega_common.a(thread_arch.o)
 .debug_line    0x0000000000004757      0x602 /home/waqar/RIOT/examples/test/bin/arduino-mega2560/atmega_common_periph.a(timer.o)
 .debug_line    0x0000000000004d59      0x593 /home/waqar/RIOT/examples/test/bin/arduino-mega2560/auto_init.a(auto_init.o)
 .debug_line    0x00000000000052ec      0x402 /home/waqar/RIOT/examples/test/bin/arduino-mega2560/boards_common_arduino-atmega.a(led_init.o)
 .debug_line    0x00000000000056ee      0x565 /home/waqar/RIOT/examples/test/bin/arduino-mega2560/uart_stdio.a(uart_stdio.o)
 .debug_line    0x0000000000005c53      0x589 /home/waqar/RIOT/examples/test/bin/arduino-mega2560/atmega_common_periph.a(uart.o)
 .debug_line    0x00000000000061dc      0x578 /home/waqar/RIOT/examples/test/bin/arduino-mega2560/atmega_common_periph.a(gpio.o)
 .debug_line    0x0000000000006754      0x5df /home/waqar/RIOT/examples/test/bin/arduino-mega2560/isrpipe.a(isrpipe.o)
 .debug_line    0x0000000000006d33      0x1ac /home/waqar/RIOT/examples/test/bin/arduino-mega2560/tsrb.a(tsrb.o)

.debug_frame    0x0000000000000000     0x1694
 *(.debug_frame)
 .debug_frame   0x0000000000000000       0x44 /home/waqar/RIOT/examples/test/bin/arduino-mega2560/cpu/startup.o
 .debug_frame   0x0000000000000044       0x84 /home/waqar/RIOT/examples/test/bin/arduino-mega2560/application_main.a(main.o)
 .debug_frame   0x00000000000000c8       0x24 /home/waqar/RIOT/examples/test/bin/arduino-mega2560/boards_common_atmega.a(board.o)
 .debug_frame   0x00000000000000ec       0x98 /home/waqar/RIOT/examples/test/bin/arduino-mega2560/core.a(mutex.o)
 .debug_frame   0x0000000000000184       0x68 /home/waqar/RIOT/examples/test/bin/arduino-mega2560/core.a(sched.o)
 .debug_frame   0x00000000000001ec       0x50 /home/waqar/RIOT/examples/test/bin/arduino-mega2560/core.a(kernel_init.o)
 .debug_frame   0x000000000000023c      0x124 /home/waqar/RIOT/examples/test/bin/arduino-mega2560/core.a(thread.o)
 .debug_frame   0x0000000000000360       0x44 /home/waqar/RIOT/examples/test/bin/arduino-mega2560/core.a(panic.o)
 .debug_frame   0x00000000000003a4       0x24 /home/waqar/RIOT/examples/test/bin/arduino-mega2560/cpu.a(cpu.o)
 .debug_frame   0x00000000000003c8      0x344 /home/waqar/RIOT/examples/test/bin/arduino-mega2560/xtimer.a(xtimer.o)
 .debug_frame   0x000000000000070c      0x2a0 /home/waqar/RIOT/examples/test/bin/arduino-mega2560/xtimer.a(xtimer_core.o)
 .debug_frame   0x00000000000009ac       0x24 /home/waqar/RIOT/examples/test/bin/arduino-mega2560/periph_common.a(init.o)
 .debug_frame   0x00000000000009d0       0x34 /home/waqar/RIOT/examples/test/bin/arduino-mega2560/periph_common.a(pm.o)
 .debug_frame   0x0000000000000a04       0x64 /home/waqar/RIOT/examples/test/bin/arduino-mega2560/atmega_common.a(atmega_stdio.o)
 .debug_frame   0x0000000000000a68       0x60 /home/waqar/RIOT/examples/test/bin/arduino-mega2560/atmega_common.a(irq_arch.o)
 .debug_frame   0x0000000000000ac8       0xd8 /home/waqar/RIOT/examples/test/bin/arduino-mega2560/atmega_common.a(thread_arch.o)
 .debug_frame   0x0000000000000ba0      0x2c8 /home/waqar/RIOT/examples/test/bin/arduino-mega2560/atmega_common_periph.a(timer.o)
 .debug_frame   0x0000000000000e68       0x24 /home/waqar/RIOT/examples/test/bin/arduino-mega2560/auto_init.a(auto_init.o)
 .debug_frame   0x0000000000000e8c       0x24 /home/waqar/RIOT/examples/test/bin/arduino-mega2560/boards_common_arduino-atmega.a(led_init.o)
 .debug_frame   0x0000000000000eb0       0x5c /home/waqar/RIOT/examples/test/bin/arduino-mega2560/uart_stdio.a(uart_stdio.o)
 .debug_frame   0x0000000000000f0c      0x1f0 /home/waqar/RIOT/examples/test/bin/arduino-mega2560/atmega_common_periph.a(uart.o)
 .debug_frame   0x00000000000010fc      0x3d4 /home/waqar/RIOT/examples/test/bin/arduino-mega2560/atmega_common_periph.a(gpio.o)
 .debug_frame   0x00000000000014d0      0x144 /home/waqar/RIOT/examples/test/bin/arduino-mega2560/isrpipe.a(isrpipe.o)
 .debug_frame   0x0000000000001614       0x80 /home/waqar/RIOT/examples/test/bin/arduino-mega2560/tsrb.a(tsrb.o)

.debug_str      0x0000000000000000     0xe535
 *(.debug_str)
 .debug_str     0x0000000000000000     0xb0ff /home/waqar/RIOT/examples/test/bin/arduino-mega2560/cpu/startup.o
                                       0xb293 (size before relaxing)
 .debug_str     0x000000000000b0ff      0xf60 /home/waqar/RIOT/examples/test/bin/arduino-mega2560/application_main.a(main.o)
                                       0xc1d1 (size before relaxing)
 .debug_str     0x000000000000c05f       0x9f /home/waqar/RIOT/examples/test/bin/arduino-mega2560/boards_common_atmega.a(board.o)
                                       0xb29a (size before relaxing)
 .debug_str     0x000000000000c0fe      0x2f9 /home/waqar/RIOT/examples/test/bin/arduino-mega2560/core.a(mutex.o)
                                       0xaa6c (size before relaxing)
 .debug_str     0x000000000000c3f7      0x31a /home/waqar/RIOT/examples/test/bin/arduino-mega2560/core.a(sched.o)
                                       0xac34 (size before relaxing)
 .debug_str     0x000000000000c711      0x568 /home/waqar/RIOT/examples/test/bin/arduino-mega2560/core.a(kernel_init.o)
                                       0xb05c (size before relaxing)
 .debug_str     0x000000000000cc79      0x1fa /home/waqar/RIOT/examples/test/bin/arduino-mega2560/core.a(thread.o)
                                       0xafde (size before relaxing)
 .debug_str     0x000000000000ce73      0x26b /home/waqar/RIOT/examples/test/bin/arduino-mega2560/core.a(panic.o)
                                       0xa6b5 (size before relaxing)
 .debug_str     0x000000000000d0de       0x84 /home/waqar/RIOT/examples/test/bin/arduino-mega2560/cpu.a(cpu.o)
                                       0x9cd1 (size before relaxing)
 .debug_str     0x000000000000d162      0x35f /home/waqar/RIOT/examples/test/bin/arduino-mega2560/xtimer.a(xtimer.o)
                                       0xc92a (size before relaxing)
 .debug_str     0x000000000000d4c1      0x257 /home/waqar/RIOT/examples/test/bin/arduino-mega2560/xtimer.a(xtimer_core.o)
                                       0xc80f (size before relaxing)
 .debug_str     0x000000000000d718       0x7a /home/waqar/RIOT/examples/test/bin/arduino-mega2560/periph_common.a(init.o)
                                       0x2e69 (size before relaxing)
 .debug_str     0x000000000000d792       0x74 /home/waqar/RIOT/examples/test/bin/arduino-mega2560/periph_common.a(pm.o)
                                       0xa9e3 (size before relaxing)
 .debug_str     0x000000000000d806      0x14d /home/waqar/RIOT/examples/test/bin/arduino-mega2560/atmega_common.a(atmega_stdio.o)
                                       0xb35b (size before relaxing)
 .debug_str     0x000000000000d953       0xaf /home/waqar/RIOT/examples/test/bin/arduino-mega2560/atmega_common.a(irq_arch.o)
                                       0x9d2b (size before relaxing)
 .debug_str     0x000000000000da02      0x10b /home/waqar/RIOT/examples/test/bin/arduino-mega2560/atmega_common.a(thread_arch.o)
                                       0xbf73 (size before relaxing)
 .debug_str     0x000000000000db0d      0x15e /home/waqar/RIOT/examples/test/bin/arduino-mega2560/atmega_common_periph.a(timer.o)
                                       0xc160 (size before relaxing)
 .debug_str     0x000000000000dc6b       0x79 /home/waqar/RIOT/examples/test/bin/arduino-mega2560/auto_init.a(auto_init.o)
                                       0xc313 (size before relaxing)
 .debug_str     0x000000000000dce4       0xeb /home/waqar/RIOT/examples/test/bin/arduino-mega2560/boards_common_arduino-atmega.a(led_init.o)
                                       0xb2d9 (size before relaxing)
 .debug_str     0x000000000000ddcf      0x1b1 /home/waqar/RIOT/examples/test/bin/arduino-mega2560/uart_stdio.a(uart_stdio.o)
                                       0xc131 (size before relaxing)
 .debug_str     0x000000000000df80      0x181 /home/waqar/RIOT/examples/test/bin/arduino-mega2560/atmega_common_periph.a(uart.o)
                                       0xb024 (size before relaxing)
 .debug_str     0x000000000000e101      0x2a7 /home/waqar/RIOT/examples/test/bin/arduino-mega2560/atmega_common_periph.a(gpio.o)
                                       0xa63a (size before relaxing)
 .debug_str     0x000000000000e3a8       0xf7 /home/waqar/RIOT/examples/test/bin/arduino-mega2560/isrpipe.a(isrpipe.o)
                                       0xc202 (size before relaxing)
 .debug_str     0x000000000000e49f       0x96 /home/waqar/RIOT/examples/test/bin/arduino-mega2560/tsrb.a(tsrb.o)
                                       0x344a (size before relaxing)

.debug_loc      0x0000000000000000     0x5fdd
 *(.debug_loc)
 .debug_loc     0x0000000000000000       0xdf /home/waqar/RIOT/examples/test/bin/arduino-mega2560/application_main.a(main.o)
 .debug_loc     0x00000000000000df      0x3a0 /home/waqar/RIOT/examples/test/bin/arduino-mega2560/core.a(mutex.o)
 .debug_loc     0x000000000000047f      0x27b /home/waqar/RIOT/examples/test/bin/arduino-mega2560/core.a(sched.o)
 .debug_loc     0x00000000000006fa       0x62 /home/waqar/RIOT/examples/test/bin/arduino-mega2560/core.a(kernel_init.o)
 .debug_loc     0x000000000000075c      0x7e5 /home/waqar/RIOT/examples/test/bin/arduino-mega2560/core.a(thread.o)
 .debug_loc     0x0000000000000f41       0xc9 /home/waqar/RIOT/examples/test/bin/arduino-mega2560/core.a(panic.o)
 .debug_loc     0x000000000000100a      0xfe7 /home/waqar/RIOT/examples/test/bin/arduino-mega2560/xtimer.a(xtimer.o)
 .debug_loc     0x0000000000001ff1     0x1406 /home/waqar/RIOT/examples/test/bin/arduino-mega2560/xtimer.a(xtimer_core.o)
 .debug_loc     0x00000000000033f7      0x108 /home/waqar/RIOT/examples/test/bin/arduino-mega2560/atmega_common.a(atmega_stdio.o)
 .debug_loc     0x00000000000034ff       0x42 /home/waqar/RIOT/examples/test/bin/arduino-mega2560/atmega_common.a(irq_arch.o)
 .debug_loc     0x0000000000003541      0x3e3 /home/waqar/RIOT/examples/test/bin/arduino-mega2560/atmega_common.a(thread_arch.o)
 .debug_loc     0x0000000000003924      0x7bf /home/waqar/RIOT/examples/test/bin/arduino-mega2560/atmega_common_periph.a(timer.o)
 .debug_loc     0x00000000000040e3      0x148 /home/waqar/RIOT/examples/test/bin/arduino-mega2560/uart_stdio.a(uart_stdio.o)
 .debug_loc     0x000000000000422b      0x58b /home/waqar/RIOT/examples/test/bin/arduino-mega2560/atmega_common_periph.a(uart.o)
 .debug_loc     0x00000000000047b6      0xcfa /home/waqar/RIOT/examples/test/bin/arduino-mega2560/atmega_common_periph.a(gpio.o)
 .debug_loc     0x00000000000054b0      0x80b /home/waqar/RIOT/examples/test/bin/arduino-mega2560/isrpipe.a(isrpipe.o)
 .debug_loc     0x0000000000005cbb      0x322 /home/waqar/RIOT/examples/test/bin/arduino-mega2560/tsrb.a(tsrb.o)

.debug_macinfo
 *(.debug_macinfo)

.debug_weaknames
 *(.debug_weaknames)

.debug_funcnames
 *(.debug_funcnames)

.debug_typenames
 *(.debug_typenames)

.debug_varnames
 *(.debug_varnames)

.debug_pubtypes
 *(.debug_pubtypes)

.debug_ranges   0x0000000000000000      0x5f8
 *(.debug_ranges)
 .debug_ranges  0x0000000000000000       0x20 /home/waqar/RIOT/examples/test/bin/arduino-mega2560/cpu/startup.o
 .debug_ranges  0x0000000000000020       0x28 /home/waqar/RIOT/examples/test/bin/arduino-mega2560/application_main.a(main.o)
 .debug_ranges  0x0000000000000048       0x10 /home/waqar/RIOT/examples/test/bin/arduino-mega2560/boards_common_atmega.a(board.o)
 .debug_ranges  0x0000000000000058       0x20 /home/waqar/RIOT/examples/test/bin/arduino-mega2560/core.a(mutex.o)
 .debug_ranges  0x0000000000000078       0x28 /home/waqar/RIOT/examples/test/bin/arduino-mega2560/core.a(sched.o)
 .debug_ranges  0x00000000000000a0       0x20 /home/waqar/RIOT/examples/test/bin/arduino-mega2560/core.a(kernel_init.o)
 .debug_ranges  0x00000000000000c0       0x68 /home/waqar/RIOT/examples/test/bin/arduino-mega2560/core.a(thread.o)
 .debug_ranges  0x0000000000000128       0x18 /home/waqar/RIOT/examples/test/bin/arduino-mega2560/core.a(panic.o)
 .debug_ranges  0x0000000000000140       0x10 /home/waqar/RIOT/examples/test/bin/arduino-mega2560/cpu.a(cpu.o)
 .debug_ranges  0x0000000000000150       0xb8 /home/waqar/RIOT/examples/test/bin/arduino-mega2560/xtimer.a(xtimer.o)
 .debug_ranges  0x0000000000000208      0x118 /home/waqar/RIOT/examples/test/bin/arduino-mega2560/xtimer.a(xtimer_core.o)
 .debug_ranges  0x0000000000000320       0x10 /home/waqar/RIOT/examples/test/bin/arduino-mega2560/periph_common.a(init.o)
 .debug_ranges  0x0000000000000330       0x18 /home/waqar/RIOT/examples/test/bin/arduino-mega2560/periph_common.a(pm.o)
 .debug_ranges  0x0000000000000348       0x20 /home/waqar/RIOT/examples/test/bin/arduino-mega2560/atmega_common.a(atmega_stdio.o)
 .debug_ranges  0x0000000000000368       0x40 /home/waqar/RIOT/examples/test/bin/arduino-mega2560/atmega_common.a(irq_arch.o)
 .debug_ranges  0x00000000000003a8       0x38 /home/waqar/RIOT/examples/test/bin/arduino-mega2560/atmega_common.a(thread_arch.o)
 .debug_ranges  0x00000000000003e0       0x70 /home/waqar/RIOT/examples/test/bin/arduino-mega2560/atmega_common_periph.a(timer.o)
 .debug_ranges  0x0000000000000450       0x10 /home/waqar/RIOT/examples/test/bin/arduino-mega2560/auto_init.a(auto_init.o)
 .debug_ranges  0x0000000000000460       0x10 /home/waqar/RIOT/examples/test/bin/arduino-mega2560/boards_common_arduino-atmega.a(led_init.o)
 .debug_ranges  0x0000000000000470       0x20 /home/waqar/RIOT/examples/test/bin/arduino-mega2560/uart_stdio.a(uart_stdio.o)
 .debug_ranges  0x0000000000000490       0x50 /home/waqar/RIOT/examples/test/bin/arduino-mega2560/atmega_common_periph.a(uart.o)
 .debug_ranges  0x00000000000004e0       0xb8 /home/waqar/RIOT/examples/test/bin/arduino-mega2560/atmega_common_periph.a(gpio.o)
 .debug_ranges  0x0000000000000598       0x38 /home/waqar/RIOT/examples/test/bin/arduino-mega2560/isrpipe.a(isrpipe.o)
 .debug_ranges  0x00000000000005d0       0x28 /home/waqar/RIOT/examples/test/bin/arduino-mega2560/tsrb.a(tsrb.o)

.debug_macro    0x0000000000000000    0x168bd
 *(.debug_macro)
 .debug_macro   0x0000000000000000      0x18c /home/waqar/RIOT/examples/test/bin/arduino-mega2560/cpu/startup.o
 .debug_macro   0x000000000000018c      0xa72 /home/waqar/RIOT/examples/test/bin/arduino-mega2560/cpu/startup.o
 .debug_macro   0x0000000000000bfe       0xb8 /home/waqar/RIOT/examples/test/bin/arduino-mega2560/cpu/startup.o
 .debug_macro   0x0000000000000cb6      0x1ad /home/waqar/RIOT/examples/test/bin/arduino-mega2560/cpu/startup.o
 .debug_macro   0x0000000000000e63       0x10 /home/waqar/RIOT/examples/test/bin/arduino-mega2560/cpu/startup.o
 .debug_macro   0x0000000000000e73      0x299 /home/waqar/RIOT/examples/test/bin/arduino-mega2560/cpu/startup.o
 .debug_macro   0x000000000000110c       0x1c /home/waqar/RIOT/examples/test/bin/arduino-mega2560/cpu/startup.o
 .debug_macro   0x0000000000001128       0x9e /home/waqar/RIOT/examples/test/bin/arduino-mega2560/cpu/startup.o
 .debug_macro   0x00000000000011c6     0x1ecb /home/waqar/RIOT/examples/test/bin/arduino-mega2560/cpu/startup.o
 .debug_macro   0x0000000000003091      0x100 /home/waqar/RIOT/examples/test/bin/arduino-mega2560/cpu/startup.o
 .debug_macro   0x0000000000003191      0x2ea /home/waqar/RIOT/examples/test/bin/arduino-mega2560/cpu/startup.o
 .debug_macro   0x000000000000347b       0xd9 /home/waqar/RIOT/examples/test/bin/arduino-mega2560/cpu/startup.o
 .debug_macro   0x0000000000003554       0x34 /home/waqar/RIOT/examples/test/bin/arduino-mega2560/cpu/startup.o
 .debug_macro   0x0000000000003588       0x18 /home/waqar/RIOT/examples/test/bin/arduino-mega2560/cpu/startup.o
 .debug_macro   0x00000000000035a0       0x6c /home/waqar/RIOT/examples/test/bin/arduino-mega2560/cpu/startup.o
 .debug_macro   0x000000000000360c       0x63 /home/waqar/RIOT/examples/test/bin/arduino-mega2560/cpu/startup.o
 .debug_macro   0x000000000000366f       0x58 /home/waqar/RIOT/examples/test/bin/arduino-mega2560/cpu/startup.o
 .debug_macro   0x00000000000036c7       0x10 /home/waqar/RIOT/examples/test/bin/arduino-mega2560/cpu/startup.o
 .debug_macro   0x00000000000036d7       0x97 /home/waqar/RIOT/examples/test/bin/arduino-mega2560/cpu/startup.o
 .debug_macro   0x000000000000376e       0xeb /home/waqar/RIOT/examples/test/bin/arduino-mega2560/cpu/startup.o
 .debug_macro   0x0000000000003859       0xc7 /home/waqar/RIOT/examples/test/bin/arduino-mega2560/cpu/startup.o
 .debug_macro   0x0000000000003920       0x70 /home/waqar/RIOT/examples/test/bin/arduino-mega2560/cpu/startup.o
 .debug_macro   0x0000000000003990       0x16 /home/waqar/RIOT/examples/test/bin/arduino-mega2560/cpu/startup.o
 .debug_macro   0x00000000000039a6       0x22 /home/waqar/RIOT/examples/test/bin/arduino-mega2560/cpu/startup.o
 .debug_macro   0x00000000000039c8       0xe8 /home/waqar/RIOT/examples/test/bin/arduino-mega2560/cpu/startup.o
 .debug_macro   0x0000000000003ab0       0x46 /home/waqar/RIOT/examples/test/bin/arduino-mega2560/cpu/startup.o
 .debug_macro   0x0000000000003af6       0x10 /home/waqar/RIOT/examples/test/bin/arduino-mega2560/cpu/startup.o
 .debug_macro   0x0000000000003b06       0xa9 /home/waqar/RIOT/examples/test/bin/arduino-mega2560/cpu/startup.o
 .debug_macro   0x0000000000003baf       0x16 /home/waqar/RIOT/examples/test/bin/arduino-mega2560/cpu/startup.o
 .debug_macro   0x0000000000003bc5      0x299 /home/waqar/RIOT/examples/test/bin/arduino-mega2560/cpu/startup.o
 .debug_macro   0x0000000000003e5e       0x4c /home/waqar/RIOT/examples/test/bin/arduino-mega2560/cpu/startup.o
 .debug_macro   0x0000000000003eaa      0x2c1 /home/waqar/RIOT/examples/test/bin/arduino-mega2560/application_main.a(main.o)
 .debug_macro   0x000000000000416b      0xa72 /home/waqar/RIOT/examples/test/bin/arduino-mega2560/application_main.a(main.o)
 .debug_macro   0x0000000000004bdd      0x293 /home/waqar/RIOT/examples/test/bin/arduino-mega2560/application_main.a(main.o)
 .debug_macro   0x0000000000004e70       0xef /home/waqar/RIOT/examples/test/bin/arduino-mega2560/application_main.a(main.o)
 .debug_macro   0x0000000000004f5f       0x2f /home/waqar/RIOT/examples/test/bin/arduino-mega2560/application_main.a(main.o)
 .debug_macro   0x0000000000004f8e       0x10 /home/waqar/RIOT/examples/test/bin/arduino-mega2560/application_main.a(main.o)
 .debug_macro   0x0000000000004f9e       0x28 /home/waqar/RIOT/examples/test/bin/arduino-mega2560/application_main.a(main.o)
 .debug_macro   0x0000000000004fc6       0xaa /home/waqar/RIOT/examples/test/bin/arduino-mega2560/application_main.a(main.o)
 .debug_macro   0x0000000000005070       0xdc /home/waqar/RIOT/examples/test/bin/arduino-mega2560/application_main.a(main.o)
 .debug_macro   0x000000000000514c       0x9e /home/waqar/RIOT/examples/test/bin/arduino-mega2560/application_main.a(main.o)
 .debug_macro   0x00000000000051ea       0x16 /home/waqar/RIOT/examples/test/bin/arduino-mega2560/application_main.a(main.o)
 .debug_macro   0x0000000000005200       0x34 /home/waqar/RIOT/examples/test/bin/arduino-mega2560/application_main.a(main.o)
 .debug_macro   0x0000000000005234       0x69 /home/waqar/RIOT/examples/test/bin/arduino-mega2560/application_main.a(main.o)
 .debug_macro   0x000000000000529d       0x43 /home/waqar/RIOT/examples/test/bin/arduino-mega2560/application_main.a(main.o)
 .debug_macro   0x00000000000052e0       0x16 /home/waqar/RIOT/examples/test/bin/arduino-mega2560/application_main.a(main.o)
 .debug_macro   0x00000000000052f6       0x10 /home/waqar/RIOT/examples/test/bin/arduino-mega2560/application_main.a(main.o)
 .debug_macro   0x0000000000005306       0x10 /home/waqar/RIOT/examples/test/bin/arduino-mega2560/application_main.a(main.o)
 .debug_macro   0x0000000000005316      0x18d /home/waqar/RIOT/examples/test/bin/arduino-mega2560/boards_common_atmega.a(board.o)
 .debug_macro   0x00000000000054a3      0xa72 /home/waqar/RIOT/examples/test/bin/arduino-mega2560/boards_common_atmega.a(board.o)
 .debug_macro   0x0000000000005f15      0x20a /home/waqar/RIOT/examples/test/bin/arduino-mega2560/core.a(mutex.o)
 .debug_macro   0x000000000000611f      0xa72 /home/waqar/RIOT/examples/test/bin/arduino-mega2560/core.a(mutex.o)
 .debug_macro   0x0000000000006b91       0x1c /home/waqar/RIOT/examples/test/bin/arduino-mega2560/core.a(mutex.o)
 .debug_macro   0x0000000000006bad      0x20a /home/waqar/RIOT/examples/test/bin/arduino-mega2560/core.a(sched.o)
 .debug_macro   0x0000000000006db7      0xa72 /home/waqar/RIOT/examples/test/bin/arduino-mega2560/core.a(sched.o)
 .debug_macro   0x0000000000007829      0x166 /home/waqar/RIOT/examples/test/bin/arduino-mega2560/core.a(sched.o)
 .debug_macro   0x000000000000798f       0xd6 /home/waqar/RIOT/examples/test/bin/arduino-mega2560/core.a(sched.o)
 .debug_macro   0x0000000000007a65       0x12 /home/waqar/RIOT/examples/test/bin/arduino-mega2560/core.a(sched.o)
 .debug_macro   0x0000000000007a77       0x2e /home/waqar/RIOT/examples/test/bin/arduino-mega2560/core.a(sched.o)
 .debug_macro   0x0000000000007aa5       0x35 /home/waqar/RIOT/examples/test/bin/arduino-mega2560/core.a(sched.o)
 .debug_macro   0x0000000000007ada      0x23a /home/waqar/RIOT/examples/test/bin/arduino-mega2560/core.a(kernel_init.o)
 .debug_macro   0x0000000000007d14      0xa72 /home/waqar/RIOT/examples/test/bin/arduino-mega2560/core.a(kernel_init.o)
 .debug_macro   0x0000000000008786      0x207 /home/waqar/RIOT/examples/test/bin/arduino-mega2560/core.a(kernel_init.o)
 .debug_macro   0x000000000000898d      0x204 /home/waqar/RIOT/examples/test/bin/arduino-mega2560/core.a(thread.o)
 .debug_macro   0x0000000000008b91      0xa72 /home/waqar/RIOT/examples/test/bin/arduino-mega2560/core.a(thread.o)
 .debug_macro   0x0000000000009603      0x19d /home/waqar/RIOT/examples/test/bin/arduino-mega2560/core.a(panic.o)
 .debug_macro   0x00000000000097a0      0xa72 /home/waqar/RIOT/examples/test/bin/arduino-mega2560/core.a(panic.o)
 .debug_macro   0x000000000000a212       0x16 /home/waqar/RIOT/examples/test/bin/arduino-mega2560/core.a(panic.o)
 .debug_macro   0x000000000000a228       0x16 /home/waqar/RIOT/examples/test/bin/arduino-mega2560/core.a(panic.o)
 .debug_macro   0x000000000000a23e       0x20 /home/waqar/RIOT/examples/test/bin/arduino-mega2560/core.a(panic.o)
 .debug_macro   0x000000000000a25e       0x34 /home/waqar/RIOT/examples/test/bin/arduino-mega2560/core.a(panic.o)
 .debug_macro   0x000000000000a292      0x12c /home/waqar/RIOT/examples/test/bin/arduino-mega2560/cpu.a(cpu.o)
 .debug_macro   0x000000000000a3be      0xa72 /home/waqar/RIOT/examples/test/bin/arduino-mega2560/cpu.a(cpu.o)
 .debug_macro   0x000000000000ae30      0x2f9 /home/waqar/RIOT/examples/test/bin/arduino-mega2560/xtimer.a(xtimer.o)
 .debug_macro   0x000000000000b129      0xa72 /home/waqar/RIOT/examples/test/bin/arduino-mega2560/xtimer.a(xtimer.o)
 .debug_macro   0x000000000000bb9b       0x2e /home/waqar/RIOT/examples/test/bin/arduino-mega2560/xtimer.a(xtimer.o)
 .debug_macro   0x000000000000bbc9       0x1c /home/waqar/RIOT/examples/test/bin/arduino-mega2560/xtimer.a(xtimer.o)
 .debug_macro   0x000000000000bbe5      0x2e6 /home/waqar/RIOT/examples/test/bin/arduino-mega2560/xtimer.a(xtimer_core.o)
 .debug_macro   0x000000000000becb      0xa72 /home/waqar/RIOT/examples/test/bin/arduino-mega2560/xtimer.a(xtimer_core.o)
 .debug_macro   0x000000000000c93d       0x16 /home/waqar/RIOT/examples/test/bin/arduino-mega2560/xtimer.a(xtimer_core.o)
 .debug_macro   0x000000000000c953       0x1a /home/waqar/RIOT/examples/test/bin/arduino-mega2560/periph_common.a(init.o)
 .debug_macro   0x000000000000c96d      0xa72 /home/waqar/RIOT/examples/test/bin/arduino-mega2560/periph_common.a(init.o)
 .debug_macro   0x000000000000d3df      0x20c /home/waqar/RIOT/examples/test/bin/arduino-mega2560/periph_common.a(pm.o)
 .debug_macro   0x000000000000d5eb      0xa72 /home/waqar/RIOT/examples/test/bin/arduino-mega2560/periph_common.a(pm.o)
 .debug_macro   0x000000000000e05d      0x196 /home/waqar/RIOT/examples/test/bin/arduino-mega2560/atmega_common.a(atmega_stdio.o)
 .debug_macro   0x000000000000e1f3      0xa72 /home/waqar/RIOT/examples/test/bin/arduino-mega2560/atmega_common.a(atmega_stdio.o)
 .debug_macro   0x000000000000ec65       0x10 /home/waqar/RIOT/examples/test/bin/arduino-mega2560/atmega_common.a(atmega_stdio.o)
 .debug_macro   0x000000000000ec75      0x11c /home/waqar/RIOT/examples/test/bin/arduino-mega2560/atmega_common.a(irq_arch.o)
 .debug_macro   0x000000000000ed91      0xa72 /home/waqar/RIOT/examples/test/bin/arduino-mega2560/atmega_common.a(irq_arch.o)
 .debug_macro   0x000000000000f803      0x24f /home/waqar/RIOT/examples/test/bin/arduino-mega2560/atmega_common.a(thread_arch.o)
 .debug_macro   0x000000000000fa52      0xa72 /home/waqar/RIOT/examples/test/bin/arduino-mega2560/atmega_common.a(thread_arch.o)
 .debug_macro   0x00000000000104c4      0x293 /home/waqar/RIOT/examples/test/bin/arduino-mega2560/atmega_common_periph.a(timer.o)
 .debug_macro   0x0000000000010757      0xa72 /home/waqar/RIOT/examples/test/bin/arduino-mega2560/atmega_common_periph.a(timer.o)
 .debug_macro   0x00000000000111c9      0x2e0 /home/waqar/RIOT/examples/test/bin/arduino-mega2560/auto_init.a(auto_init.o)
 .debug_macro   0x00000000000114a9      0xa72 /home/waqar/RIOT/examples/test/bin/arduino-mega2560/auto_init.a(auto_init.o)
 .debug_macro   0x0000000000011f1b      0x18d /home/waqar/RIOT/examples/test/bin/arduino-mega2560/boards_common_arduino-atmega.a(led_init.o)
 .debug_macro   0x00000000000120a8      0xa72 /home/waqar/RIOT/examples/test/bin/arduino-mega2560/boards_common_arduino-atmega.a(led_init.o)
 .debug_macro   0x0000000000012b1a      0x2c2 /home/waqar/RIOT/examples/test/bin/arduino-mega2560/uart_stdio.a(uart_stdio.o)
 .debug_macro   0x0000000000012ddc      0xa72 /home/waqar/RIOT/examples/test/bin/arduino-mega2560/uart_stdio.a(uart_stdio.o)
 .debug_macro   0x000000000001384e       0x10 /home/waqar/RIOT/examples/test/bin/arduino-mega2560/uart_stdio.a(uart_stdio.o)
 .debug_macro   0x000000000001385e      0x22c /home/waqar/RIOT/examples/test/bin/arduino-mega2560/atmega_common_periph.a(uart.o)
 .debug_macro   0x0000000000013a8a      0xa72 /home/waqar/RIOT/examples/test/bin/arduino-mega2560/atmega_common_periph.a(uart.o)
 .debug_macro   0x00000000000144fc      0x17a /home/waqar/RIOT/examples/test/bin/arduino-mega2560/atmega_common_periph.a(gpio.o)
 .debug_macro   0x0000000000014676      0xa72 /home/waqar/RIOT/examples/test/bin/arduino-mega2560/atmega_common_periph.a(gpio.o)
 .debug_macro   0x00000000000150e8      0x292 /home/waqar/RIOT/examples/test/bin/arduino-mega2560/isrpipe.a(isrpipe.o)
 .debug_macro   0x000000000001537a      0xa72 /home/waqar/RIOT/examples/test/bin/arduino-mega2560/isrpipe.a(isrpipe.o)
 .debug_macro   0x0000000000015dec       0x5f /home/waqar/RIOT/examples/test/bin/arduino-mega2560/tsrb.a(tsrb.o)
 .debug_macro   0x0000000000015e4b      0xa72 /home/waqar/RIOT/examples/test/bin/arduino-mega2560/tsrb.a(tsrb.o)
OUTPUT(/home/waqar/RIOT/examples/test/bin/arduino-mega2560/main.elf elf32-avr)
LOAD linker stubs
