Archive member included to satisfy reference by file (symbol)

/home/waqar/RIOT/examples/test/bin/native/application_main.a(main.o)
                              /usr/lib/gcc/x86_64-linux-gnu/5/../../../../lib32/crt1.o (main)
/home/waqar/RIOT/examples/test/bin/native/board.a(board_init.o)
                              /home/waqar/RIOT/examples/test/bin/native/cpu/startup.o (board_init)
/home/waqar/RIOT/examples/test/bin/native/core.a(mutex.o)
                              /home/waqar/RIOT/examples/test/bin/native/application_main.a(main.o) (_mutex_lock)
/home/waqar/RIOT/examples/test/bin/native/core.a(sched.o)
                              /home/waqar/RIOT/examples/test/bin/native/core.a(mutex.o) (sched_active_thread)
/home/waqar/RIOT/examples/test/bin/native/core.a(kernel_init.o)
                              /home/waqar/RIOT/examples/test/bin/native/cpu/startup.o (kernel_init)
/home/waqar/RIOT/examples/test/bin/native/core.a(assert.o)
                              /home/waqar/RIOT/examples/test/bin/native/cpu/startup.o (_assert_failure)
/home/waqar/RIOT/examples/test/bin/native/core.a(thread.o)
                              /home/waqar/RIOT/examples/test/bin/native/core.a(mutex.o) (thread_add_to_list)
/home/waqar/RIOT/examples/test/bin/native/core.a(panic.o)
                              /home/waqar/RIOT/examples/test/bin/native/core.a(assert.o) (assert_crash_message)
/home/waqar/RIOT/examples/test/bin/native/cpu.a(syscalls.o)
                              /home/waqar/RIOT/examples/test/bin/native/cpu/startup.o (real_exit)
/home/waqar/RIOT/examples/test/bin/native/cpu.a(irq_cpu.o)
                              /home/waqar/RIOT/examples/test/bin/native/cpu.a(syscalls.o) (native_interrupts_enabled)
/home/waqar/RIOT/examples/test/bin/native/cpu.a(native_cpu.o)
                              /home/waqar/RIOT/examples/test/bin/native/core.a(thread.o) (thread_stack_init)
/home/waqar/RIOT/examples/test/bin/native/cpu.a(tramp.o)
                              /home/waqar/RIOT/examples/test/bin/native/cpu.a(irq_cpu.o) (_native_sig_leave_tramp)
/home/waqar/RIOT/examples/test/bin/native/native-drivers.a(native-led.o)
                              /home/waqar/RIOT/examples/test/bin/native/board.a(board_init.o) (_native_LED_GREEN_ON)
/home/waqar/RIOT/examples/test/bin/native/periph.a(uart.o)
                              /home/waqar/RIOT/examples/test/bin/native/cpu/startup.o (tty_uart_setup)
/home/waqar/RIOT/examples/test/bin/native/periph.a(pm.o)
                              /home/waqar/RIOT/examples/test/bin/native/core.a(kernel_init.o) (pm_set_lowest)
/home/waqar/RIOT/examples/test/bin/native/xtimer.a(xtimer_core.o)
                              /home/waqar/RIOT/examples/test/bin/native/cpu.a(syscalls.o) (_xtimer_now64)
/home/waqar/RIOT/examples/test/bin/native/xtimer.a(xtimer.o)
                              /home/waqar/RIOT/examples/test/bin/native/application_main.a(main.o) (_xtimer_tsleep)
/home/waqar/RIOT/examples/test/bin/native/periph_common.a(init.o)
                              /home/waqar/RIOT/examples/test/bin/native/cpu/startup.o (periph_init)
/home/waqar/RIOT/examples/test/bin/native/auto_init.a(auto_init.o)
                              /home/waqar/RIOT/examples/test/bin/native/core.a(kernel_init.o) (auto_init)
/home/waqar/RIOT/examples/test/bin/native/auto_init_gnrc_netif.a(auto_init_netdev_tap.o)
                              /home/waqar/RIOT/examples/test/bin/native/auto_init.a(auto_init.o) (auto_init_netdev_tap)
/home/waqar/RIOT/examples/test/bin/native/core.a(msg.o)
                              /home/waqar/RIOT/examples/test/bin/native/xtimer.a(xtimer.o) (msg_send_int)
/home/waqar/RIOT/examples/test/bin/native/cpu.a(async_read.o)
                              /home/waqar/RIOT/examples/test/bin/native/periph.a(uart.o) (native_async_read_setup)
/home/waqar/RIOT/examples/test/bin/native/div.a(div.o)
                              /home/waqar/RIOT/examples/test/bin/native/xtimer.a(xtimer.o) (_div_mulhi64)
/home/waqar/RIOT/examples/test/bin/native/gnrc_netif.a(gnrc_netif_ethernet.o)
                              /home/waqar/RIOT/examples/test/bin/native/auto_init_gnrc_netif.a(auto_init_netdev_tap.o) (gnrc_netif_ethernet_create)
/home/waqar/RIOT/examples/test/bin/native/gnrc_netif.a(gnrc_netif.o)
                              /home/waqar/RIOT/examples/test/bin/native/gnrc_netif.a(gnrc_netif_ethernet.o) (gnrc_netif_create)
/home/waqar/RIOT/examples/test/bin/native/gnrc_pktbuf.a(gnrc_pktbuf.o)
                              /home/waqar/RIOT/examples/test/bin/native/gnrc_netif.a(gnrc_netif_ethernet.o) (gnrc_pktbuf_remove_snip)
/home/waqar/RIOT/examples/test/bin/native/gnrc_pktbuf_static.a(gnrc_pktbuf_static.o)
                              /home/waqar/RIOT/examples/test/bin/native/auto_init.a(auto_init.o) (gnrc_pktbuf_init)
/home/waqar/RIOT/examples/test/bin/native/gnrc_pktdump.a(gnrc_pktdump.o)
[...]
Memory Configuration

Name             Origin             Length             Attributes
*default*        0x0000000000000000 0xffffffffffffffff

Linker script and memory map

LOAD /usr/lib/gcc/x86_64-linux-gnu/5/../../../../lib32/crt1.o
LOAD /usr/lib/gcc/x86_64-linux-gnu/5/../../../../lib32/crti.o
LOAD /usr/lib/gcc/x86_64-linux-gnu/5/32/crtbegin.o
LOAD /home/waqar/RIOT/examples/test/bin/native/cpu/startup.o
START GROUP
LOAD /home/waqar/RIOT/examples/test/bin/native/application_main.a
LOAD /home/waqar/RIOT/examples/test/bin/native/auto_init.a
LOAD /home/waqar/RIOT/examples/test/bin/native/auto_init_gnrc_netif.a
LOAD /home/waqar/RIOT/examples/test/bin/native/board.a
LOAD /home/waqar/RIOT/examples/test/bin/native/core.a
LOAD /home/waqar/RIOT/examples/test/bin/native/cpu.a
LOAD /home/waqar/RIOT/examples/test/bin/native/div.a
LOAD /home/waqar/RIOT/examples/test/bin/native/fmt.a
LOAD /home/waqar/RIOT/examples/test/bin/native/gnrc.a
LOAD /home/waqar/RIOT/examples/test/bin/native/gnrc_netapi.a
LOAD /home/waqar/RIOT/examples/test/bin/native/gnrc_netif.a
LOAD /home/waqar/RIOT/examples/test/bin/native/gnrc_netif_hdr.a
LOAD /home/waqar/RIOT/examples/test/bin/native/gnrc_netreg.a
LOAD /home/waqar/RIOT/examples/test/bin/native/gnrc_pkt.a
LOAD /home/waqar/RIOT/examples/test/bin/native/gnrc_pktbuf.a
LOAD /home/waqar/RIOT/examples/test/bin/native/gnrc_pktbuf_static.a
LOAD /home/waqar/RIOT/examples/test/bin/native/gnrc_pktdump.a
LOAD /home/waqar/RIOT/examples/test/bin/native/iolist.a
LOAD /home/waqar/RIOT/examples/test/bin/native/native-drivers.a
LOAD /home/waqar/RIOT/examples/test/bin/native/netdev_eth.a
LOAD /home/waqar/RIOT/examples/test/bin/native/netdev_tap.a
LOAD /home/waqar/RIOT/examples/test/bin/native/od.a
LOAD /home/waqar/RIOT/examples/test/bin/native/periph.a
LOAD /home/waqar/RIOT/examples/test/bin/native/posix.a
LOAD /home/waqar/RIOT/examples/test/bin/native/shell.a
LOAD /home/waqar/RIOT/examples/test/bin/native/sys.a
LOAD /home/waqar/RIOT/examples/test/bin/native/xtimer.a
LOAD /home/waqar/RIOT/examples/test/bin/native/periph_common.a
LOAD /usr/lib/gcc/x86_64-linux-gnu/5/../../../../lib32/libm.so
END GROUP
LOAD /usr/lib/gcc/x86_64-linux-gnu/5/../../../../lib32/libdl.so
LOAD /usr/lib/gcc/x86_64-linux-gnu/5/32/libgcc.a
LOAD /usr/lib/gcc/x86_64-linux-gnu/5/32/libgcc_s.so
LOAD /usr/lib/gcc/x86_64-linux-gnu/5/../../../../lib32/libc.so
START GROUP
LOAD /lib32/libc.so.6
LOAD /usr/lib32/libc_nonshared.a
LOAD /lib32/ld-linux.so.2
END GROUP
LOAD /usr/lib/gcc/x86_64-linux-gnu/5/32/libgcc.a
LOAD /usr/lib/gcc/x86_64-linux-gnu/5/32/libgcc_s.so
LOAD /usr/lib/gcc/x86_64-linux-gnu/5/32/crtend.o
LOAD /usr/lib/gcc/x86_64-linux-gnu/5/../../../../lib32/crtn.o
                [!provide]                        PROVIDE (__executable_start, 0x8048000)
                0x0000000008048154                . = (0x8048000 + SIZEOF_HEADERS)

.interp         0x0000000008048154       0x13
 *(.interp)
 .interp        0x0000000008048154       0x13 /usr/lib/gcc/x86_64-linux-gnu/5/../../../../lib32/crt1.o

.note.ABI-tag   0x0000000008048168       0x20
 .note.ABI-tag  0x0000000008048168       0x20 /usr/lib/gcc/x86_64-linux-gnu/5/../../../../lib32/crt1.o

.note.gnu.build-id
                0x0000000008048188       0x24
 *(.note.gnu.build-id)
 .note.gnu.build-id
                0x0000000008048188       0x24 /usr/lib/gcc/x86_64-linux-gnu/5/../../../../lib32/crt1.o

.hash
 *(.hash)

.gnu.hash       0x00000000080481ac       0xc0
 *(.gnu.hash)
 .gnu.hash      0x00000000080481ac       0xc0 /usr/lib/gcc/x86_64-linux-gnu/5/../../../../lib32/crt1.o

.dynsym         0x000000000804826c      0x390
 *(.dynsym)
 .dynsym        0x000000000804826c      0x390 /usr/lib/gcc/x86_64-linux-gnu/5/../../../../lib32/crt1.o

.dynstr         0x00000000080485fc      0x222
 *(.dynstr)
 .dynstr        0x00000000080485fc      0x222 /usr/lib/gcc/x86_64-linux-gnu/5/../../../../lib32/crt1.o

.gnu.version    0x000000000804881e       0x72
 *(.gnu.version)
 .gnu.version   0x000000000804881e       0x72 /usr/lib/gcc/x86_64-linux-gnu/5/../../../../lib32/crt1.o

.gnu.version_d  0x0000000008048890        0x0
 *(.gnu.version_d)
 .gnu.version_d
                0x0000000008048890        0x0 /usr/lib/gcc/x86_64-linux-gnu/5/../../../../lib32/crt1.o

.gnu.version_r  0x0000000008048890       0x60
 *(.gnu.version_r)
 .gnu.version_r
                0x0000000008048890       0x60 /usr/lib/gcc/x86_64-linux-gnu/5/../../../../lib32/crt1.o

.rel.dyn        0x00000000080488f0       0x20
 *(.rel.init)
 *(.rel.text .rel.text.* .rel.gnu.linkonce.t.*)
 .rel.text      0x00000000080488f0        0x0 /usr/lib/gcc/x86_64-linux-gnu/5/../../../../lib32/crt1.o
 .rel.text._native_input
                0x00000000080488f0        0x0 /usr/lib/gcc/x86_64-linux-gnu/5/../../../../lib32/crt1.o
 .rel.text._native_log_output
                0x00000000080488f0        0x0 /usr/lib/gcc/x86_64-linux-gnu/5/../../../../lib32/crt1.o
 .rel.text.daemonize
                0x00000000080488f0        0x0 /usr/lib/gcc/x86_64-linux-gnu/5/../../../../lib32/crt1.o
 .rel.text.filter_daemonize_argv
                0x00000000080488f0        0x0 /usr/lib/gcc/x86_64-linux-gnu/5/../../../../lib32/crt1.o
 .rel.text.usage_exit
                0x00000000080488f0        0x0 /usr/lib/gcc/x86_64-linux-gnu/5/../../../../lib32/crt1.o
 .rel.text.startup
                0x00000000080488f0        0x0 /usr/lib/gcc/x86_64-linux-gnu/5/../../../../lib32/crt1.o
 .rel.text.mutex_init
                0x00000000080488f0        0x0 /usr/lib/gcc/x86_64-linux-gnu/5/../../../../lib32/crt1.o
 .rel.text.mutex_lock
                0x00000000080488f0        0x0 /usr/lib/gcc/x86_64-linux-gnu/5/../../../../lib32/crt1.o
 .rel.text._xtimer_ticks_from_usec
                0x00000000080488f0        0x0 /usr/lib/gcc/x86_64-linux-gnu/5/../../../../lib32/crt1.o
 .rel.text._xtimer_tsleep32
                0x00000000080488f0        0x0 /usr/lib/gcc/x86_64-linux-gnu/5/../../../../lib32/crt1.o
 .rel.text.xtimer_usleep
                0x00000000080488f0        0x0 /usr/lib/gcc/x86_64-linux-gnu/5/../../../../lib32/crt1.o
 .rel.text.AND_Inputs
                0x00000000080488f0        0x0 /usr/lib/gcc/x86_64-linux-gnu/5/../../../../lib32/crt1.o
 .rel.text.AND_Process
                0x00000000080488f0        0x0 /usr/lib/gcc/x86_64-linux-gnu/5/../../../../lib32/crt1.o
 .rel.text.AND_Output
                0x00000000080488f0        0x0 /usr/lib/gcc/x86_64-linux-gnu/5/../../../../lib32/crt1.o
 .rel.text.main
                0x00000000080488f0        0x0 /usr/lib/gcc/x86_64-linux-gnu/5/../../../../lib32/crt1.o
 .rel.text.board_init
                0x00000000080488f0        0x0 /usr/lib/gcc/x86_64-linux-gnu/5/../../../../lib32/crt1.o
 .rel.text.list_remove_head
                0x00000000080488f0        0x0 /usr/lib/gcc/x86_64-linux-gnu/5/../../../../lib32/crt1.o
 .rel.text._mutex_lock
                0x00000000080488f0        0x0 /usr/lib/gcc/x86_64-linux-gnu/5/../../../../lib32/crt1.o
 .rel.text.mutex_unlock
                0x00000000080488f0        0x0 /usr/lib/gcc/x86_64-linux-gnu/5/../../../../lib32/crt1.o
 .rel.text.mutex_unlock_and_sleep
                0x00000000080488f0        0x0 /usr/lib/gcc/x86_64-linux-gnu/5/../../../../lib32/crt1.o
 .rel.text.bitarithm_lsb
                0x00000000080488f0        0x0 /usr/lib/gcc/x86_64-linux-gnu/5/../../../../lib32/crt1.o
 .rel.text.clist_rpush
                0x00000000080488f0        0x0 /usr/lib/gcc/x86_64-linux-gnu/5/../../../../lib32/crt1.o
 .rel.text.clist_lpop
                0x00000000080488f0        0x0 /usr/lib/gcc/x86_64-linux-gnu/5/../../../../lib32/crt1.o
 .rel.text.sched_run
                0x00000000080488f0        0x0 /usr/lib/gcc/x86_64-linux-gnu/5/../../../../lib32/crt1.o
 .rel.text.sched_set_status
                0x00000000080488f0        0x0 /usr/lib/gcc/x86_64-linux-gnu/5/../../../../lib32/crt1.o
 .rel.text.sched_switch
                0x00000000080488f0        0x0 /usr/lib/gcc/x86_64-linux-gnu/5/../../../../lib32/crt1.o
 .rel.text.sched_task_exit
                0x00000000080488f0        0x0 /usr/lib/gcc/x86_64-linux-gnu/5/../../../../lib32/crt1.o
 .rel.text.main_trampoline
                0x00000000080488f0        0x0 /usr/lib/gcc/x86_64-linux-gnu/5/../../../../lib32/crt1.o
 .rel.text.idle_thread
                0x00000000080488f0        0x0 /usr/lib/gcc/x86_64-linux-gnu/5/../../../../lib32/crt1.o
 .rel.text.kernel_init
                0x00000000080488f0        0x0 /usr/lib/gcc/x86_64-linux-gnu/5/../../../../lib32/crt1.o
 .rel.text._assert_failure
                0x00000000080488f0        0x0 /usr/lib/gcc/x86_64-linux-gnu/5/../../../../lib32/crt1.o
 .rel.text.clist_lpoprpush
                0x00000000080488f0        0x0 /usr/lib/gcc/x86_64-linux-gnu/5/../../../../lib32/crt1.o
 .rel.text.cib_init
                0x00000000080488f0        0x0 /usr/lib/gcc/x86_64-linux-gnu/5/../../../../lib32/crt1.o
 .rel.text.pid_is_valid
                0x00000000080488f0        0x0 /usr/lib/gcc/x86_64-linux-gnu/5/../../../../lib32/crt1.o
 .rel.text.thread_get
                0x00000000080488f0        0x0 /usr/lib/gcc/x86_64-linux-gnu/5/../../../../lib32/crt1.o
 .rel.text.thread_getstatus
                0x00000000080488f0        0x0 /usr/lib/gcc/x86_64-linux-gnu/5/../../../../lib32/crt1.o
 .rel.text.thread_getname
                0x00000000080488f0        0x0 /usr/lib/gcc/x86_64-linux-gnu/5/../../../../lib32/crt1.o
 .rel.text.thread_sleep
                0x00000000080488f0        0x0 /usr/lib/gcc/x86_64-linux-gnu/5/../../../../lib32/crt1.o
 .rel.text.thread_wakeup
                0x00000000080488f0        0x0 /usr/lib/gcc/x86_64-linux-gnu/5/../../../../lib32/crt1.o
 .rel.text.thread_yield
                0x00000000080488f0        0x0 /usr/lib/gcc/x86_64-linux-gnu/5/../../../../lib32/crt1.o
 .rel.text.thread_add_to_list
                0x00000000080488f0        0x0 /usr/lib/gcc/x86_64-linux-gnu/5/../../../../lib32/crt1.o
 .rel.text.thread_measure_stack_free
                0x00000000080488f0        0x0 /usr/lib/gcc/x86_64-linux-gnu/5/../../../../lib32/crt1.o
 .rel.text.thread_create
                0x00000000080488f0        0x0 /usr/lib/gcc/x86_64-linux-gnu/5/../../../../lib32/crt1.o
 .rel.text.panic_arch
                0x00000000080488f0        0x0 /usr/lib/gcc/x86_64-linux-gnu/5/../../../../lib32/crt1.o
 .rel.text.core_panic
                0x00000000080488f0        0x0 /usr/lib/gcc/x86_64-linux-gnu/5/../../../../lib32/crt1.o
 .rel.text._xtimer_usec_from_ticks64
                0x00000000080488f0        0x0 /usr/lib/gcc/x86_64-linux-gnu/5/../../../../lib32/crt1.o
 .rel.text.xtimer_now64
                0x00000000080488f0        0x0 /usr/lib/gcc/x86_64-linux-gnu/5/../../../../lib32/crt1.o
 .rel.text.xtimer_now_usec64
                0x00000000080488f0        0x0 /usr/lib/gcc/x86_64-linux-gnu/5/../../../../lib32/crt1.o
 .rel.text.xtimer_usec_from_ticks64
                0x00000000080488f0        0x0 /usr/lib/gcc/x86_64-linux-gnu/5/../../../../lib32/crt1.o
 .rel.text._native_syscall_enter
                0x00000000080488f0        0x0 /usr/lib/gcc/x86_64-linux-gnu/5/../../../../lib32/crt1.o
 .rel.text._native_syscall_leave
                0x00000000080488f0        0x0 /usr/lib/gcc/x86_64-linux-gnu/5/../../../../lib32/crt1.o
 .rel.text.malloc
                0x00000000080488f0        0x0 /usr/lib/gcc/x86_64-linux-gnu/5/../../../../lib32/crt1.o
 .rel.text.free
                0x00000000080488f0        0x0 /usr/lib/gcc/x86_64-linux-gnu/5/../../../../lib32/crt1.o
 .rel.text.calloc
                0x00000000080488f0        0x0 /usr/lib/gcc/x86_64-linux-gnu/5/../../../../lib32/crt1.o
 .rel.text.realloc
                0x00000000080488f0        0x0 /usr/lib/gcc/x86_64-linux-gnu/5/../../../../lib32/crt1.o
 .rel.text._native_read
                0x00000000080488f0        0x0 /usr/lib/gcc/x86_64-linux-gnu/5/../../../../lib32/crt1.o
 .rel.text._native_write
                0x00000000080488f0        0x0 /usr/lib/gcc/x86_64-linux-gnu/5/../../../../lib32/crt1.o
 .rel.text._native_writev
                0x00000000080488f0        0x0 /usr/lib/gcc/x86_64-linux-gnu/5/../../../../lib32/crt1.o
 .rel.text.putchar
                0x00000000080488f0        0x0 /usr/lib/gcc/x86_64-linux-gnu/5/../../../../lib32/crt1.o
 .rel.text.puts
                0x00000000080488f0        0x0 /usr/lib/gcc/x86_64-linux-gnu/5/../../../../lib32/crt1.o
 .rel.text.make_message
                0x00000000080488f0        0x0 /usr/lib/gcc/x86_64-linux-gnu/5/../../../../lib32/crt1.o
 .rel.text.printf
                0x00000000080488f0        0x0 /usr/lib/gcc/x86_64-linux-gnu/5/../../../../lib32/crt1.o
 .rel.text.vprintf
                0x00000000080488f0        0x0 /usr/lib/gcc/x86_64-linux-gnu/5/../../../../lib32/crt1.o
 .rel.text.fprintf
                0x00000000080488f0        0x0 /usr/lib/gcc/x86_64-linux-gnu/5/../../../../lib32/crt1.o
 .rel.text.vfprintf
                0x00000000080488f0        0x0 /usr/lib/gcc/x86_64-linux-gnu/5/../../../../lib32/crt1.o
 .rel.text.vwarn
                0x00000000080488f0        0x0 /usr/lib/gcc/x86_64-linux-gnu/5/../../../../lib32/crt1.o
 .rel.text.vwarnx
                0x00000000080488f0        0x0 /usr/lib/gcc/x86_64-linux-gnu/5/../../../../lib32/crt1.o
 .rel.text.warn
                0x00000000080488f0        0x0 /usr/lib/gcc/x86_64-linux-gnu/5/../../../../lib32/crt1.o
 .rel.text.warnx
                0x00000000080488f0        0x0 /usr/lib/gcc/x86_64-linux-gnu/5/../../../../lib32/crt1.o
 .rel.text.getpid
                0x00000000080488f0        0x0 /usr/lib/gcc/x86_64-linux-gnu/5/../../../../lib32/crt1.o
 .rel.text._gettimeofday
                0x00000000080488f0        0x0 /usr/lib/gcc/x86_64-linux-gnu/5/../../../../lib32/crt1.o
 .rel.text._native_init_syscalls
                0x00000000080488f0        0x0 /usr/lib/gcc/x86_64-linux-gnu/5/../../../../lib32/crt1.o
 .rel.text.thread_isr_stack_pointer
                0x00000000080488f0        0x0 /usr/lib/gcc/x86_64-linux-gnu/5/../../../../lib32/crt1.o
 .rel.text.thread_isr_stack_start
                0x00000000080488f0        0x0 /usr/lib/gcc/x86_64-linux-gnu/5/../../../../lib32/crt1.o
 .rel.text.print_thread_sigmask
                0x00000000080488f0        0x0 /usr/lib/gcc/x86_64-linux-gnu/5/../../../../lib32/crt1.o
 .rel.text.print_sigmasks
                0x00000000080488f0        0x0 /usr/lib/gcc/x86_64-linux-gnu/5/../../../../lib32/crt1.o
 .rel.text.native_print_signals
                0x00000000080488f0        0x0 /usr/lib/gcc/x86_64-linux-gnu/5/../../../../lib32/crt1.o
 .rel.text.irq_disable
                0x00000000080488f0        0x0 /usr/lib/gcc/x86_64-linux-gnu/5/../../../../lib32/crt1.o
 .rel.text.irq_enable
                0x00000000080488f0        0x0 /usr/lib/gcc/x86_64-linux-gnu/5/../../../../lib32/crt1.o
 .rel.text.irq_restore
                0x00000000080488f0        0x0 /usr/lib/gcc/x86_64-linux-gnu/5/../../../../lib32/crt1.o
 .rel.text.irq_is_in
                0x00000000080488f0        0x0 /usr/lib/gcc/x86_64-linux-gnu/5/../../../../lib32/crt1.o
 .rel.text._native_popsig
                0x00000000080488f0        0x0 /usr/lib/gcc/x86_64-linux-gnu/5/../../../../lib32/crt1.o
 .rel.text.native_irq_handler
                0x00000000080488f0        0x0 /usr/lib/gcc/x86_64-linux-gnu/5/../../../../lib32/crt1.o
 .rel.text.isr_set_sigmask
                0x00000000080488f0        0x0 /usr/lib/gcc/x86_64-linux-gnu/5/../../../../lib32/crt1.o
 .rel.text.native_isr_entry
                0x00000000080488f0        0x0 /usr/lib/gcc/x86_64-linux-gnu/5/../../../../lib32/crt1.o
 .rel.text.set_signal_handler
                0x00000000080488f0        0x0 /usr/lib/gcc/x86_64-linux-gnu/5/../../../../lib32/crt1.o
 .rel.text.register_interrupt
                0x00000000080488f0        0x0 /usr/lib/gcc/x86_64-linux-gnu/5/../../../../lib32/crt1.o
 .rel.text.unregister_interrupt
                0x00000000080488f0        0x0 /usr/lib/gcc/x86_64-linux-gnu/5/../../../../lib32/crt1.o
 .rel.text.native_shutdown
                0x00000000080488f0        0x0 /usr/lib/gcc/x86_64-linux-gnu/5/../../../../lib32/crt1.o
 .rel.text.native_interrupt_init
                0x00000000080488f0        0x0 /usr/lib/gcc/x86_64-linux-gnu/5/../../../../lib32/crt1.o
 .rel.text._native_mod_ctx_leave_sigh
                0x00000000080488f0        0x0 /usr/lib/gcc/x86_64-linux-gnu/5/../../../../lib32/crt1.o
 .rel.text.thread_print_stack
                0x00000000080488f0        0x0 /usr/lib/gcc/x86_64-linux-gnu/5/../../../../lib32/crt1.o
 .rel.text.thread_isr_stack_usage
                0x00000000080488f0        0x0 /usr/lib/gcc/x86_64-linux-gnu/5/../../../../lib32/crt1.o
 .rel.text.thread_stack_init
                0x00000000080488f0        0x0 /usr/lib/gcc/x86_64-linux-gnu/5/../../../../lib32/crt1.o
 .rel.text.isr_cpu_switch_context_exit
                0x00000000080488f0        0x0 /usr/lib/gcc/x86_64-linux-gnu/5/../../../../lib32/crt1.o
 .rel.text.cpu_switch_context_exit
                0x00000000080488f0        0x0 /usr/lib/gcc/x86_64-linux-gnu/5/../../../../lib32/crt1.o
 .rel.text.isr_thread_yield
                0x00000000080488f0        0x0 /usr/lib/gcc/x86_64-linux-gnu/5/../../../../lib32/crt1.o
 .rel.text.thread_yield_higher
                0x00000000080488f0        0x0 /usr/lib/gcc/x86_64-linux-gnu/5/../../../../lib32/crt1.o
 .rel.text.native_cpu_init
                0x00000000080488f0        0x0 /usr/lib/gcc/x86_64-linux-gnu/5/../../../../lib32/crt1.o
 .rel.text._native_LED_GREEN_OFF
                0x00000000080488f0        0x0 /usr/lib/gcc/x86_64-linux-gnu/5/../../../../lib32/crt1.o
 .rel.text._native_LED_GREEN_ON
                0x00000000080488f0        0x0 /usr/lib/gcc/x86_64-linux-gnu/5/../../../../lib32/crt1.o
 .rel.text._native_LED_GREEN_TOGGLE
                0x00000000080488f0        0x0 /usr/lib/gcc/x86_64-linux-gnu/5/../../../../lib32/crt1.o
 .rel.text._native_LED_RED_OFF
                0x00000000080488f0        0x0 /usr/lib/gcc/x86_64-linux-gnu/5/../../../../lib32/crt1.o
 .rel.text._native_LED_RED_ON
                0x00000000080488f0        0x0 /usr/lib/gcc/x86_64-linux-gnu/5/../../../../lib32/crt1.o
 .rel.text._native_LED_RED_TOGGLE
                0x00000000080488f0        0x0 /usr/lib/gcc/x86_64-linux-gnu/5/../../../../lib32/crt1.o
 .rel.text.tty_uart_setup
                0x00000000080488f0        0x0 /usr/lib/gcc/x86_64-linux-gnu/5/../../../../lib32/crt1.o
 .rel.text.io_signal_handler
                0x00000000080488f0        0x0 /usr/lib/gcc/x86_64-linux-gnu/5/../../../../lib32/crt1.o
 .rel.text.uart_init
                0x00000000080488f0        0x0 /usr/lib/gcc/x86_64-linux-gnu/5/../../../../lib32/crt1.o
 .rel.text.uart_write
                0x00000000080488f0        0x0 /usr/lib/gcc/x86_64-linux-gnu/5/../../../../lib32/crt1.o
 .rel.text.uart_poweron
                0x00000000080488f0        0x0 /usr/lib/gcc/x86_64-linux-gnu/5/../../../../lib32/crt1.o
 .rel.text.uart_poweroff
                0x00000000080488f0        0x0 /usr/lib/gcc/x86_64-linux-gnu/5/../../../../lib32/crt1.o
 .rel.text.pm_set_lowest
                0x00000000080488f0        0x0 /usr/lib/gcc/x86_64-linux-gnu/5/../../../../lib32/crt1.o
 .rel.text.pm_reboot
                0x00000000080488f0        0x0 /usr/lib/gcc/x86_64-linux-gnu/5/../../../../lib32/crt1.o
 .rel.text._xtimer_lltimer_now
                0x00000000080488f0        0x0 /usr/lib/gcc/x86_64-linux-gnu/5/../../../../lib32/crt1.o
 .rel.text._xtimer_lltimer_mask
                0x00000000080488f0        0x0 /usr/lib/gcc/x86_64-linux-gnu/5/../../../../lib32/crt1.o
 .rel.text._xtimer_now
                0x00000000080488f0        0x0 /usr/lib/gcc/x86_64-linux-gnu/5/../../../../lib32/crt1.o
 .rel.text._xtimer_spin
                0x00000000080488f0        0x0 /usr/lib/gcc/x86_64-linux-gnu/5/../../../../lib32/crt1.o
 .rel.text._is_set
                0x00000000080488f0        0x0 /usr/lib/gcc/x86_64-linux-gnu/5/../../../../lib32/crt1.o
 .rel.text.xtimer_spin_until
                0x00000000080488f0        0x0 /usr/lib/gcc/x86_64-linux-gnu/5/../../../../lib32/crt1.o
 .rel.text.xtimer_init
                0x00000000080488f0        0x0 /usr/lib/gcc/x86_64-linux-gnu/5/../../../../lib32/crt1.o
 .rel.text._xtimer_now_internal
                0x00000000080488f0        0x0 /usr/lib/gcc/x86_64-linux-gnu/5/../../../../lib32/crt1.o
 .rel.text._xtimer_now64
                0x00000000080488f0        0x0 /usr/lib/gcc/x86_64-linux-gnu/5/../../../../lib32/crt1.o
 .rel.text._xtimer_set64
                0x00000000080488f0        0x0 /usr/lib/gcc/x86_64-linux-gnu/5/../../../../lib32/crt1.o
 .rel.text._xtimer_set
                0x00000000080488f0        0x0 /usr/lib/gcc/x86_64-linux-gnu/5/../../../../lib32/crt1.o
 .rel.text._periph_timer_callback
                0x00000000080488f0        0x0 /usr/lib/gcc/x86_64-linux-gnu/5/../../../../lib32/crt1.o
 .rel.text._shoot
                0x00000000080488f0        0x0 /usr/lib/gcc/x86_64-linux-gnu/5/../../../../lib32/crt1.o
 .rel.text._lltimer_set
                0x00000000080488f0        0x0 /usr/lib/gcc/x86_64-linux-gnu/5/../../../../lib32/crt1.o
 .rel.text._xtimer_set_absolute
                0x00000000080488f0        0x0 /usr/lib/gcc/x86_64-linux-gnu/5/../../../../lib32/crt1.o
 .rel.text._add_timer_to_list
                0x00000000080488f0        0x0 /usr/lib/gcc/x86_64-linux-gnu/5/../../../../lib32/crt1.o
 .rel.text._add_timer_to_long_list
                0x00000000080488f0        0x0 /usr/lib/gcc/x86_64-linux-gnu/5/../../../../lib32/crt1.o
 .rel.text._remove_timer_from_list
                0x00000000080488f0        0x0 /usr/lib/gcc/x86_64-linux-gnu/5/../../../../lib32/crt1.o
 .rel.text._remove
                0x00000000080488f0        0x0 /usr/lib/gcc/x86_64-linux-gnu/5/../../../../lib32/crt1.o
 .rel.text.xtimer_remove
                0x00000000080488f0        0x0 /usr/lib/gcc/x86_64-linux-gnu/5/../../../../lib32/crt1.o
 .rel.text._time_left
                0x00000000080488f0        0x0 /usr/lib/gcc/x86_64-linux-gnu/5/../../../../lib32/crt1.o
 .rel.text._this_high_period
                0x00000000080488f0        0x0 /usr/lib/gcc/x86_64-linux-gnu/5/../../../../lib32/crt1.o
 .rel.text._compare
                0x00000000080488f0        0x0 /usr/lib/gcc/x86_64-linux-gnu/5/../../../../lib32/crt1.o
 .rel.text._merge_lists
                0x00000000080488f0        0x0 /usr/lib/gcc/x86_64-linux-gnu/5/../../../../lib32/crt1.o
 .rel.text._select_long_timers
                0x00000000080488f0        0x0 /usr/lib/gcc/x86_64-linux-gnu/5/../../../../lib32/crt1.o
 .rel.text._next_period
                0x00000000080488f0        0x0 /usr/lib/gcc/x86_64-linux-gnu/5/../../../../lib32/crt1.o
 .rel.text._timer_callback
                0x00000000080488f0        0x0 /usr/lib/gcc/x86_64-linux-gnu/5/../../../../lib32/crt1.o
 .rel.text.list_remove
                0x00000000080488f0        0x0 /usr/lib/gcc/x86_64-linux-gnu/5/../../../../lib32/crt1.o
 .rel.text.div_u64_by_15625
                0x00000000080488f0        0x0 /usr/lib/gcc/x86_64-linux-gnu/5/../../../../lib32/crt1.o
 .rel.text.div_u64_by_1000000
                0x00000000080488f0        0x0 /usr/lib/gcc/x86_64-linux-gnu/5/../../../../lib32/crt1.o
 .rel.text._callback_unlock_mutex
                0x00000000080488f0        0x0 /usr/lib/gcc/x86_64-linux-gnu/5/../../../../lib32/crt1.o
 .rel.text._xtimer_tsleep
                0x00000000080488f0        0x0 /usr/lib/gcc/x86_64-linux-gnu/5/../../../../lib32/crt1.o
 .rel.text._xtimer_periodic_wakeup
                0x00000000080488f0        0x0 /usr/lib/gcc/x86_64-linux-gnu/5/../../../../lib32/crt1.o
 .rel.text._callback_msg
                0x00000000080488f0        0x0 /usr/lib/gcc/x86_64-linux-gnu/5/../../../../lib32/crt1.o
 .rel.text._setup_msg
                0x00000000080488f0        0x0 /usr/lib/gcc/x86_64-linux-gnu/5/../../../../lib32/crt1.o
 .rel.text._xtimer_set_msg
                0x00000000080488f0        0x0 /usr/lib/gcc/x86_64-linux-gnu/5/../../../../lib32/crt1.o
 .rel.text._xtimer_set_msg64
                0x00000000080488f0        0x0 /usr/lib/gcc/x86_64-linux-gnu/5/../../../../lib32/crt1.o
 .rel.text._callback_wakeup
                0x00000000080488f0        0x0 /usr/lib/gcc/x86_64-linux-gnu/5/../../../../lib32/crt1.o
 .rel.text._xtimer_set_wakeup
                0x00000000080488f0        0x0 /usr/lib/gcc/x86_64-linux-gnu/5/../../../../lib32/crt1.o
 .rel.text._xtimer_set_wakeup64
                0x00000000080488f0        0x0 /usr/lib/gcc/x86_64-linux-gnu/5/../../../../lib32/crt1.o
 .rel.text.xtimer_now_timex
                0x00000000080488f0        0x0 /usr/lib/gcc/x86_64-linux-gnu/5/../../../../lib32/crt1.o
 .rel.text._setup_timer_msg
                0x00000000080488f0        0x0 /usr/lib/gcc/x86_64-linux-gnu/5/../../../../lib32/crt1.o
 .rel.text._msg_wait
                0x00000000080488f0        0x0 /usr/lib/gcc/x86_64-linux-gnu/5/../../../../lib32/crt1.o
 .rel.text._xtimer_msg_receive_timeout64
                0x00000000080488f0        0x0 /usr/lib/gcc/x86_64-linux-gnu/5/../../../../lib32/crt1.o
 .rel.text._xtimer_msg_receive_timeout
                0x00000000080488f0        0x0 /usr/lib/gcc/x86_64-linux-gnu/5/../../../../lib32/crt1.o
 .rel.text._mutex_timeout
                0x00000000080488f0        0x0 /usr/lib/gcc/x86_64-linux-gnu/5/../../../../lib32/crt1.o
 .rel.text.xtimer_mutex_lock_timeout
                0x00000000080488f0        0x0 /usr/lib/gcc/x86_64-linux-gnu/5/../../../../lib32/crt1.o
 .rel.text.periph_init
                0x00000000080488f0        0x0 /usr/lib/gcc/x86_64-linux-gnu/5/../../../../lib32/crt1.o
 .rel.text.auto_init
                0x00000000080488f0        0x0 /usr/lib/gcc/x86_64-linux-gnu/5/../../../../lib32/crt1.o
 .rel.text.auto_init_netdev_tap
                0x00000000080488f0        0x0 /usr/lib/gcc/x86_64-linux-gnu/5/../../../../lib32/crt1.o
 .rel.text.cib_avail
                0x00000000080488f0        0x0 /usr/lib/gcc/x86_64-linux-gnu/5/../../../../lib32/crt1.o
 .rel.text.cib_get
                0x00000000080488f0        0x0 /usr/lib/gcc/x86_64-linux-gnu/5/../../../../lib32/crt1.o
 .rel.text.cib_put
                0x00000000080488f0        0x0 /usr/lib/gcc/x86_64-linux-gnu/5/../../../../lib32/crt1.o
 .rel.text.queue_msg
                0x00000000080488f0        0x0 /usr/lib/gcc/x86_64-linux-gnu/5/../../../../lib32/crt1.o
 .rel.text.msg_send
                0x00000000080488f0        0x0 /usr/lib/gcc/x86_64-linux-gnu/5/../../../../lib32/crt1.o
 .rel.text.msg_try_send
                0x00000000080488f0        0x0 /usr/lib/gcc/x86_64-linux-gnu/5/../../../../lib32/crt1.o
 .rel.text._msg_send
                0x00000000080488f0        0x0 /usr/lib/gcc/x86_64-linux-gnu/5/../../../../lib32/crt1.o
 .rel.text.msg_send_to_self
                0x00000000080488f0        0x0 /usr/lib/gcc/x86_64-linux-gnu/5/../../../../lib32/crt1.o
 .rel.text.msg_send_int
                0x00000000080488f0        0x0 /usr/lib/gcc/x86_64-linux-gnu/5/../../../../lib32/crt1.o
 .rel.text.msg_send_receive
                0x00000000080488f0        0x0 /usr/lib/gcc/x86_64-linux-gnu/5/../../../../lib32/crt1.o
 .rel.text.msg_reply
                0x00000000080488f0        0x0 /usr/lib/gcc/x86_64-linux-gnu/5/../../../../lib32/crt1.o
 .rel.text.msg_reply_int
                0x00000000080488f0        0x0 /usr/lib/gcc/x86_64-linux-gnu/5/../../../../lib32/crt1.o
 .rel.text.msg_try_receive
                0x00000000080488f0        0x0 /usr/lib/gcc/x86_64-linux-gnu/5/../../../../lib32/crt1.o
 .rel.text.msg_receive
                0x00000000080488f0        0x0 /usr/lib/gcc/x86_64-linux-gnu/5/../../../../lib32/crt1.o
 .rel.text._msg_receive
                0x00000000080488f0        0x0 /usr/lib/gcc/x86_64-linux-gnu/5/../../../../lib32/crt1.o
 .rel.text.msg_avail
                0x00000000080488f0        0x0 /usr/lib/gcc/x86_64-linux-gnu/5/../../../../lib32/crt1.o
 .rel.text.msg_init_queue
                0x00000000080488f0        0x0 /usr/lib/gcc/x86_64-linux-gnu/5/../../../../lib32/crt1.o
 .rel.text.msg_queue_print
                0x00000000080488f0        0x0 /usr/lib/gcc/x86_64-linux-gnu/5/../../../../lib32/crt1.o
 .rel.text._async_io_isr
                0x00000000080488f0        0x0 /usr/lib/gcc/x86_64-linux-gnu/5/../../../../lib32/crt1.o
 .rel.text.native_async_read_setup
                0x00000000080488f0        0x0 /usr/lib/gcc/x86_64-linux-gnu/5/../../../../lib32/crt1.o
 .rel.text.native_async_read_cleanup
                0x00000000080488f0        0x0 /usr/lib/gcc/x86_64-linux-gnu/5/../../../../lib32/crt1.o
 .rel.text.native_async_read_continue
                0x00000000080488f0        0x0 /usr/lib/gcc/x86_64-linux-gnu/5/../../../../lib32/crt1.o
 .rel.text.native_async_read_add_handler
                0x00000000080488f0        0x0 /usr/lib/gcc/x86_64-linux-gnu/5/../../../../lib32/crt1.o
 .rel.text._div_mulhi64
                0x00000000080488f0        0x0 /usr/lib/gcc/x86_64-linux-gnu/5/../../../../lib32/crt1.o
 .rel.text.byteorder_swaps
                0x00000000080488f0        0x0 /usr/lib/gcc/x86_64-linux-gnu/5/../../../../lib32/crt1.o
 .rel.text.byteorder_htons
                0x00000000080488f0        0x0 /usr/lib/gcc/x86_64-linux-gnu/5/../../../../lib32/crt1.o
 .rel.text.byteorder_ntohs
                0x00000000080488f0        0x0 /usr/lib/gcc/x86_64-linux-gnu/5/../../../../lib32/crt1.o
 .rel.text.thread_getpid
                0x00000000080488f0        0x0 /usr/lib/gcc/x86_64-linux-gnu/5/../../../../lib32/crt1.o
 .rel.text.gnrc_nettype_from_ethertype
                0x00000000080488f0        0x0 /usr/lib/gcc/x86_64-linux-gnu/5/../../../../lib32/crt1.o
 .rel.text.gnrc_nettype_to_ethertype
                0x00000000080488f0        0x0 /usr/lib/gcc/x86_64-linux-gnu/5/../../../../lib32/crt1.o
 .rel.text.gnrc_pktbuf_release
                0x00000000080488f0        0x0 /usr/lib/gcc/x86_64-linux-gnu/5/../../../../lib32/crt1.o
 .rel.text.gnrc_netif_hdr_init
                0x00000000080488f0        0x0 /usr/lib/gcc/x86_64-linux-gnu/5/../../../../lib32/crt1.o
 .rel.text.gnrc_netif_hdr_get_src_addr
                0x00000000080488f0        0x0 /usr/lib/gcc/x86_64-linux-gnu/5/../../../../lib32/crt1.o
 .rel.text.gnrc_netif_hdr_set_src_addr
                0x00000000080488f0        0x0 /usr/lib/gcc/x86_64-linux-gnu/5/../../../../lib32/crt1.o
 .rel.text.gnrc_netif_hdr_get_dst_addr
                0x00000000080488f0        0x0 /usr/lib/gcc/x86_64-linux-gnu/5/../../../../lib32/crt1.o
 .rel.text.gnrc_netif_hdr_set_dst_addr
                0x00000000080488f0        0x0 /usr/lib/gcc/x86_64-linux-gnu/5/../../../../lib32/crt1.o
 .rel.text.gnrc_netif_ethernet_create
                0x00000000080488f0        0x0 /usr/lib/gcc/x86_64-linux-gnu/5/../../../../lib32/crt1.o
 .rel.text._addr_set_broadcast
                0x00000000080488f0        0x0 /usr/lib/gcc/x86_64-linux-gnu/5/../../../../lib32/crt1.o
 .rel.text._addr_set_multicast
                0x00000000080488f0        0x0 /usr/lib/gcc/x86_64-linux-gnu/5/../../../../lib32/crt1.o
 .rel.text._send
                0x00000000080488f0        0x0 /usr/lib/gcc/x86_64-linux-gnu/5/../../../../lib32/crt1.o
 .rel.text._recv
                0x00000000080488f0        0x0 /usr/lib/gcc/x86_64-linux-gnu/5/../../../../lib32/crt1.o
 .rel.text.gnrc_netapi_dispatch_receive
                0x00000000080488f0        0x0 /usr/lib/gcc/x86_64-linux-gnu/5/../../../../lib32/crt1.o
 .rel.text.rmutex_init
                0x00000000080488f0        0x0 /usr/lib/gcc/x86_64-linux-gnu/5/../../../../lib32/crt1.o
 .rel.text.gnrc_netif_create
                0x00000000080488f0        0x0 /usr/lib/gcc/x86_64-linux-gnu/5/../../../../lib32/crt1.o
 .rel.text.gnrc_netif_numof
                0x00000000080488f0        0x0 /usr/lib/gcc/x86_64-linux-gnu/5/../../../../lib32/crt1.o
 .rel.text.gnrc_netif_iter
                0x00000000080488f0        0x0 /usr/lib/gcc/x86_64-linux-gnu/5/../../../../lib32/crt1.o
 .rel.text.gnrc_netif_get_from_netdev
                0x00000000080488f0        0x0 /usr/lib/gcc/x86_64-linux-gnu/5/../../../../lib32/crt1.o
 .rel.text.gnrc_netif_set_from_netdev
                0x00000000080488f0        0x0 /usr/lib/gcc/x86_64-linux-gnu/5/../../../../lib32/crt1.o
 .rel.text.gnrc_netif_get_by_pid
                0x00000000080488f0        0x0 /usr/lib/gcc/x86_64-linux-gnu/5/../../../../lib32/crt1.o
 .rel.text._half_byte_to_char
                0x00000000080488f0        0x0 /usr/lib/gcc/x86_64-linux-gnu/5/../../../../lib32/crt1.o
 .rel.text.gnrc_netif_addr_to_str
                0x00000000080488f0        0x0 /usr/lib/gcc/x86_64-linux-gnu/5/../../../../lib32/crt1.o
 .rel.text._dehex
                0x00000000080488f0        0x0 /usr/lib/gcc/x86_64-linux-gnu/5/../../../../lib32/crt1.o
 .rel.text.gnrc_netif_addr_from_str
                0x00000000080488f0        0x0 /usr/lib/gcc/x86_64-linux-gnu/5/../../../../lib32/crt1.o
 .rel.text.gnrc_netif_acquire
                0x00000000080488f0        0x0 /usr/lib/gcc/x86_64-linux-gnu/5/../../../../lib32/crt1.o
 .rel.text.gnrc_netif_release
                0x00000000080488f0        0x0 /usr/lib/gcc/x86_64-linux-gnu/5/../../../../lib32/crt1.o
 .rel.text.gnrc_netif_is_6ln
                0x00000000080488f0        0x0 /usr/lib/gcc/x86_64-linux-gnu/5/../../../../lib32/crt1.o
 .rel.text._update_l2addr_from_dev
                0x00000000080488f0        0x0 /usr/lib/gcc/x86_64-linux-gnu/5/../../../../lib32/crt1.o
 .rel.text._init_from_device
                0x00000000080488f0        0x0 /usr/lib/gcc/x86_64-linux-gnu/5/../../../../lib32/crt1.o
 .rel.text._pass_on_packet
                0x00000000080488f0        0x0 /usr/lib/gcc/x86_64-linux-gnu/5/../../../../lib32/crt1.o
 .rel.text._event_cb
                0x00000000080488f0        0x0 /usr/lib/gcc/x86_64-linux-gnu/5/../../../../lib32/crt1.o
 .rel.text.gnrc_pkt_count
                0x00000000080488f0        0x0 /usr/lib/gcc/x86_64-linux-gnu/5/../../../../lib32/crt1.o
 .rel.text.gnrc_pktbuf_get_iovec
                0x00000000080488f0        0x0 /usr/lib/gcc/x86_64-linux-gnu/5/../../../../lib32/crt1.o
 .rel.text.gnrc_pktbuf_remove_snip
                0x00000000080488f0        0x0 /usr/lib/gcc/x86_64-linux-gnu/5/../../../../lib32/crt1.o
 .rel.text.gnrc_pktbuf_replace_snip
                0x00000000080488f0        0x0 /usr/lib/gcc/x86_64-linux-gnu/5/../../../../lib32/crt1.o
 .rel.text.gnrc_pkt_len_upto
                0x00000000080488f0        0x0 /usr/lib/gcc/x86_64-linux-gnu/5/../../../../lib32/crt1.o
 .rel.text._pktbuf_contains
                0x00000000080488f0        0x0 /usr/lib/gcc/x86_64-linux-gnu/5/../../../../lib32/crt1.o
 .rel.text._align
                0x00000000080488f0        0x0 /usr/lib/gcc/x86_64-linux-gnu/5/../../../../lib32/crt1.o
 .rel.text._set_pktsnip
                0x00000000080488f0        0x0 /usr/lib/gcc/x86_64-linux-gnu/5/../../../../lib32/crt1.o
 .rel.text.gnrc_pktbuf_init
                0x00000000080488f0        0x0 /usr/lib/gcc/x86_64-linux-gnu/5/../../../../lib32/crt1.o
 .rel.text.gnrc_pktbuf_add
                0x00000000080488f0        0x0 /usr/lib/gcc/x86_64-linux-gnu/5/../../../../lib32/crt1.o
 .rel.text.gnrc_pktbuf_mark
                0x00000000080488f0        0x0 /usr/lib/gcc/x86_64-linux-gnu/5/../../../../lib32/crt1.o
 .rel.text.gnrc_pktbuf_realloc_data
                0x00000000080488f0        0x0 /usr/lib/gcc/x86_64-linux-gnu/5/../../../../lib32/crt1.o
 .rel.text.gnrc_pktbuf_hold
                0x00000000080488f0        0x0 /usr/lib/gcc/x86_64-linux-gnu/5/../../../../lib32/crt1.o
 .rel.text._release_error_locked
                0x00000000080488f0        0x0 /usr/lib/gcc/x86_64-linux-gnu/5/../../../../lib32/crt1.o
 .rel.text.gnrc_pktbuf_release_error
                0x00000000080488f0        0x0 /usr/lib/gcc/x86_64-linux-gnu/5/../../../../lib32/crt1.o
 .rel.text.gnrc_pktbuf_start_write
                0x00000000080488f0        0x0 /usr/lib/gcc/x86_64-linux-gnu/5/../../../../lib32/crt1.o
 .rel.text._print_chunk
                0x00000000080488f0        0x0 /usr/lib/gcc/x86_64-linux-gnu/5/../../../../lib32/crt1.o
 .rel.text._print_unused
                0x00000000080488f0        0x0 /usr/lib/gcc/x86_64-linux-gnu/5/../../../../lib32/crt1.o
 .rel.text.gnrc_pktbuf_stats
                0x00000000080488f0        0x0 /usr/lib/gcc/x86_64-linux-gnu/5/../../../../lib32/crt1.o
 .rel.text._create_snip
                0x00000000080488f0        0x0 /usr/lib/gcc/x86_64-linux-gnu/5/../../../../lib32/crt1.o
 .rel.text._pktbuf_alloc
                0x00000000080488f0        0x0 /usr/lib/gcc/x86_64-linux-gnu/5/../../../../lib32/crt1.o
 .rel.text._too_small_hole
                0x00000000080488f0        0x0 /usr/lib/gcc/x86_64-linux-gnu/5/../../../../lib32/crt1.o
 .rel.text._merge
                0x00000000080488f0        0x0 /usr/lib/gcc/x86_64-linux-gnu/5/../../../../lib32/crt1.o
 .rel.text._pktbuf_free
                0x00000000080488f0        0x0 /usr/lib/gcc/x86_64-linux-gnu/5/../../../../lib32/crt1.o
 .rel.text.gnrc_pktbuf_duplicate_upto
                0x00000000080488f0        0x0 /usr/lib/gcc/x86_64-linux-gnu/5/../../../../lib32/crt1.o
 .rel.text._dump_snip
                0x00000000080488f0        0x0 /usr/lib/gcc/x86_64-linux-gnu/5/../../../../lib32/crt1.o
 .rel.text._dump
                0x00000000080488f0        0x0 /usr/lib/gcc/x86_64-linux-gnu/5/../../../../lib32/crt1.o
 .rel.text.gnrc_pktdump_init
                0x00000000080488f0        0x0 /usr/lib/gcc/x86_64-linux-gnu/5/../../../../lib32/crt1.o
 .rel.text._get_mac_addr
                0x00000000080488f0        0x0 /usr/lib/gcc/x86_64-linux-gnu/5/../../../../lib32/crt1.o
 .rel.text._set_mac_addr
                0x00000000080488f0        0x0 /usr/lib/gcc/x86_64-linux-gnu/5/../../../../lib32/crt1.o
 .rel.text._get_promiscous
                0x00000000080488f0        0x0 /usr/lib/gcc/x86_64-linux-gnu/5/../../../../lib32/crt1.o
 .rel.text._set_promiscous
                0x00000000080488f0        0x0 /usr/lib/gcc/x86_64-linux-gnu/5/../../../../lib32/crt1.o
 .rel.text._isr
                0x00000000080488f0        0x0 /usr/lib/gcc/x86_64-linux-gnu/5/../../../../lib32/crt1.o
 .rel.text._get
                0x00000000080488f0        0x0 /usr/lib/gcc/x86_64-linux-gnu/5/../../../../lib32/crt1.o
 .rel.text._set
                0x00000000080488f0        0x0 /usr/lib/gcc/x86_64-linux-gnu/5/../../../../lib32/crt1.o
 .rel.text._is_addr_broadcast
                0x00000000080488f0        0x0 /usr/lib/gcc/x86_64-linux-gnu/5/../../../../lib32/crt1.o
 .rel.text._is_addr_multicast
                0x00000000080488f0        0x0 /usr/lib/gcc/x86_64-linux-gnu/5/../../../../lib32/crt1.o
 .rel.text._continue_reading
                0x00000000080488f0        0x0 /usr/lib/gcc/x86_64-linux-gnu/5/../../../../lib32/crt1.o
 .rel.text.netdev_tap_setup
                0x00000000080488f0        0x0 /usr/lib/gcc/x86_64-linux-gnu/5/../../../../lib32/crt1.o
 .rel.text._tap_isr
                0x00000000080488f0        0x0 /usr/lib/gcc/x86_64-linux-gnu/5/../../../../lib32/crt1.o
 .rel.text._init
                0x00000000080488f0        0x0 /usr/lib/gcc/x86_64-linux-gnu/5/../../../../lib32/crt1.o
 .rel.text.od_hex_dump
                0x00000000080488f0        0x0 /usr/lib/gcc/x86_64-linux-gnu/5/../../../../lib32/crt1.o
 .rel.text.rtc_init
                0x00000000080488f0        0x0 /usr/lib/gcc/x86_64-linux-gnu/5/../../../../lib32/crt1.o
 .rel.text.rtc_poweron
                0x00000000080488f0        0x0 /usr/lib/gcc/x86_64-linux-gnu/5/../../../../lib32/crt1.o
 .rel.text.rtc_poweroff
                0x00000000080488f0        0x0 /usr/lib/gcc/x86_64-linux-gnu/5/../../../../lib32/crt1.o
 .rel.text.rtc_set_time
                0x00000000080488f0        0x0 /usr/lib/gcc/x86_64-linux-gnu/5/../../../../lib32/crt1.o
 .rel.text.rtc_get_time
                0x00000000080488f0        0x0 /usr/lib/gcc/x86_64-linux-gnu/5/../../../../lib32/crt1.o
 .rel.text.rtc_set_alarm
                0x00000000080488f0        0x0 /usr/lib/gcc/x86_64-linux-gnu/5/../../../../lib32/crt1.o
 .rel.text.rtc_get_alarm
                0x00000000080488f0        0x0 /usr/lib/gcc/x86_64-linux-gnu/5/../../../../lib32/crt1.o
 .rel.text.rtc_clear_alarm
                0x00000000080488f0        0x0 /usr/lib/gcc/x86_64-linux-gnu/5/../../../../lib32/crt1.o
 .rel.text.ts2ticks
                0x00000000080488f0        0x0 /usr/lib/gcc/x86_64-linux-gnu/5/../../../../lib32/crt1.o
 .rel.text.native_isr_timer
                0x00000000080488f0        0x0 /usr/lib/gcc/x86_64-linux-gnu/5/../../../../lib32/crt1.o
 .rel.text.timer_init
                0x00000000080488f0        0x0 /usr/lib/gcc/x86_64-linux-gnu/5/../../../../lib32/crt1.o
 .rel.text.do_timer_set
                0x00000000080488f0        0x0 /usr/lib/gcc/x86_64-linux-gnu/5/../../../../lib32/crt1.o
 .rel.text.timer_set
                0x00000000080488f0        0x0 /usr/lib/gcc/x86_64-linux-gnu/5/../../../../lib32/crt1.o
 .rel.text.timer_set_absolute
                0x00000000080488f0        0x0 /usr/lib/gcc/x86_64-linux-gnu/5/../../../../lib32/crt1.o
 .rel.text.timer_clear
                0x00000000080488f0        0x0 /usr/lib/gcc/x86_64-linux-gnu/5/../../../../lib32/crt1.o
 .rel.text.timer_start
                0x00000000080488f0        0x0 /usr/lib/gcc/x86_64-linux-gnu/5/../../../../lib32/crt1.o
 .rel.text.timer_stop
                0x00000000080488f0        0x0 /usr/lib/gcc/x86_64-linux-gnu/5/../../../../lib32/crt1.o
 .rel.text.timer_read
                0x00000000080488f0        0x0 /usr/lib/gcc/x86_64-linux-gnu/5/../../../../lib32/crt1.o
 .rel.text.mutex_trylock
                0x00000000080488f0        0x0 /usr/lib/gcc/x86_64-linux-gnu/5/../../../../lib32/crt1.o
 .rel.text._lock
                0x00000000080488f0        0x0 /usr/lib/gcc/x86_64-linux-gnu/5/../../../../lib32/crt1.o
 .rel.text.rmutex_lock
                0x00000000080488f0        0x0 /usr/lib/gcc/x86_64-linux-gnu/5/../../../../lib32/crt1.o
 .rel.text.rmutex_trylock
                0x00000000080488f0        0x0 /usr/lib/gcc/x86_64-linux-gnu/5/../../../../lib32/crt1.o
 .rel.text.rmutex_unlock
                0x00000000080488f0        0x0 /usr/lib/gcc/x86_64-linux-gnu/5/../../../../lib32/crt1.o
 .rel.text._is_digit
                0x00000000080488f0        0x0 /usr/lib/gcc/x86_64-linux-gnu/5/../../../../lib32/crt1.o
 .rel.text.fmt_byte_hex
                0x00000000080488f0        0x0 /usr/lib/gcc/x86_64-linux-gnu/5/../../../../lib32/crt1.o
 .rel.text.fmt_bytes_hex
                0x00000000080488f0        0x0 /usr/lib/gcc/x86_64-linux-gnu/5/../../../../lib32/crt1.o
 .rel.text.fmt_strlen
                0x00000000080488f0        0x0 /usr/lib/gcc/x86_64-linux-gnu/5/../../../../lib32/crt1.o
 .rel.text.fmt_str
                0x00000000080488f0        0x0 /usr/lib/gcc/x86_64-linux-gnu/5/../../../../lib32/crt1.o
 .rel.text.fmt_bytes_hex_reverse
                0x00000000080488f0        0x0 /usr/lib/gcc/x86_64-linux-gnu/5/../../../../lib32/crt1.o
 .rel.text._byte_mod25
                0x00000000080488f0        0x0 /usr/lib/gcc/x86_64-linux-gnu/5/../../../../lib32/crt1.o
 .rel.text._hex_nib
                0x00000000080488f0        0x0 /usr/lib/gcc/x86_64-linux-gnu/5/../../../../lib32/crt1.o
 .rel.text.fmt_hex_bytes
                0x00000000080488f0        0x0 /usr/lib/gcc/x86_64-linux-gnu/5/../../../../lib32/crt1.o
 .rel.text.fmt_u32_hex
                0x00000000080488f0        0x0 /usr/lib/gcc/x86_64-linux-gnu/5/../../../../lib32/crt1.o
 .rel.text.fmt_u64_hex
                0x00000000080488f0        0x0 /usr/lib/gcc/x86_64-linux-gnu/5/../../../../lib32/crt1.o
 .rel.text.fmt_u64_dec
                0x00000000080488f0        0x0 /usr/lib/gcc/x86_64-linux-gnu/5/../../../../lib32/crt1.o
 .rel.text.fmt_u32_dec
                0x00000000080488f0        0x0 /usr/lib/gcc/x86_64-linux-gnu/5/../../../../lib32/crt1.o
 .rel.text.fmt_u16_dec
                0x00000000080488f0        0x0 /usr/lib/gcc/x86_64-linux-gnu/5/../../../../lib32/crt1.o
 .rel.text.fmt_s64_dec
                0x00000000080488f0        0x0 /usr/lib/gcc/x86_64-linux-gnu/5/../../../../lib32/crt1.o
 .rel.text.fmt_s32_dec
                0x00000000080488f0        0x0 /usr/lib/gcc/x86_64-linux-gnu/5/../../../../lib32/crt1.o
 .rel.text.fmt_s16_dec
                0x00000000080488f0        0x0 /usr/lib/gcc/x86_64-linux-gnu/5/../../../../lib32/crt1.o
 .rel.text.fmt_s16_dfp
                0x00000000080488f0        0x0 /usr/lib/gcc/x86_64-linux-gnu/5/../../../../lib32/crt1.o
 .rel.text.fmt_s32_dfp
                0x00000000080488f0        0x0 /usr/lib/gcc/x86_64-linux-gnu/5/../../../../lib32/crt1.o
 .rel.text.fmt_float
                0x00000000080488f0        0x0 /usr/lib/gcc/x86_64-linux-gnu/5/../../../../lib32/crt1.o
 .rel.text.fmt_lpad
                0x00000000080488f0        0x0 /usr/lib/gcc/x86_64-linux-gnu/5/../../../../lib32/crt1.o
 .rel.text.scn_u32_dec
                0x00000000080488f0        0x0 /usr/lib/gcc/x86_64-linux-gnu/5/../../../../lib32/crt1.o
 .rel.text.print
                0x00000000080488f0        0x0 /usr/lib/gcc/x86_64-linux-gnu/5/../../../../lib32/crt1.o
 .rel.text.print_u32_dec
                0x00000000080488f0        0x0 /usr/lib/gcc/x86_64-linux-gnu/5/../../../../lib32/crt1.o
 .rel.text.print_s32_dec
                0x00000000080488f0        0x0 /usr/lib/gcc/x86_64-linux-gnu/5/../../../../lib32/crt1.o
 .rel.text.print_byte_hex
                0x00000000080488f0        0x0 /usr/lib/gcc/x86_64-linux-gnu/5/../../../../lib32/crt1.o
 .rel.text.print_u32_hex
                0x00000000080488f0        0x0 /usr/lib/gcc/x86_64-linux-gnu/5/../../../../lib32/crt1.o
 .rel.text.print_u64_hex
                0x00000000080488f0        0x0 /usr/lib/gcc/x86_64-linux-gnu/5/../../../../lib32/crt1.o
 .rel.text.print_u64_dec
                0x00000000080488f0        0x0 /usr/lib/gcc/x86_64-linux-gnu/5/../../../../lib32/crt1.o
 .rel.text.print_s64_dec
                0x00000000080488f0        0x0 /usr/lib/gcc/x86_64-linux-gnu/5/../../../../lib32/crt1.o
 .rel.text.print_float
                0x00000000080488f0        0x0 /usr/lib/gcc/x86_64-linux-gnu/5/../../../../lib32/crt1.o
 .rel.text.print_str
                0x00000000080488f0        0x0 /usr/lib/gcc/x86_64-linux-gnu/5/../../../../lib32/crt1.o
 .rel.text._get_set
                0x00000000080488f0        0x0 /usr/lib/gcc/x86_64-linux-gnu/5/../../../../lib32/crt1.o
 .rel.text._snd_rcv
                0x00000000080488f0        0x0 /usr/lib/gcc/x86_64-linux-gnu/5/../../../../lib32/crt1.o
 .rel.text.gnrc_netapi_dispatch
                0x00000000080488f0        0x0 /usr/lib/gcc/x86_64-linux-gnu/5/../../../../lib32/crt1.o
 .rel.text.gnrc_netapi_send
                0x00000000080488f0        0x0 /usr/lib/gcc/x86_64-linux-gnu/5/../../../../lib32/crt1.o
 .rel.text.gnrc_netapi_receive
                0x00000000080488f0        0x0 /usr/lib/gcc/x86_64-linux-gnu/5/../../../../lib32/crt1.o
 .rel.text.gnrc_netapi_get
                0x00000000080488f0        0x0 /usr/lib/gcc/x86_64-linux-gnu/5/../../../../lib32/crt1.o
 .rel.text.gnrc_netapi_set
                0x00000000080488f0        0x0 /usr/lib/gcc/x86_64-linux-gnu/5/../../../../lib32/crt1.o
 .rel.text.gnrc_netif_hdr_print
                0x00000000080488f0        0x0 /usr/lib/gcc/x86_64-linux-gnu/5/../../../../lib32/crt1.o
 .rel.text.gnrc_netreg_init
                0x00000000080488f0        0x0 /usr/lib/gcc/x86_64-linux-gnu/5/../../../../lib32/crt1.o
 .rel.text.gnrc_netreg_register
                0x00000000080488f0        0x0 /usr/lib/gcc/x86_64-linux-gnu/5/../../../../lib32/crt1.o
 .rel.text.gnrc_netreg_unregister
                0x00000000080488f0        0x0 /usr/lib/gcc/x86_64-linux-gnu/5/../../../../lib32/crt1.o
 .rel.text._netreg_lookup
                0x00000000080488f0        0x0 /usr/lib/gcc/x86_64-linux-gnu/5/../../../../lib32/crt1.o
 .rel.text.gnrc_netreg_lookup
                0x00000000080488f0        0x0 /usr/lib/gcc/x86_64-linux-gnu/5/../../../../lib32/crt1.o
 .rel.text.gnrc_netreg_num
                0x00000000080488f0        0x0 /usr/lib/gcc/x86_64-linux-gnu/5/../../../../lib32/crt1.o
 .rel.text.gnrc_netreg_getnext
                0x00000000080488f0        0x0 /usr/lib/gcc/x86_64-linux-gnu/5/../../../../lib32/crt1.o
 .rel.text.gnrc_netreg_calc_csum
                0x00000000080488f0        0x0 /usr/lib/gcc/x86_64-linux-gnu/5/../../../../lib32/crt1.o
 .rel.text.gnrc_pktsnip_search_type
                0x00000000080488f0        0x0 /usr/lib/gcc/x86_64-linux-gnu/5/../../../../lib32/crt1.o
 .rel.text.iolist_count
                0x00000000080488f0        0x0 /usr/lib/gcc/x86_64-linux-gnu/5/../../../../lib32/crt1.o
 .rel.text.iolist_size
                0x00000000080488f0        0x0 /usr/lib/gcc/x86_64-linux-gnu/5/../../../../lib32/crt1.o
 .rel.text.iolist_to_iovec
                0x00000000080488f0        0x0 /usr/lib/gcc/x86_64-linux-gnu/5/../../../../lib32/crt1.o
 .rel.text.ethernet_get_iid
                0x00000000080488f0        0x0 /usr/lib/gcc/x86_64-linux-gnu/5/../../../../lib32/crt1.o
 .rel.text._get_iid
                0x00000000080488f0        0x0 /usr/lib/gcc/x86_64-linux-gnu/5/../../../../lib32/crt1.o
 .rel.text.netdev_eth_get
                0x00000000080488f0        0x0 /usr/lib/gcc/x86_64-linux-gnu/5/../../../../lib32/crt1.o
 .rel.text.netdev_eth_set
                0x00000000080488f0        0x0 /usr/lib/gcc/x86_64-linux-gnu/5/../../../../lib32/crt1.o
 *(.rel.fini)
 *(.rel.rodata .rel.rodata.* .rel.gnu.linkonce.r.*)
 .rel.rodata.ethernet_ops
                0x00000000080488f0        0x0 /usr/lib/gcc/x86_64-linux-gnu/5/../../../../lib32/crt1.o
 *(.rel.data.rel.ro .rel.data.rel.ro.* .rel.gnu.linkonce.d.rel.ro.*)
 *(.rel.data .rel.data.* .rel.gnu.linkonce.d.*)
 *(.rel.tdata .rel.tdata.* .rel.gnu.linkonce.td.*)
 *(.rel.tbss .rel.tbss.* .rel.gnu.linkonce.tb.*)
 *(.rel.ctors)
 *(.rel.dtors)
 *(.rel.got)
 .rel.got       0x00000000080488f0        0x8 /usr/lib/gcc/x86_64-linux-gnu/5/../../../../lib32/crt1.o
 *(.rel.bss .rel.bss.* .rel.gnu.linkonce.b.*)
 .rel.bss       0x00000000080488f8       0x18 /usr/lib/gcc/x86_64-linux-gnu/5/../../../../lib32/crt1.o
 *(.rel.ifunc)

.rel.plt        0x0000000008048910       0xe8
 *(.rel.plt)
 .rel.plt       0x0000000008048910       0xe8 /usr/lib/gcc/x86_64-linux-gnu/5/../../../../lib32/crt1.o
                [!provide]                        PROVIDE (__rel_iplt_start, .)
 *(.rel.iplt)
 .rel.iplt      0x00000000080489f8        0x0 /usr/lib/gcc/x86_64-linux-gnu/5/../../../../lib32/crt1.o
                [!provide]                        PROVIDE (__rel_iplt_end, .)

.init           0x00000000080489f8       0x23
 *(SORT(.init))
 .init          0x00000000080489f8       0x1e /usr/lib/gcc/x86_64-linux-gnu/5/../../../../lib32/crti.o
                0x00000000080489f8                _init
 .init          0x0000000008048a16        0x5 /usr/lib/gcc/x86_64-linux-gnu/5/../../../../lib32/crtn.o

.plt            0x0000000008048a20      0x1e0
 *(.plt)
 .plt           0x0000000008048a20      0x1e0 /usr/lib/gcc/x86_64-linux-gnu/5/../../../../lib32/crt1.o
                0x0000000008048a30                strcmp@@GLIBC_2.0
                0x0000000008048a40                sigprocmask@@GLIBC_2.0
                0x0000000008048a50                memcpy@@GLIBC_2.0
                0x0000000008048a60                setcontext@@GLIBC_2.0
                0x0000000008048a70                memcmp@@GLIBC_2.0
                0x0000000008048a80                __stack_chk_fail@@GLIBC_2.4
                0x0000000008048a90                strerror@@GLIBC_2.0
                0x0000000008048aa0                getopt_long@@GLIBC_2.0
                0x0000000008048ab0                strlen@@GLIBC_2.0
                0x0000000008048ac0                __libc_start_main@@GLIBC_2.0
                0x0000000008048ad0                write@@GLIBC_2.0
                0x0000000008048ae0                sigdelset@@GLIBC_2.0
                0x0000000008048af0                atol@@GLIBC_2.0
                0x0000000008048b00                getcontext@@GLIBC_2.1
                0x0000000008048b10                sigaddset@@GLIBC_2.0
                0x0000000008048b20                dlsym@@GLIBC_2.0
                0x0000000008048b30                sigfillset@@GLIBC_2.0
                0x0000000008048b40                memset@@GLIBC_2.0
                0x0000000008048b50                snprintf@@GLIBC_2.0
                0x0000000008048b60                swapcontext@@GLIBC_2.1
                0x0000000008048b70                __errno_location@@GLIBC_2.0
                0x0000000008048b80                strncpy@@GLIBC_2.0
                0x0000000008048b90                fileno@@GLIBC_2.0
                0x0000000008048ba0                makecontext@@GLIBC_2.1
                0x0000000008048bb0                strndup@@GLIBC_2.0
                0x0000000008048bc0                sigemptyset@@GLIBC_2.0
                0x0000000008048bd0                vsnprintf@@GLIBC_2.0
                0x0000000008048be0                sigaction@@GLIBC_2.0
                0x0000000008048bf0                sigaltstack@@GLIBC_2.0
 *(.iplt)
 .iplt          0x0000000008048c00        0x0 /usr/lib/gcc/x86_64-linux-gnu/5/../../../../lib32/crt1.o

.plt.got        0x0000000008048c00        0x8
 *(.plt.got)
 .plt.got       0x0000000008048c00        0x8 /usr/lib/gcc/x86_64-linux-gnu/5/../../../../lib32/crt1.o

.text           0x0000000008048c10     0x8e02
 *(.text.unlikely .text.*_unlikely .text.unlikely.*)
 *(.text.exit .text.exit.*)
 *(.text.startup .text.startup.*)
 .text.startup  0x0000000008048c10      0x350 /home/waqar/RIOT/examples/test/bin/native/cpu/startup.o
 *(.text.hot .text.hot.*)
 *(.text .stub .text.* .gnu.linkonce.t.*)
 .text          0x0000000008048f60       0x22 /usr/lib/gcc/x86_64-linux-gnu/5/../../../../lib32/crt1.o
                0x0000000008048f60                _start
 *fill*         0x0000000008048f82        0xe 
 .gnu.linkonce.t.__x86.get_pc_thunk.bx
                0x0000000008048f90        0x4 /usr/lib/gcc/x86_64-linux-gnu/5/../../../../lib32/crti.o
                0x0000000008048f90                __x86.get_pc_thunk.bx
 *fill*         0x0000000008048f94        0xc 
 .text          0x0000000008048fa0       0xbb /usr/lib/gcc/x86_64-linux-gnu/5/32/crtbegin.o
 .text._native_input
                0x000000000804905b       0x81 /home/waqar/RIOT/examples/test/bin/native/cpu/startup.o
                0x000000000804905b                _native_input
 .text._native_log_output
                0x00000000080490dc      0x135 /home/waqar/RIOT/examples/test/bin/native/cpu/startup.o
                0x00000000080490dc                _native_log_output
 .text.daemonize
                0x0000000008049211       0xd4 /home/waqar/RIOT/examples/test/bin/native/cpu/startup.o
                0x0000000008049211                daemonize
 .text.filter_daemonize_argv
                0x00000000080492e5       0xa0 /home/waqar/RIOT/examples/test/bin/native/cpu/startup.o
 .text.usage_exit
                0x0000000008049385       0xa6 /home/waqar/RIOT/examples/test/bin/native/cpu/startup.o
                0x0000000008049385                usage_exit
 .text.mutex_init
                0x000000000804942b       0x34 /home/waqar/RIOT/examples/test/bin/native/application_main.a(main.o)
 .text.mutex_lock
                0x000000000804945f       0x3b /home/waqar/RIOT/examples/test/bin/native/application_main.a(main.o)
 .text._xtimer_ticks_from_usec
                0x000000000804949a       0x2d /home/waqar/RIOT/examples/test/bin/native/application_main.a(main.o)
 .text._xtimer_tsleep32
                0x00000000080494c7       0x3b /home/waqar/RIOT/examples/test/bin/native/application_main.a(main.o)
 .text.xtimer_usleep
                0x0000000008049502       0x45 /home/waqar/RIOT/examples/test/bin/native/application_main.a(main.o)
 .text.AND_Inputs
                0x0000000008049547       0x5d /home/waqar/RIOT/examples/test/bin/native/application_main.a(main.o)
                0x0000000008049547                AND_Inputs
 .text.AND_Process
                0x00000000080495a4       0x5b /home/waqar/RIOT/examples/test/bin/native/application_main.a(main.o)
                0x00000000080495a4                AND_Process
 .text.AND_Output
                0x00000000080495ff       0x5f /home/waqar/RIOT/examples/test/bin/native/application_main.a(main.o)
                0x00000000080495ff                AND_Output
 .text.main     0x000000000804965e       0xb0 /home/waqar/RIOT/examples/test/bin/native/application_main.a(main.o)
                0x000000000804965e                main
 .text.board_init
                0x000000000804970e       0x3f /home/waqar/RIOT/examples/test/bin/native/board.a(board_init.o)
                0x000000000804970e                board_init
 .text.list_remove_head
                0x000000000804974d       0x45 /home/waqar/RIOT/examples/test/bin/native/core.a(mutex.o)
 .text._mutex_lock
                0x0000000008049792       0xde /home/waqar/RIOT/examples/test/bin/native/core.a(mutex.o)
                0x0000000008049792                _mutex_lock
 .text.mutex_unlock
                0x0000000008049870       0xe0 /home/waqar/RIOT/examples/test/bin/native/core.a(mutex.o)
                0x0000000008049870                mutex_unlock
 .text.bitarithm_lsb
                0x0000000008049950       0x47 /home/waqar/RIOT/examples/test/bin/native/core.a(sched.o)
 .text.clist_rpush
                0x0000000008049997       0x62 /home/waqar/RIOT/examples/test/bin/native/core.a(sched.o)
 .text.clist_lpop
                0x00000000080499f9       0x68 /home/waqar/RIOT/examples/test/bin/native/core.a(sched.o)
 .text.sched_run
                0x0000000008049a61       0xaa /home/waqar/RIOT/examples/test/bin/native/core.a(sched.o)
                0x0000000008049a61                sched_run
 .text.sched_set_status
                0x0000000008049b0b       0xfe /home/waqar/RIOT/examples/test/bin/native/core.a(sched.o)
                0x0000000008049b0b                sched_set_status
 .text.sched_switch
                0x0000000008049c09       0x7f /home/waqar/RIOT/examples/test/bin/native/core.a(sched.o)
                0x0000000008049c09                sched_switch
 .text.sched_task_exit
                0x0000000008049c88       0x58 /home/waqar/RIOT/examples/test/bin/native/core.a(sched.o)
                0x0000000008049c88                sched_task_exit
 .text.main_trampoline
                0x0000000008049ce0       0x49 /home/waqar/RIOT/examples/test/bin/native/core.a(kernel_init.o)
 .text.idle_thread
                0x0000000008049d29       0x1e /home/waqar/RIOT/examples/test/bin/native/core.a(kernel_init.o)
 .text.kernel_init
                0x0000000008049d47       0x67 /home/waqar/RIOT/examples/test/bin/native/core.a(kernel_init.o)
                0x0000000008049d47                kernel_init
 .text._assert_failure
                0x0000000008049dae       0x42 /home/waqar/RIOT/examples/test/bin/native/core.a(assert.o)
                0x0000000008049dae                _assert_failure
 .text.cib_init
                0x0000000008049df0       0x78 /home/waqar/RIOT/examples/test/bin/native/core.a(thread.o)
 .text.thread_add_to_list
                0x0000000008049e68       0xab /home/waqar/RIOT/examples/test/bin/native/core.a(thread.o)
                0x0000000008049e68                thread_add_to_list
 .text.thread_create
                0x0000000008049f13      0x263 /home/waqar/RIOT/examples/test/bin/native/core.a(thread.o)
                0x0000000008049f13                thread_create
 .text.panic_arch
                0x000000000804a176       0x25 /home/waqar/RIOT/examples/test/bin/native/core.a(panic.o)
                0x000000000804a176                panic_arch
 .text.core_panic
                0x000000000804a19b       0x7c /home/waqar/RIOT/examples/test/bin/native/core.a(panic.o)
                0x000000000804a19b                core_panic
 .text._native_syscall_enter
                0x000000000804a217       0x32 /home/waqar/RIOT/examples/test/bin/native/cpu.a(syscalls.o)
                0x000000000804a217                _native_syscall_enter
 .text._native_syscall_leave
                0x000000000804a249       0xef /home/waqar/RIOT/examples/test/bin/native/cpu.a(syscalls.o)
                0x000000000804a249                _native_syscall_leave
 .text.malloc   0x000000000804a338       0x94 /home/waqar/RIOT/examples/test/bin/native/cpu.a(syscalls.o)
                0x000000000804a338                malloc
 .text.free     0x000000000804a3cc       0x45 /home/waqar/RIOT/examples/test/bin/native/cpu.a(syscalls.o)
                0x000000000804a3cc                free
 .text.calloc   0x000000000804a411       0x9d /home/waqar/RIOT/examples/test/bin/native/cpu.a(syscalls.o)
                0x000000000804a411                calloc
 .text.realloc  0x000000000804a4ae       0x53 /home/waqar/RIOT/examples/test/bin/native/cpu.a(syscalls.o)
                0x000000000804a4ae                realloc
 .text._native_write
                0x000000000804a501       0x5c /home/waqar/RIOT/examples/test/bin/native/cpu.a(syscalls.o)
                0x000000000804a501                _native_write
 .text._native_writev
                0x000000000804a55d       0x5c /home/waqar/RIOT/examples/test/bin/native/cpu.a(syscalls.o)
                0x000000000804a55d                _native_writev
 .text.putchar  0x000000000804a5b9       0x42 /home/waqar/RIOT/examples/test/bin/native/cpu.a(syscalls.o)
                0x000000000804a5b9                putchar
 .text.puts     0x000000000804a5fb       0x5c /home/waqar/RIOT/examples/test/bin/native/cpu.a(syscalls.o)
                0x000000000804a5fb                puts
 .text.make_message
                0x000000000804a657       0xc9 /home/waqar/RIOT/examples/test/bin/native/cpu.a(syscalls.o)
                0x000000000804a657                make_message
 .text.printf   0x000000000804a720       0x4e /home/waqar/RIOT/examples/test/bin/native/cpu.a(syscalls.o)
                0x000000000804a720                printf
 .text.vprintf  0x000000000804a76e       0x47 /home/waqar/RIOT/examples/test/bin/native/cpu.a(syscalls.o)
                0x000000000804a76e                vprintf
 .text.fprintf  0x000000000804a7b5       0x51 /home/waqar/RIOT/examples/test/bin/native/cpu.a(syscalls.o)
                0x000000000804a7b5                fprintf
 .text.vfprintf
                0x000000000804a806       0xa5 /home/waqar/RIOT/examples/test/bin/native/cpu.a(syscalls.o)
                0x000000000804a806                vfprintf
 .text.vwarn    0x000000000804a8ab      0x130 /home/waqar/RIOT/examples/test/bin/native/cpu.a(syscalls.o)
                0x000000000804a8ab                vwarn
 .text.vwarnx   0x000000000804a9db       0xe7 /home/waqar/RIOT/examples/test/bin/native/cpu.a(syscalls.o)
                0x000000000804a9db                vwarnx
 .text.verr     0x000000000804aac2       0x41 /home/waqar/RIOT/examples/test/bin/native/cpu.a(syscalls.o)
                0x000000000804aac2                verr
 .text.verrx    0x000000000804ab03       0x41 /home/waqar/RIOT/examples/test/bin/native/cpu.a(syscalls.o)
                0x000000000804ab03                verrx
 .text.warn     0x000000000804ab44       0x43 /home/waqar/RIOT/examples/test/bin/native/cpu.a(syscalls.o)
                0x000000000804ab44                warn
 .text.warnx    0x000000000804ab87       0x43 /home/waqar/RIOT/examples/test/bin/native/cpu.a(syscalls.o)
                0x000000000804ab87                warnx
 .text.err      0x000000000804abca       0x35 /home/waqar/RIOT/examples/test/bin/native/cpu.a(syscalls.o)
                0x000000000804abca                err
 .text.errx     0x000000000804abff       0x35 /home/waqar/RIOT/examples/test/bin/native/cpu.a(syscalls.o)
                0x000000000804abff                errx
 .text.getpid   0x000000000804ac34       0x39 /home/waqar/RIOT/examples/test/bin/native/cpu.a(syscalls.o)
                0x000000000804ac34                getpid
 .text._native_init_syscalls
                0x000000000804ac6d      0x50b /home/waqar/RIOT/examples/test/bin/native/cpu.a(syscalls.o)
                0x000000000804ac6d                _native_init_syscalls
 .text.irq_disable
                0x000000000804b178       0x70 /home/waqar/RIOT/examples/test/bin/native/cpu.a(irq_cpu.o)
                0x000000000804b178                irq_disable
 .text.irq_enable
                0x000000000804b1e8       0x8b /home/waqar/RIOT/examples/test/bin/native/cpu.a(irq_cpu.o)
                0x000000000804b1e8                irq_enable
 .text.irq_restore
                0x000000000804b273       0x3d /home/waqar/RIOT/examples/test/bin/native/cpu.a(irq_cpu.o)
                0x000000000804b273                irq_restore
 .text.irq_is_in
                0x000000000804b2b0       0x29 /home/waqar/RIOT/examples/test/bin/native/cpu.a(irq_cpu.o)
                0x000000000804b2b0                irq_is_in
 .text._native_popsig
                0x000000000804b2d9       0x8c /home/waqar/RIOT/examples/test/bin/native/cpu.a(irq_cpu.o)
                0x000000000804b2d9                _native_popsig
 .text.native_irq_handler
                0x000000000804b365       0x7c /home/waqar/RIOT/examples/test/bin/native/cpu.a(irq_cpu.o)
                0x000000000804b365                native_irq_handler
 .text.isr_set_sigmask
                0x000000000804b3e1       0x56 /home/waqar/RIOT/examples/test/bin/native/cpu.a(irq_cpu.o)
                0x000000000804b3e1                isr_set_sigmask
 .text.native_isr_entry
                0x000000000804b437      0x155 /home/waqar/RIOT/examples/test/bin/native/cpu.a(irq_cpu.o)
                0x000000000804b437                native_isr_entry
 .text.set_signal_handler
                0x000000000804b58c      0x149 /home/waqar/RIOT/examples/test/bin/native/cpu.a(irq_cpu.o)
                0x000000000804b58c                set_signal_handler
 .text.register_interrupt
                0x000000000804b6d5       0x68 /home/waqar/RIOT/examples/test/bin/native/cpu.a(irq_cpu.o)
                0x000000000804b6d5                register_interrupt
 .text.native_shutdown
                0x000000000804b73d       0x3c /home/waqar/RIOT/examples/test/bin/native/cpu.a(irq_cpu.o)
 .text.native_interrupt_init
                0x000000000804b779      0x2be /home/waqar/RIOT/examples/test/bin/native/cpu.a(irq_cpu.o)
                0x000000000804b779                native_interrupt_init
 .text._native_mod_ctx_leave_sigh
                0x000000000804ba37       0x41 /home/waqar/RIOT/examples/test/bin/native/cpu.a(native_cpu.o)
 .text.thread_stack_init
                0x000000000804ba78       0xe2 /home/waqar/RIOT/examples/test/bin/native/cpu.a(native_cpu.o)
                0x000000000804ba78                thread_stack_init
 .text.isr_cpu_switch_context_exit
                0x000000000804bb5a       0x7c /home/waqar/RIOT/examples/test/bin/native/cpu.a(native_cpu.o)
                0x000000000804bb5a                isr_cpu_switch_context_exit
 .text.cpu_switch_context_exit
                0x000000000804bbd6       0xa5 /home/waqar/RIOT/examples/test/bin/native/cpu.a(native_cpu.o)
                0x000000000804bbd6                cpu_switch_context_exit
 .text.isr_thread_yield
                0x000000000804bc7b       0x7c /home/waqar/RIOT/examples/test/bin/native/cpu.a(native_cpu.o)
                0x000000000804bc7b                isr_thread_yield
 .text.thread_yield_higher
                0x000000000804bcf7       0xd1 /home/waqar/RIOT/examples/test/bin/native/cpu.a(native_cpu.o)
                0x000000000804bcf7                thread_yield_higher
 .text.native_cpu_init
                0x000000000804bdc8       0x7e /home/waqar/RIOT/examples/test/bin/native/cpu.a(native_cpu.o)
                0x000000000804bdc8                native_cpu_init
 .text          0x000000000804be46       0x3f /home/waqar/RIOT/examples/test/bin/native/cpu.a(tramp.o)
                0x000000000804be46                _native_sig_leave_tramp
                0x000000000804be74                _native_sig_leave_handler
 .text._native_LED_GREEN_ON
                0x000000000804be85       0x35 /home/waqar/RIOT/examples/test/bin/native/native-drivers.a(native-led.o)
                0x000000000804be85                _native_LED_GREEN_ON
 .text._native_LED_RED_OFF
                0x000000000804beba       0x35 /home/waqar/RIOT/examples/test/bin/native/native-drivers.a(native-led.o)
                0x000000000804beba                _native_LED_RED_OFF
 .text.tty_uart_setup
                0x000000000804beef       0x50 /home/waqar/RIOT/examples/test/bin/native/periph.a(uart.o)
                0x000000000804beef                tty_uart_setup
 .text.pm_set_lowest
                0x000000000804bf3f       0x61 /home/waqar/RIOT/examples/test/bin/native/periph.a(pm.o)
                0x000000000804bf3f                pm_set_lowest
 .text.pm_off   0x000000000804bfa0       0x2d /home/waqar/RIOT/examples/test/bin/native/periph.a(pm.o)
                0x000000000804bfa0                pm_off
 .text._xtimer_lltimer_now
                0x000000000804bfcd       0x31 /home/waqar/RIOT/examples/test/bin/native/xtimer.a(xtimer_core.o)
 .text._xtimer_lltimer_mask
                0x000000000804bffe       0x2d /home/waqar/RIOT/examples/test/bin/native/xtimer.a(xtimer_core.o)
 .text._xtimer_now
                0x000000000804c02b       0x29 /home/waqar/RIOT/examples/test/bin/native/xtimer.a(xtimer_core.o)
 .text._xtimer_spin
                0x000000000804c054       0x41 /home/waqar/RIOT/examples/test/bin/native/xtimer.a(xtimer_core.o)
 .text._is_set  0x000000000804c095       0x4a /home/waqar/RIOT/examples/test/bin/native/xtimer.a(xtimer_core.o)
 .text.xtimer_spin_until
                0x000000000804c0df       0x41 /home/waqar/RIOT/examples/test/bin/native/xtimer.a(xtimer_core.o)
 .text.xtimer_init
                0x000000000804c120       0x48 /home/waqar/RIOT/examples/test/bin/native/xtimer.a(xtimer_core.o)
                0x000000000804c120                xtimer_init
 .text._xtimer_now_internal
                0x000000000804c168       0x61 /home/waqar/RIOT/examples/test/bin/native/xtimer.a(xtimer_core.o)
 .text._xtimer_set64
                0x000000000804c1c9       0xf2 /home/waqar/RIOT/examples/test/bin/native/xtimer.a(xtimer_core.o)
                0x000000000804c1c9                _xtimer_set64
 .text._xtimer_set
                0x000000000804c2bb       0x92 /home/waqar/RIOT/examples/test/bin/native/xtimer.a(xtimer_core.o)
                0x000000000804c2bb                _xtimer_set
 .text._periph_timer_callback
                0x000000000804c34d       0x36 /home/waqar/RIOT/examples/test/bin/native/xtimer.a(xtimer_core.o)
 .text._shoot   0x000000000804c383       0x40 /home/waqar/RIOT/examples/test/bin/native/xtimer.a(xtimer_core.o)
 .text._lltimer_set
                0x000000000804c3c3       0x54 /home/waqar/RIOT/examples/test/bin/native/xtimer.a(xtimer_core.o)
 .text._xtimer_set_absolute
                0x000000000804c417      0x17b /home/waqar/RIOT/examples/test/bin/native/xtimer.a(xtimer_core.o)
                0x000000000804c417                _xtimer_set_absolute
 .text._add_timer_to_list
                0x000000000804c592       0x68 /home/waqar/RIOT/examples/test/bin/native/xtimer.a(xtimer_core.o)
 .text._add_timer_to_long_list
                0x000000000804c5fa       0x8c /home/waqar/RIOT/examples/test/bin/native/xtimer.a(xtimer_core.o)
 .text._remove_timer_from_list
                0x000000000804c686       0x63 /home/waqar/RIOT/examples/test/bin/native/xtimer.a(xtimer_core.o)
 .text._remove  0x000000000804c6e9       0xb9 /home/waqar/RIOT/examples/test/bin/native/xtimer.a(xtimer_core.o)
 .text.xtimer_remove
                0x000000000804c7a2       0x62 /home/waqar/RIOT/examples/test/bin/native/xtimer.a(xtimer_core.o)
                0x000000000804c7a2                xtimer_remove
 .text._time_left
                0x000000000804c804       0x5c /home/waqar/RIOT/examples/test/bin/native/xtimer.a(xtimer_core.o)
 .text._this_high_period
                0x000000000804c860       0x2f /home/waqar/RIOT/examples/test/bin/native/xtimer.a(xtimer_core.o)
 .text._compare
                0x000000000804c88f       0x65 /home/waqar/RIOT/examples/test/bin/native/xtimer.a(xtimer_core.o)
 .text._merge_lists
                0x000000000804c8f4       0x9f /home/waqar/RIOT/examples/test/bin/native/xtimer.a(xtimer_core.o)
 .text._select_long_timers
                0x000000000804c993       0xc3 /home/waqar/RIOT/examples/test/bin/native/xtimer.a(xtimer_core.o)
 .text._next_period
                0x000000000804ca56       0x4b /home/waqar/RIOT/examples/test/bin/native/xtimer.a(xtimer_core.o)
 .text._timer_callback
                0x000000000804caa1      0x1c4 /home/waqar/RIOT/examples/test/bin/native/xtimer.a(xtimer_core.o)
 .text.mutex_lock
                0x000000000804cc65       0x3b /home/waqar/RIOT/examples/test/bin/native/xtimer.a(xtimer.o)
 .text._xtimer_lltimer_now
                0x000000000804cca0       0x31 /home/waqar/RIOT/examples/test/bin/native/xtimer.a(xtimer.o)
 .text._xtimer_spin
                0x000000000804ccd1       0x41 /home/waqar/RIOT/examples/test/bin/native/xtimer.a(xtimer.o)
 .text._callback_unlock_mutex
                0x000000000804cd12       0x3f /home/waqar/RIOT/examples/test/bin/native/xtimer.a(xtimer.o)
 .text._xtimer_tsleep
                0x000000000804cd51       0xb2 /home/waqar/RIOT/examples/test/bin/native/xtimer.a(xtimer.o)
                0x000000000804cd51                _xtimer_tsleep
 .text.periph_init
                0x000000000804ce03       0x2a /home/waqar/RIOT/examples/test/bin/native/periph_common.a(init.o)
                0x000000000804ce03                periph_init
 .text.auto_init
                0x000000000804ce2d       0x39 /home/waqar/RIOT/examples/test/bin/native/auto_init.a(auto_init.o)
                0x000000000804ce2d                auto_init
 .text.auto_init_netdev_tap
                0x000000000804ce66       0x9e /home/waqar/RIOT/examples/test/bin/native/auto_init_gnrc_netif.a(auto_init_netdev_tap.o)
                0x000000000804ce66                auto_init_netdev_tap
 .text.pid_is_valid
                0x000000000804cf04       0x45 /home/waqar/RIOT/examples/test/bin/native/core.a(msg.o)
 .text.list_remove_head
                0x000000000804cf49       0x45 /home/waqar/RIOT/examples/test/bin/native/core.a(msg.o)
 .text.cib_init
                0x000000000804cf8e       0x78 /home/waqar/RIOT/examples/test/bin/native/core.a(msg.o)
 .text.cib_avail
                0x000000000804d006       0x39 /home/waqar/RIOT/examples/test/bin/native/core.a(msg.o)
 .text.cib_get  0x000000000804d03f       0x58 /home/waqar/RIOT/examples/test/bin/native/core.a(msg.o)
 .text.cib_put  0x000000000804d097       0x68 /home/waqar/RIOT/examples/test/bin/native/core.a(msg.o)
 .text.queue_msg
                0x000000000804d0ff       0x78 /home/waqar/RIOT/examples/test/bin/native/core.a(msg.o)
 .text.msg_send
                0x000000000804d177       0x86 /home/waqar/RIOT/examples/test/bin/native/core.a(msg.o)
                0x000000000804d177                msg_send
 .text.msg_try_send
                0x000000000804d1fd       0x86 /home/waqar/RIOT/examples/test/bin/native/core.a(msg.o)
                0x000000000804d1fd                msg_try_send
 .text._msg_send
                0x000000000804d283      0x19e /home/waqar/RIOT/examples/test/bin/native/core.a(msg.o)
 .text.msg_send_to_self
                0x000000000804d421       0x67 /home/waqar/RIOT/examples/test/bin/native/core.a(msg.o)
                0x000000000804d421                msg_send_to_self
 .text.msg_send_int
                0x000000000804d488       0xba /home/waqar/RIOT/examples/test/bin/native/core.a(msg.o)
                0x000000000804d488                msg_send_int
 .text.msg_reply
                0x000000000804d542       0xdb /home/waqar/RIOT/examples/test/bin/native/core.a(msg.o)
                0x000000000804d542                msg_reply
 .text.msg_receive
                0x000000000804d61d       0x3a /home/waqar/RIOT/examples/test/bin/native/core.a(msg.o)
                0x000000000804d61d                msg_receive
 .text._msg_receive
                0x000000000804d657      0x1dd /home/waqar/RIOT/examples/test/bin/native/core.a(msg.o)
 .text.msg_init_queue
                0x000000000804d834       0x58 /home/waqar/RIOT/examples/test/bin/native/core.a(msg.o)
                0x000000000804d834                msg_init_queue
 .text._async_io_isr
                0x000000000804d88c      0x1e9 /home/waqar/RIOT/examples/test/bin/native/cpu.a(async_read.o)
 .text.native_async_read_setup
                0x000000000804da75       0x37 /home/waqar/RIOT/examples/test/bin/native/cpu.a(async_read.o)
                0x000000000804da75                native_async_read_setup
 .text.native_async_read_continue
                0x000000000804daac       0x2b /home/waqar/RIOT/examples/test/bin/native/cpu.a(async_read.o)
                0x000000000804daac                native_async_read_continue
 .text.native_async_read_add_handler
                0x000000000804dad7       0xe2 /home/waqar/RIOT/examples/test/bin/native/cpu.a(async_read.o)
                0x000000000804dad7                native_async_read_add_handler
 .text.byteorder_swaps
                0x000000000804dbb9       0x33 /home/waqar/RIOT/examples/test/bin/native/gnrc_netif.a(gnrc_netif_ethernet.o)
 .text.byteorder_htons
                0x000000000804dbec       0x54 /home/waqar/RIOT/examples/test/bin/native/gnrc_netif.a(gnrc_netif_ethernet.o)
 .text.byteorder_ntohs
                0x000000000804dc40       0x3f /home/waqar/RIOT/examples/test/bin/native/gnrc_netif.a(gnrc_netif_ethernet.o)
 .text.thread_getpid
                0x000000000804dc7f       0x2b /home/waqar/RIOT/examples/test/bin/native/gnrc_netif.a(gnrc_netif_ethernet.o)
 .text.gnrc_nettype_from_ethertype
                0x000000000804dcaa       0x30 /home/waqar/RIOT/examples/test/bin/native/gnrc_netif.a(gnrc_netif_ethernet.o)
 .text.gnrc_nettype_to_ethertype
                0x000000000804dcda       0x2f /home/waqar/RIOT/examples/test/bin/native/gnrc_netif.a(gnrc_netif_ethernet.o)
 .text.gnrc_pktbuf_release
                0x000000000804dd09       0x3b /home/waqar/RIOT/examples/test/bin/native/gnrc_netif.a(gnrc_netif_ethernet.o)
 .text.gnrc_netif_hdr_init
                0x000000000804dd44       0x6a /home/waqar/RIOT/examples/test/bin/native/gnrc_netif.a(gnrc_netif_ethernet.o)
 .text.gnrc_netif_hdr_get_src_addr
                0x000000000804ddae       0x30 /home/waqar/RIOT/examples/test/bin/native/gnrc_netif.a(gnrc_netif_ethernet.o)
 .text.gnrc_netif_hdr_set_src_addr
                0x000000000804ddde       0x5e /home/waqar/RIOT/examples/test/bin/native/gnrc_netif.a(gnrc_netif_ethernet.o)
 .text.gnrc_netif_hdr_get_dst_addr
                0x000000000804de3c       0x3b /home/waqar/RIOT/examples/test/bin/native/gnrc_netif.a(gnrc_netif_ethernet.o)
 .text.gnrc_netif_hdr_set_dst_addr
                0x000000000804de77       0x6a /home/waqar/RIOT/examples/test/bin/native/gnrc_netif.a(gnrc_netif_ethernet.o)
 .text.gnrc_netif_ethernet_create
                0x000000000804dee1       0x63 /home/waqar/RIOT/examples/test/bin/native/gnrc_netif.a(gnrc_netif_ethernet.o)
                0x000000000804dee1                gnrc_netif_ethernet_create
 .text._addr_set_broadcast
                0x000000000804df44       0x40 /home/waqar/RIOT/examples/test/bin/native/gnrc_netif.a(gnrc_netif_ethernet.o)
 .text._addr_set_multicast
                0x000000000804df84       0x40 /home/waqar/RIOT/examples/test/bin/native/gnrc_netif.a(gnrc_netif_ethernet.o)
 .text._send    0x000000000804dfc4      0x1d0 /home/waqar/RIOT/examples/test/bin/native/gnrc_netif.a(gnrc_netif_ethernet.o)
 .text._recv    0x000000000804e194      0x210 /home/waqar/RIOT/examples/test/bin/native/gnrc_netif.a(gnrc_netif_ethernet.o)
 .text.gnrc_netapi_dispatch_receive
                0x000000000804e3a4       0x4c /home/waqar/RIOT/examples/test/bin/native/gnrc_netif.a(gnrc_netif.o)
 .text.rmutex_init
                0x000000000804e3f0       0x4c /home/waqar/RIOT/examples/test/bin/native/gnrc_netif.a(gnrc_netif.o)
 .text.gnrc_pktbuf_release
                0x000000000804e43c       0x3b /home/waqar/RIOT/examples/test/bin/native/gnrc_netif.a(gnrc_netif.o)
 .text.gnrc_netif_create
                0x000000000804e477      0x139 /home/waqar/RIOT/examples/test/bin/native/gnrc_netif.a(gnrc_netif.o)
                0x000000000804e477                gnrc_netif_create
 .text.gnrc_netif_get_from_netdev
                0x000000000804e5b0       0xdc /home/waqar/RIOT/examples/test/bin/native/gnrc_netif.a(gnrc_netif.o)
                0x000000000804e5b0                gnrc_netif_get_from_netdev
 .text.gnrc_netif_set_from_netdev
                0x000000000804e68c       0xfb /home/waqar/RIOT/examples/test/bin/native/gnrc_netif.a(gnrc_netif.o)
                0x000000000804e68c                gnrc_netif_set_from_netdev
 .text._half_byte_to_char
                0x000000000804e787       0x40 /home/waqar/RIOT/examples/test/bin/native/gnrc_netif.a(gnrc_netif.o)
 .text.gnrc_netif_addr_to_str
                0x000000000804e7c7       0xf0 /home/waqar/RIOT/examples/test/bin/native/gnrc_netif.a(gnrc_netif.o)
                0x000000000804e7c7                gnrc_netif_addr_to_str
 .text.gnrc_netif_acquire
                0x000000000804e8b7       0x4c /home/waqar/RIOT/examples/test/bin/native/gnrc_netif.a(gnrc_netif.o)
                0x000000000804e8b7                gnrc_netif_acquire
 .text.gnrc_netif_release
                0x000000000804e903       0x4c /home/waqar/RIOT/examples/test/bin/native/gnrc_netif.a(gnrc_netif.o)
                0x000000000804e903                gnrc_netif_release
 .text._update_l2addr_from_dev
                0x000000000804e94f       0x83 /home/waqar/RIOT/examples/test/bin/native/gnrc_netif.a(gnrc_netif.o)
 .text._init_from_device
                0x000000000804e9d2       0x93 /home/waqar/RIOT/examples/test/bin/native/gnrc_netif.a(gnrc_netif.o)
 .text._gnrc_netif_thread
                0x000000000804ea65      0x1e6 /home/waqar/RIOT/examples/test/bin/native/gnrc_netif.a(gnrc_netif.o)
 .text._pass_on_packet
                0x000000000804ec4b       0x57 /home/waqar/RIOT/examples/test/bin/native/gnrc_netif.a(gnrc_netif.o)
 .text._event_cb
                0x000000000804eca2       0xbd /home/waqar/RIOT/examples/test/bin/native/gnrc_netif.a(gnrc_netif.o)
 .text.gnrc_pktbuf_release
                0x000000000804ed5f       0x3b /home/waqar/RIOT/examples/test/bin/native/gnrc_pktbuf.a(gnrc_pktbuf.o)
 .text.gnrc_pktbuf_remove_snip
                0x000000000804ed9a       0x92 /home/waqar/RIOT/examples/test/bin/native/gnrc_pktbuf.a(gnrc_pktbuf.o)
                0x000000000804ed9a                gnrc_pktbuf_remove_snip
 .text.mutex_lock
                0x000000000804ee2c       0x3b /home/waqar/RIOT/examples/test/bin/native/gnrc_pktbuf_static.a(gnrc_pktbuf_static.o)
 .text._pktbuf_contains
                0x000000000804ee67       0x3c /home/waqar/RIOT/examples/test/bin/native/gnrc_pktbuf_static.a(gnrc_pktbuf_static.o)
 .text._align   0x000000000804eea3       0x33 /home/waqar/RIOT/examples/test/bin/native/gnrc_pktbuf_static.a(gnrc_pktbuf_static.o)
 .text._set_pktsnip
                0x000000000804eed6       0x70 /home/waqar/RIOT/examples/test/bin/native/gnrc_pktbuf_static.a(gnrc_pktbuf_static.o)
 .text.gnrc_pktbuf_init
                0x000000000804ef46       0x66 /home/waqar/RIOT/examples/test/bin/native/gnrc_pktbuf_static.a(gnrc_pktbuf_static.o)
                0x000000000804ef46                gnrc_pktbuf_init
 .text.gnrc_pktbuf_add
                0x000000000804efac       0x86 /home/waqar/RIOT/examples/test/bin/native/gnrc_pktbuf_static.a(gnrc_pktbuf_static.o)
                0x000000000804efac                gnrc_pktbuf_add
 .text.gnrc_pktbuf_mark
                0x000000000804f032      0x278 /home/waqar/RIOT/examples/test/bin/native/gnrc_pktbuf_static.a(gnrc_pktbuf_static.o)
                0x000000000804f032                gnrc_pktbuf_mark
 .text.gnrc_pktbuf_realloc_data
                0x000000000804f2aa      0x224 /home/waqar/RIOT/examples/test/bin/native/gnrc_pktbuf_static.a(gnrc_pktbuf_static.o)
                0x000000000804f2aa                gnrc_pktbuf_realloc_data
 .text.gnrc_pktbuf_hold
                0x000000000804f4ce       0x72 /home/waqar/RIOT/examples/test/bin/native/gnrc_pktbuf_static.a(gnrc_pktbuf_static.o)
                0x000000000804f4ce                gnrc_pktbuf_hold
 .text._release_error_locked
                0x000000000804f540       0xe0 /home/waqar/RIOT/examples/test/bin/native/gnrc_pktbuf_static.a(gnrc_pktbuf_static.o)
 .text.gnrc_pktbuf_release_error
                0x000000000804f620       0x62 /home/waqar/RIOT/examples/test/bin/native/gnrc_pktbuf_static.a(gnrc_pktbuf_static.o)
                0x000000000804f620                gnrc_pktbuf_release_error
 .text._create_snip
                0x000000000804f682       0xcb /home/waqar/RIOT/examples/test/bin/native/gnrc_pktbuf_static.a(gnrc_pktbuf_static.o)
 .text._pktbuf_alloc
                0x000000000804f74d      0x151 /home/waqar/RIOT/examples/test/bin/native/gnrc_pktbuf_static.a(gnrc_pktbuf_static.o)
 .text._too_small_hole
                0x000000000804f89e       0x48 /home/waqar/RIOT/examples/test/bin/native/gnrc_pktbuf_static.a(gnrc_pktbuf_static.o)
 .text._merge   0x000000000804f8e6       0x6d /home/waqar/RIOT/examples/test/bin/native/gnrc_pktbuf_static.a(gnrc_pktbuf_static.o)
 .text._pktbuf_free
                0x000000000804f953      0x16b /home/waqar/RIOT/examples/test/bin/native/gnrc_pktbuf_static.a(gnrc_pktbuf_static.o)
 .text.gnrc_pktbuf_release
                0x000000000804fabe       0x3b /home/waqar/RIOT/examples/test/bin/native/gnrc_pktdump.a(gnrc_pktdump.o)
 .text._dump_snip
                0x000000000804faf9       0xcc /home/waqar/RIOT/examples/test/bin/native/gnrc_pktdump.a(gnrc_pktdump.o)
 .text._dump    0x000000000804fbc5       0xad /home/waqar/RIOT/examples/test/bin/native/gnrc_pktdump.a(gnrc_pktdump.o)
 .text._eventloop
                0x000000000804fc72       0xd8 /home/waqar/RIOT/examples/test/bin/native/gnrc_pktdump.a(gnrc_pktdump.o)
 .text.gnrc_pktdump_init
                0x000000000804fd4a       0x62 /home/waqar/RIOT/examples/test/bin/native/gnrc_pktdump.a(gnrc_pktdump.o)
                0x000000000804fd4a                gnrc_pktdump_init
 .text._get_mac_addr
                0x000000000804fdac       0x4e /home/waqar/RIOT/examples/test/bin/native/netdev_tap.a(netdev_tap.o)
 .text._set_mac_addr
                0x000000000804fdfa       0x4e /home/waqar/RIOT/examples/test/bin/native/netdev_tap.a(netdev_tap.o)
 .text._get_promiscous
                0x000000000804fe48       0x3a /home/waqar/RIOT/examples/test/bin/native/netdev_tap.a(netdev_tap.o)
 .text._set_promiscous
                0x000000000804fe82       0x44 /home/waqar/RIOT/examples/test/bin/native/netdev_tap.a(netdev_tap.o)
 .text._isr     0x000000000804fec6       0x5a /home/waqar/RIOT/examples/test/bin/native/netdev_tap.a(netdev_tap.o)
 .text._get     0x000000000804ff20       0xb7 /home/waqar/RIOT/examples/test/bin/native/netdev_tap.a(netdev_tap.o)
 .text._set     0x000000000804ffd7       0xc0 /home/waqar/RIOT/examples/test/bin/native/netdev_tap.a(netdev_tap.o)
 .text._is_addr_broadcast
                0x0000000008050097       0x84 /home/waqar/RIOT/examples/test/bin/native/netdev_tap.a(netdev_tap.o)
 .text._is_addr_multicast
                0x000000000805011b       0x3b /home/waqar/RIOT/examples/test/bin/native/netdev_tap.a(netdev_tap.o)
 .text._continue_reading
                0x0000000008050156      0x158 /home/waqar/RIOT/examples/test/bin/native/netdev_tap.a(netdev_tap.o)
 .text._recv    0x00000000080502ae      0x177 /home/waqar/RIOT/examples/test/bin/native/netdev_tap.a(netdev_tap.o)
 .text._send    0x0000000008050425       0xdd /home/waqar/RIOT/examples/test/bin/native/netdev_tap.a(netdev_tap.o)
 .text.netdev_tap_setup
                0x0000000008050502       0x56 /home/waqar/RIOT/examples/test/bin/native/netdev_tap.a(netdev_tap.o)
                0x0000000008050502                netdev_tap_setup
 .text._tap_isr
                0x0000000008050558       0x66 /home/waqar/RIOT/examples/test/bin/native/netdev_tap.a(netdev_tap.o)
 .text._init    0x00000000080505be      0x208 /home/waqar/RIOT/examples/test/bin/native/netdev_tap.a(netdev_tap.o)
 .text.od_hex_dump
                0x00000000080507c6       0xe0 /home/waqar/RIOT/examples/test/bin/native/od.a(od.o)
                0x00000000080507c6                od_hex_dump
 .text.rtc_init
                0x00000000080508a6       0x6c /home/waqar/RIOT/examples/test/bin/native/periph.a(rtc.o)
                0x00000000080508a6                rtc_init
 .text.rtc_poweron
                0x0000000008050912       0x49 /home/waqar/RIOT/examples/test/bin/native/periph.a(rtc.o)
                0x0000000008050912                rtc_poweron
 .text.ts2ticks
                0x000000000805095b       0x57 /home/waqar/RIOT/examples/test/bin/native/periph.a(timer.o)
 .text.native_isr_timer
                0x00000000080509b2       0x3b /home/waqar/RIOT/examples/test/bin/native/periph.a(timer.o)
                0x00000000080509b2                native_isr_timer
 .text.timer_init
                0x00000000080509ed       0x9c /home/waqar/RIOT/examples/test/bin/native/periph.a(timer.o)
                0x00000000080509ed                timer_init
 .text.do_timer_set
                0x0000000008050a89       0xbd /home/waqar/RIOT/examples/test/bin/native/periph.a(timer.o)
 .text.timer_set
                0x0000000008050b46       0x63 /home/waqar/RIOT/examples/test/bin/native/periph.a(timer.o)
                0x0000000008050b46                timer_set
 .text.timer_set_absolute
                0x0000000008050ba9       0x5f /home/waqar/RIOT/examples/test/bin/native/periph.a(timer.o)
                0x0000000008050ba9                timer_set_absolute
 .text.timer_read
                0x0000000008050c08       0x82 /home/waqar/RIOT/examples/test/bin/native/periph.a(timer.o)
                0x0000000008050c08                timer_read
 .text.mutex_trylock
                0x0000000008050c8a       0x3a /home/waqar/RIOT/examples/test/bin/native/core.a(rmutex.o)
 .text.mutex_lock
                0x0000000008050cc4       0x3b /home/waqar/RIOT/examples/test/bin/native/core.a(rmutex.o)
 .text.thread_getpid
                0x0000000008050cff       0x2b /home/waqar/RIOT/examples/test/bin/native/core.a(rmutex.o)
 .text._lock    0x0000000008050d2a       0xba /home/waqar/RIOT/examples/test/bin/native/core.a(rmutex.o)
 .text.rmutex_lock
                0x0000000008050de4       0x3b /home/waqar/RIOT/examples/test/bin/native/core.a(rmutex.o)
                0x0000000008050de4                rmutex_lock
 .text.rmutex_unlock
                0x0000000008050e1f       0xc8 /home/waqar/RIOT/examples/test/bin/native/core.a(rmutex.o)
                0x0000000008050e1f                rmutex_unlock
 .text.fmt_byte_hex
                0x0000000008050ee7       0x6a /home/waqar/RIOT/examples/test/bin/native/fmt.a(fmt.o)
                0x0000000008050ee7                fmt_byte_hex
 .text.fmt_strlen
                0x0000000008050f51       0x4a /home/waqar/RIOT/examples/test/bin/native/fmt.a(fmt.o)
                0x0000000008050f51                fmt_strlen
 .text.fmt_bytes_hex_reverse
                0x0000000008050f9b       0x70 /home/waqar/RIOT/examples/test/bin/native/fmt.a(fmt.o)
                0x0000000008050f9b                fmt_bytes_hex_reverse
 .text.fmt_u32_hex
                0x000000000805100b       0x44 /home/waqar/RIOT/examples/test/bin/native/fmt.a(fmt.o)
                0x000000000805100b                fmt_u32_hex
 .text.print    0x000000000805104f       0x64 /home/waqar/RIOT/examples/test/bin/native/fmt.a(fmt.o)
                0x000000000805104f                print
 .text.print_byte_hex
                0x00000000080510b3       0x50 /home/waqar/RIOT/examples/test/bin/native/fmt.a(fmt.o)
                0x00000000080510b3                print_byte_hex
 .text.print_u32_hex
                0x0000000008051103       0x4e /home/waqar/RIOT/examples/test/bin/native/fmt.a(fmt.o)
                0x0000000008051103                print_u32_hex
 .text.print_str
                0x0000000008051151       0x48 /home/waqar/RIOT/examples/test/bin/native/fmt.a(fmt.o)
                0x0000000008051151                print_str
 .text.gnrc_pktbuf_release
                0x0000000008051199       0x3b /home/waqar/RIOT/examples/test/bin/native/gnrc_netapi.a(gnrc_netapi.o)
 .text._snd_rcv
                0x00000000080511d4       0x60 /home/waqar/RIOT/examples/test/bin/native/gnrc_netapi.a(gnrc_netapi.o)
 .text.gnrc_netapi_dispatch
                0x0000000008051234       0xca /home/waqar/RIOT/examples/test/bin/native/gnrc_netapi.a(gnrc_netapi.o)
                0x0000000008051234                gnrc_netapi_dispatch
 .text.gnrc_netif_hdr_get_src_addr
                0x00000000080512fe       0x30 /home/waqar/RIOT/examples/test/bin/native/gnrc_netif_hdr.a(gnrc_netif_hdr_print.o)
 .text.gnrc_netif_hdr_get_dst_addr
                0x000000000805132e       0x3b /home/waqar/RIOT/examples/test/bin/native/gnrc_netif_hdr.a(gnrc_netif_hdr_print.o)
 .text.gnrc_netif_hdr_print
                0x0000000008051369      0x1a5 /home/waqar/RIOT/examples/test/bin/native/gnrc_netif_hdr.a(gnrc_netif_hdr_print.o)
                0x0000000008051369                gnrc_netif_hdr_print
 .text._netreg_lookup
                0x000000000805150e       0x90 /home/waqar/RIOT/examples/test/bin/native/gnrc_netreg.a(gnrc_netreg.o)
 .text.gnrc_netreg_lookup
                0x000000000805159e       0x43 /home/waqar/RIOT/examples/test/bin/native/gnrc_netreg.a(gnrc_netreg.o)
                0x000000000805159e                gnrc_netreg_lookup
 .text.gnrc_netreg_num
                0x00000000080515e1       0x64 /home/waqar/RIOT/examples/test/bin/native/gnrc_netreg.a(gnrc_netreg.o)
                0x00000000080515e1                gnrc_netreg_num
 .text.gnrc_netreg_getnext
                0x0000000008051645       0x4e /home/waqar/RIOT/examples/test/bin/native/gnrc_netreg.a(gnrc_netreg.o)
                0x0000000008051645                gnrc_netreg_getnext
 .text.iolist_count
                0x0000000008051693       0x48 /home/waqar/RIOT/examples/test/bin/native/iolist.a(iolist.o)
                0x0000000008051693                iolist_count
 .text.iolist_to_iovec
                0x00000000080516db       0x87 /home/waqar/RIOT/examples/test/bin/native/iolist.a(iolist.o)
                0x00000000080516db                iolist_to_iovec
 .text.ethernet_get_iid
                0x0000000008051762       0x90 /home/waqar/RIOT/examples/test/bin/native/netdev_eth.a(netdev_eth.o)
 .text._get_iid
                0x00000000080517f2       0x72 /home/waqar/RIOT/examples/test/bin/native/netdev_eth.a(netdev_eth.o)
 .text.netdev_eth_get
                0x0000000008051864       0xf4 /home/waqar/RIOT/examples/test/bin/native/netdev_eth.a(netdev_eth.o)
                0x0000000008051864                netdev_eth_get
 .text.netdev_eth_set